stm32f4xx_ll_dma.h:495:22:LL_DMA_EnableStream	16	static
stm32f4xx_ll_dma.h:969:22:LL_DMA_SetDataLength	24	static
stm32f4xx_ll_dma.h:1437:22:LL_DMA_SetMemoryAddress	24	static
stm32f4xx_ll_dma.h:1460:22:LL_DMA_SetPeriphAddress	24	static
stm32f4xx_ll_usart.h:2025:22:LL_USART_EnableIT_IDLE	40	static,ignoring_inline_asm
stm32f4xx_ll_usart.h:2317:22:LL_USART_EnableDMAReq_RX	40	static,ignoring_inline_asm
main.c:184:5:main	16	static
main.c:294:6:SystemClock_Config	88	static
main.c:343:6:HAL_TIM_PeriodElapsedCallback	16	static
main.c:439:6:HAL_ADC_ConvCpltCallback	16	static
main.c:455:6:motorInit	4	static
main.c:467:6:pidInit	4	static
main.c:497:6:setDuty	16	static
main.c:537:6:setRPM	16	static
main.c:541:6:RPM_filter	24	static
main.c:559:6:getLeadSwitch	8	static
main.c:566:6:Read_FlashData	32	static
main.c:594:6:Set_FlashData	4	static
main.c:698:6:Write_FlashData	32	static
main.c:735:6:Init_FlashData	4	static
main.c:842:6:Error_Handler	4	static,ignoring_inline_asm
