stm32f4xx_ll_dma.h:495:22:LL_DMA_EnableStream	16	static
stm32f4xx_ll_dma.h:515:22:LL_DMA_DisableStream	16	static
stm32f4xx_ll_dma.h:969:22:LL_DMA_SetDataLength	24	static
stm32f4xx_ll_dma.h:991:26:LL_DMA_GetDataLength	16	static
stm32f4xx_ll_usart.h:1771:26:LL_USART_IsActiveFlag_ORE	16	static
stm32f4xx_ll_usart.h:1782:26:LL_USART_IsActiveFlag_IDLE	16	static
stm32f4xx_ll_usart.h:1935:22:LL_USART_ClearFlag_ORE	24	static
stm32f4xx_ll_usart.h:1954:22:LL_USART_ClearFlag_IDLE	24	static
stm32f4xx_it.c:75:6:NMI_Handler	4	static
stm32f4xx_it.c:90:6:HardFault_Handler	4	static
stm32f4xx_it.c:105:6:MemManage_Handler	4	static
stm32f4xx_it.c:120:6:BusFault_Handler	4	static
stm32f4xx_it.c:135:6:UsageFault_Handler	4	static
stm32f4xx_it.c:150:6:SVC_Handler	4	static
stm32f4xx_it.c:163:6:DebugMon_Handler	4	static
stm32f4xx_it.c:176:6:PendSV_Handler	4	static
stm32f4xx_it.c:189:6:SysTick_Handler	8	static
stm32f4xx_it.c:210:6:DMA1_Stream1_IRQHandler	4	static
stm32f4xx_it.c:224:6:USART3_IRQHandler	16	static
stm32f4xx_it.c:247:6:TIM8_UP_TIM13_IRQHandler	8	static
stm32f4xx_it.c:261:6:TIM6_DAC_IRQHandler	8	static
stm32f4xx_it.c:275:6:TIM7_IRQHandler	8	static
stm32f4xx_it.c:289:6:DMA2_Stream0_IRQHandler	8	static
