new:173:33:void* operator new(std::size_t, void*)	16	static
char_traits.h:315:7:static int std::char_traits<char>::compare(const char_type*, const char_type*, std::size_t)	24	static
gthr-default.h:229:1:int __gthread_key_delete(__gthread_key_t)	16	static
std_function.h:87:17:void* std::_Any_data::_M_access()	16	static
std_function.h:88:17:const void* std::_Any_data::_M_access() const	16	static
std_function.h:255:5:std::_Function_base::_Function_base()	16	static
std_function.h:257:5:std::_Function_base::~_Function_base()	16	static
std_function.h:263:10:bool std::_Function_base::_M_empty() const	16	static
chrono:346:2:constexpr std::chrono::duration<_Rep, _Period>::rep std::chrono::duration<_Rep, _Period>::count() const [with _Rep = long long int; _Period = std::ratio<1, 1000000000>]	16	static
shared_ptr_base.h:303:5:void std::_Sp_counted_base<_Lp>::_M_add_ref_copy() [with __gnu_cxx::_Lock_policy _Lp = __gnu_cxx::_S_single]	16	static
shared_ptr_base.h:308:5:void std::_Sp_counted_base<_Lp>::_M_release() [with __gnu_cxx::_Lock_policy _Lp = __gnu_cxx::_S_single]	16	static
shared_ptr_base.h:508:5:static const std::type_info& std::_Sp_make_shared_tag::_S_ti()	4	static
shared_ptr_base.h:1167:7:std::__shared_ptr<_Tp, _Lp>::__shared_ptr(const std::__shared_ptr<_Tp, _Lp>&) [with _Tp = seq::Block; __gnu_cxx::_Lock_policy _Lp = __gnu_cxx::_S_single]	16	static
shared_ptr_base.h:1169:7:std::__shared_ptr<_Tp, _Lp>::~__shared_ptr() [with _Tp = seq::Block; __gnu_cxx::_Lock_policy _Lp = __gnu_cxx::_S_single]	16	static
shared_ptr.h:129:7:std::shared_ptr<_Tp>::shared_ptr(const std::shared_ptr<_Tp>&) [with _Tp = seq::Block]	16	static
shared_ptr.h:103:11:std::shared_ptr<seq::Block>::~shared_ptr()	16	static
stl_vector.h:125:14:std::_Vector_base<std::shared_ptr<seq::Block>, std::allocator<std::shared_ptr<seq::Block> > >::_Vector_impl::~_Vector_impl()	16	static
stl_vector.h:125:14:std::_Vector_base<std::shared_ptr<seq::IVariable>, std::allocator<std::shared_ptr<seq::IVariable> > >::_Vector_impl::~_Vector_impl()	16	static
sequence_core.h:155:12:std::string seq::Sequence::getName()	16	static
stl_vector.h:125:14:std::_Vector_base<seq::Sequence*, std::allocator<seq::Sequence*> >::_Vector_impl::~_Vector_impl()	16	static
stl_vector.h:285:7:std::_Vector_base<_Tp, _Alloc>::_Vector_base() [with _Tp = seq::Sequence*; _Alloc = std::allocator<seq::Sequence*>]	16	static
stl_vector.h:484:7:std::vector<_Tp, _Alloc>::vector() [with _Tp = seq::Sequence*; _Alloc = std::allocator<seq::Sequence*>]	16	static
shared_ptr_base.h:616:17:constexpr std::__shared_count<_Lp>::__shared_count() [with __gnu_cxx::_Lock_policy _Lp = __gnu_cxx::_S_single]	16	static
stl_vector.h:125:14:std::_Vector_base<std::shared_ptr<seq::Broadcast::BroadcastListener>, std::allocator<std::shared_ptr<seq::Broadcast::BroadcastListener> > >::_Vector_impl::~_Vector_impl()	16	static
stl_vector.h:285:7:std::_Vector_base<_Tp, _Alloc>::_Vector_base() [with _Tp = std::shared_ptr<seq::Broadcast::BroadcastListener>; _Alloc = std::allocator<std::shared_ptr<seq::Broadcast::BroadcastListener> >]	16	static
stl_vector.h:484:7:std::vector<_Tp, _Alloc>::vector() [with _Tp = std::shared_ptr<seq::Broadcast::BroadcastListener>; _Alloc = std::allocator<std::shared_ptr<seq::Broadcast::BroadcastListener> >]	16	static
sequence_core.h:241:7:seq::Broadcast::Broadcast()	16	static
sequence_util.h:38:7:constexpr seq::Condition::Condition()	16	static
sequence_core.cpp:13:93:seq::BroadcastCondition::BroadcastCondition(std::string)::<lambda()>	16	static
shared_ptr_base.h:1169:7:std::__shared_ptr<_Tp, _Lp>::~__shared_ptr() [with _Tp = seq::Broadcast::BroadcastListener; __gnu_cxx::_Lock_policy _Lp = __gnu_cxx::_S_single]	16	static
shared_ptr.h:103:11:std::shared_ptr<seq::Broadcast::BroadcastListener>::~shared_ptr()	16	static
sequence_core.cpp:10:1:seq::BroadcastCondition::BroadcastCondition(std::string)	32	static
sequence_core.cpp:16:6:virtual bool seq::BroadcastCondition::evaluate()	16	static
sequence_core.cpp:21:1:seq::BroadcastCondition::~BroadcastCondition()	16	static
sequence_core.cpp:26:6:virtual void seq::BroadcastCondition::reset()	16	static
sequence_core.cpp:31:1:seq::Sequence::~Sequence()	16	static
sequence_core.cpp:31:1:virtual seq::Sequence::~Sequence()	16	static
sequence_core.cpp:36:6:void seq::Sequence::setHierarchyLevel(unsigned int)	16	static
sequence_core.cpp:41:14:unsigned int seq::Sequence::getHierarchyLevel()	16	static
sequence_core.cpp:46:6:void seq::Sequence::add(std::shared_ptr<seq::Block>)	16	static
sequence_core.cpp:55:6:void seq::Sequence::clear()	16	static
shared_ptr_base.h:1080:11:std::__shared_ptr<_Tp, _Lp>& std::__shared_ptr<_Tp, _Lp>::operator=(const std::__shared_ptr<_Tp, _Lp>&) [with _Tp = seq::Block; __gnu_cxx::_Lock_policy _Lp = __gnu_cxx::_S_single]	16	static
shared_ptr.h:103:11:std::shared_ptr<_Tp>& std::shared_ptr<_Tp>::operator=(const std::shared_ptr<_Tp>&) [with _Tp = seq::Block]	16	static
sequence_core.cpp:61:6:bool seq::Sequence::update(seq::SpinInfo)	160	static
sequence_core.cpp:104:6:void seq::Sequence::start()	144	static
sequence_core.cpp:119:6:void seq::Sequence::suspend()	16	static
sequence_core.cpp:124:6:void seq::Sequence::stop()	24	static
sequence_core.cpp:134:6:bool seq::Sequence::isRunning()	16	static
sequence_core.cpp:139:6:bool seq::Sequence::isFinished()	16	static
sequence_core.cpp:144:6:void seq::Sequence::enableSteadyStep(bool)	16	static
sequence_core.cpp:149:6:void seq::Sequence::init(bool)	40	static
sequence_core.cpp:165:6:bool seq::Sequence::debugEnabled()	16	static
sequence_core.cpp:170:6:void seq::Sequence::print()	248	static
sequence_core.cpp:181:6:static void seq::Sequence::spinOnce()	32	static
sequence_core.cpp:196:6:void seq::Sequence::compile(bool)	24	static
sequence_core.cpp:203:6:static void seq::Sequence::printDebug(std::string, bool)	24	static
sequence_core.cpp:213:6:static void seq::Sequence::spinOnce(double)	40	static
sequence_core.cpp:227:6:static void seq::Sequence::startSequence(std::string)	64	static
sequence_core.cpp:238:11:static seq::Sequence* seq::Sequence::getSequenceByName(std::string)	64	static
sequence_core.cpp:251:6:void seq::Sequence::addVariable(std::shared_ptr<seq::IVariable>)	16	static
sequence_core.cpp:257:6:void seq::Sequence::initVariables()	24	static
sequence_core.cpp:267:11:static seq::Sequence* seq::Sequence::thisSequence()	8	static
sequence_core.cpp:272:1:seq::Block::Block()	16	static
sequence_core.cpp:277:8:virtual std::string seq::Block::generateDebugName()	24	static
sequence_core.cpp:282:6:virtual void seq::Block::init(bool)	16	static
sequence_core.cpp:287:6:void seq::Block::setContainerSequence(seq::Sequence*)	16	static
sequence_core.cpp:292:6:virtual void seq::Block::startCallback()	16	static
sequence_core.cpp:297:6:virtual void seq::Block::endCallback()	16	static
sequence_core.cpp:302:6:virtual void seq::Block::print()	40	static
sequence_core.cpp:307:11:seq::Sequence* seq::Block::getContainerSequence()	16	static
std_function.h:369:11:std::function<void()>::~function()	16	static
sequence_core.cpp:312:1:seq::Broadcast::BroadcastListener::BroadcastListener(std::string&, std::function<void()>)	24	static
sequence_core.cpp:316:6:void seq::Broadcast::BroadcastListener::notify(std::string)	16	static
sequence_core.cpp:321:6:void seq::Broadcast::addBroadcastListener(std::shared_ptr<seq::Broadcast::BroadcastListener>)	16	static
sequence_core.cpp:326:6:void seq::Broadcast::broadcast(std::string)	56	static
basic_string.h:6097:5:std::__cxx11::basic_string<_CharT, _Traits, _Alloc> std::operator+(std::__cxx11::basic_string<_CharT, _Traits, _Alloc>&&, std::__cxx11::basic_string<_CharT, _Traits, _Alloc>&&) [with _CharT = char; _Traits = std::char_traits<char>; _Alloc = std::allocator<char>]	40	static
chrono:649:2:constexpr std::chrono::time_point<_Clock, _Dur>::duration std::chrono::time_point<_Clock, _Dur>::time_since_epoch() const [with _Clock = std::chrono::_V2::system_clock; _Dur = std::chrono::duration<long long int, std::ratio<1, 1000000000> >]	16	static
shared_ptr_base.h:131:7:void std::_Sp_counted_base<_Lp>::_M_destroy() [with __gnu_cxx::_Lock_policy _Lp = __gnu_cxx::_S_single]	16	static
shared_ptr_base.h:733:7:std::__shared_count<_Lp>::__shared_count(const std::__shared_count<_Lp>&) [with __gnu_cxx::_Lock_policy _Lp = __gnu_cxx::_S_single]	16	static
shared_ptr_base.h:727:7:std::__shared_count<_Lp>::~__shared_count() [with __gnu_cxx::_Lock_policy _Lp = __gnu_cxx::_S_single]	16	static
allocator.h:153:7:std::allocator< <template-parameter-1-1> >::~allocator() [with _Tp = std::shared_ptr<seq::Block>]	16	static
stl_vector.h:330:7:std::_Vector_base<_Tp, _Alloc>::~_Vector_base() [with _Tp = std::shared_ptr<seq::Block>; _Alloc = std::allocator<std::shared_ptr<seq::Block> >]	16	static
stl_vector.h:675:7:std::vector<_Tp, _Alloc>::~vector() [with _Tp = std::shared_ptr<seq::Block>; _Alloc = std::allocator<std::shared_ptr<seq::Block> >]	24	static
allocator.h:153:7:std::allocator< <template-parameter-1-1> >::~allocator() [with _Tp = std::shared_ptr<seq::IVariable>]	16	static
stl_vector.h:330:7:std::_Vector_base<_Tp, _Alloc>::~_Vector_base() [with _Tp = std::shared_ptr<seq::IVariable>; _Alloc = std::allocator<std::shared_ptr<seq::IVariable> >]	16	static
stl_vector.h:675:7:std::vector<_Tp, _Alloc>::~vector() [with _Tp = std::shared_ptr<seq::IVariable>; _Alloc = std::allocator<std::shared_ptr<seq::IVariable> >]	24	static
stl_vector.h:128:2:std::_Vector_base<_Tp, _Alloc>::_Vector_impl::_Vector_impl() [with _Tp = seq::Sequence*; _Alloc = std::allocator<seq::Sequence*>]	16	static
allocator.h:153:7:std::allocator< <template-parameter-1-1> >::~allocator() [with _Tp = seq::Sequence*]	16	static
stl_vector.h:330:7:std::_Vector_base<_Tp, _Alloc>::~_Vector_base() [with _Tp = seq::Sequence*; _Alloc = std::allocator<seq::Sequence*>]	16	static
stl_vector.h:128:2:std::_Vector_base<_Tp, _Alloc>::_Vector_impl::_Vector_impl() [with _Tp = std::shared_ptr<seq::Broadcast::BroadcastListener>; _Alloc = std::allocator<std::shared_ptr<seq::Broadcast::BroadcastListener> >]	16	static
allocator.h:153:7:std::allocator< <template-parameter-1-1> >::~allocator() [with _Tp = std::shared_ptr<seq::Broadcast::BroadcastListener>]	16	static
stl_vector.h:330:7:std::_Vector_base<_Tp, _Alloc>::~_Vector_base() [with _Tp = std::shared_ptr<seq::Broadcast::BroadcastListener>; _Alloc = std::allocator<std::shared_ptr<seq::Broadcast::BroadcastListener> >]	16	static
stl_vector.h:675:7:std::vector<_Tp, _Alloc>::~vector() [with _Tp = std::shared_ptr<seq::Broadcast::BroadcastListener>; _Alloc = std::allocator<std::shared_ptr<seq::Broadcast::BroadcastListener> >]	24	static
shared_ptr.h:714:5:) [with _Tp = seq::Broadcast::BroadcastListener; _Args = {std::__cxx11::basic_string<char, std::char_traits<char>, std::allocator<char> >&, seq::BroadcastCondition::BroadcastCondition(std::string)::<lambda()>}]	40	static
shared_ptr.h:254:7:std::shared_ptr<_Tp>::shared_ptr(std::shared_ptr<_Tp>&&) [with _Tp = seq::Broadcast::BroadcastListener]	24	static
stl_vector.h:1184:7:void std::vector<_Tp, _Alloc>::push_back(const value_type&) [with _Tp = std::shared_ptr<seq::Block>; _Alloc = std::allocator<std::shared_ptr<seq::Block> >]	16	static
stl_vector.h:1495:7:void std::vector<_Tp, _Alloc>::clear() [with _Tp = std::shared_ptr<seq::Block>; _Alloc = std::allocator<std::shared_ptr<seq::Block> >]	16	static
stl_vector.h:1040:7:std::vector<_Tp, _Alloc>::reference std::vector<_Tp, _Alloc>::operator[](std::vector<_Tp, _Alloc>::size_type) [with _Tp = std::shared_ptr<seq::Block>; _Alloc = std::allocator<std::shared_ptr<seq::Block> >]	16	static
shared_ptr_base.h:1012:7:std::__shared_ptr_access<_Tp, _Lp, <anonymous>, <anonymous> >::element_type* std::__shared_ptr_access<_Tp, _Lp, <anonymous>, <anonymous> >::operator->() const [with _Tp = seq::Block; __gnu_cxx::_Lock_policy _Lp = __gnu_cxx::_S_single; bool <anonymous> = false; bool <anonymous> = false]	16	static
stl_vector.h:915:7:std::vector<_Tp, _Alloc>::size_type std::vector<_Tp, _Alloc>::size() const [with _Tp = std::shared_ptr<seq::Block>; _Alloc = std::allocator<std::shared_ptr<seq::Block> >]	16	static
shared_ptr_base.h:741:7:std::__shared_count<_Lp>& std::__shared_count<_Lp>::operator=(const std::__shared_count<_Lp>&) [with __gnu_cxx::_Lock_policy _Lp = __gnu_cxx::_S_single]	24	static
basic_string.h:6085:5:std::__cxx11::basic_string<_CharT, _Traits, _Alloc> std::operator+(std::__cxx11::basic_string<_CharT, _Traits, _Alloc>&&, const std::__cxx11::basic_string<_CharT, _Traits, _Alloc>&) [with _CharT = char; _Traits = std::char_traits<char>; _Alloc = std::allocator<char>]	24	static
stl_vector.h:1004:7:bool std::vector<_Tp, _Alloc>::empty() const [with _Tp = std::shared_ptr<seq::Block>; _Alloc = std::allocator<std::shared_ptr<seq::Block> >]	24	static
stl_vector.h:808:7:std::vector<_Tp, _Alloc>::iterator std::vector<_Tp, _Alloc>::begin() [with _Tp = std::shared_ptr<seq::Block>; _Alloc = std::allocator<std::shared_ptr<seq::Block> >]	24	static
stl_vector.h:826:7:std::vector<_Tp, _Alloc>::iterator std::vector<_Tp, _Alloc>::end() [with _Tp = std::shared_ptr<seq::Block>; _Alloc = std::allocator<std::shared_ptr<seq::Block> >]	24	static
stl_iterator.h:907:5:bool __gnu_cxx::operator!=(const __gnu_cxx::__normal_iterator<_Iterator, _Container>&, const __gnu_cxx::__normal_iterator<_Iterator, _Container>&) [with _Iterator = std::shared_ptr<seq::Block>*; _Container = std::vector<std::shared_ptr<seq::Block> >]	24	static
stl_iterator.h:827:7:__gnu_cxx::__normal_iterator<_Iterator, _Container>& __gnu_cxx::__normal_iterator<_Iterator, _Container>::operator++() [with _Iterator = std::shared_ptr<seq::Block>*; _Container = std::vector<std::shared_ptr<seq::Block> >]	16	static
stl_iterator.h:819:7:__gnu_cxx::__normal_iterator<_Iterator, _Container>::reference __gnu_cxx::__normal_iterator<_Iterator, _Container>::operator*() const [with _Iterator = std::shared_ptr<seq::Block>*; _Container = std::vector<std::shared_ptr<seq::Block> >]	16	static
stl_vector.h:1200:7:void std::vector<_Tp, _Alloc>::push_back(std::vector<_Tp, _Alloc>::value_type&&) [with _Tp = seq::Sequence*; _Alloc = std::allocator<seq::Sequence*>]	16	static
stl_vector.h:808:7:std::vector<_Tp, _Alloc>::iterator std::vector<_Tp, _Alloc>::begin() [with _Tp = seq::Sequence*; _Alloc = std::allocator<seq::Sequence*>]	24	static
stl_vector.h:826:7:std::vector<_Tp, _Alloc>::iterator std::vector<_Tp, _Alloc>::end() [with _Tp = seq::Sequence*; _Alloc = std::allocator<seq::Sequence*>]	24	static
stl_iterator.h:907:5:bool __gnu_cxx::operator!=(const __gnu_cxx::__normal_iterator<_Iterator, _Container>&, const __gnu_cxx::__normal_iterator<_Iterator, _Container>&) [with _Iterator = seq::Sequence**; _Container = std::vector<seq::Sequence*>]	24	static
stl_iterator.h:827:7:__gnu_cxx::__normal_iterator<_Iterator, _Container>& __gnu_cxx::__normal_iterator<_Iterator, _Container>::operator++() [with _Iterator = seq::Sequence**; _Container = std::vector<seq::Sequence*>]	16	static
stl_iterator.h:819:7:__gnu_cxx::__normal_iterator<_Iterator, _Container>::reference __gnu_cxx::__normal_iterator<_Iterator, _Container>::operator*() const [with _Iterator = seq::Sequence**; _Container = std::vector<seq::Sequence*>]	16	static
basic_string.h:6149:5:typename __gnu_cxx::__enable_if<std::__is_char<_Tp>::__value, bool>::__type std::operator==(const std::__cxx11::basic_string<_CharT>&, const std::__cxx11::basic_string<_CharT>&) [with _CharT = char]	24	static
stl_vector.h:1184:7:void std::vector<_Tp, _Alloc>::push_back(const value_type&) [with _Tp = std::shared_ptr<seq::IVariable>; _Alloc = std::allocator<std::shared_ptr<seq::IVariable> >]	16	static
stl_vector.h:808:7:std::vector<_Tp, _Alloc>::iterator std::vector<_Tp, _Alloc>::begin() [with _Tp = std::shared_ptr<seq::IVariable>; _Alloc = std::allocator<std::shared_ptr<seq::IVariable> >]	24	static
stl_vector.h:826:7:std::vector<_Tp, _Alloc>::iterator std::vector<_Tp, _Alloc>::end() [with _Tp = std::shared_ptr<seq::IVariable>; _Alloc = std::allocator<std::shared_ptr<seq::IVariable> >]	24	static
stl_iterator.h:907:5:bool __gnu_cxx::operator!=(const __gnu_cxx::__normal_iterator<_Iterator, _Container>&, const __gnu_cxx::__normal_iterator<_Iterator, _Container>&) [with _Iterator = std::shared_ptr<seq::IVariable>*; _Container = std::vector<std::shared_ptr<seq::IVariable> >]	24	static
stl_iterator.h:834:7:__gnu_cxx::__normal_iterator<_Iterator, _Container> __gnu_cxx::__normal_iterator<_Iterator, _Container>::operator++(int) [with _Iterator = std::shared_ptr<seq::IVariable>*; _Container = std::vector<std::shared_ptr<seq::IVariable> >]	24	static
stl_iterator.h:819:7:__gnu_cxx::__normal_iterator<_Iterator, _Container>::reference __gnu_cxx::__normal_iterator<_Iterator, _Container>::operator*() const [with _Iterator = std::shared_ptr<seq::IVariable>*; _Container = std::vector<std::shared_ptr<seq::IVariable> >]	16	static
shared_ptr_base.h:1012:7:std::__shared_ptr_access<_Tp, _Lp, <anonymous>, <anonymous> >::element_type* std::__shared_ptr_access<_Tp, _Lp, <anonymous>, <anonymous> >::operator->() const [with _Tp = seq::IVariable; __gnu_cxx::_Lock_policy _Lp = __gnu_cxx::_S_single; bool <anonymous> = false; bool <anonymous> = false]	16	static
std_function.h:653:5:)>&) [with _Res = void; _ArgTypes = {}]	16	static
std_function.h:683:5:) const [with _Res = void; _ArgTypes = {}]	16	static
stl_vector.h:1184:7:void std::vector<_Tp, _Alloc>::push_back(const value_type&) [with _Tp = std::shared_ptr<seq::Broadcast::BroadcastListener>; _Alloc = std::allocator<std::shared_ptr<seq::Broadcast::BroadcastListener> >]	16	static
stl_vector.h:808:7:std::vector<_Tp, _Alloc>::iterator std::vector<_Tp, _Alloc>::begin() [with _Tp = std::shared_ptr<seq::Broadcast::BroadcastListener>; _Alloc = std::allocator<std::shared_ptr<seq::Broadcast::BroadcastListener> >]	24	static
stl_vector.h:826:7:std::vector<_Tp, _Alloc>::iterator std::vector<_Tp, _Alloc>::end() [with _Tp = std::shared_ptr<seq::Broadcast::BroadcastListener>; _Alloc = std::allocator<std::shared_ptr<seq::Broadcast::BroadcastListener> >]	24	static
stl_iterator.h:907:5:bool __gnu_cxx::operator!=(const __gnu_cxx::__normal_iterator<_Iterator, _Container>&, const __gnu_cxx::__normal_iterator<_Iterator, _Container>&) [with _Iterator = std::shared_ptr<seq::Broadcast::BroadcastListener>*; _Container = std::vector<std::shared_ptr<seq::Broadcast::BroadcastListener> >]	24	static
stl_iterator.h:834:7:__gnu_cxx::__normal_iterator<_Iterator, _Container> __gnu_cxx::__normal_iterator<_Iterator, _Container>::operator++(int) [with _Iterator = std::shared_ptr<seq::Broadcast::BroadcastListener>*; _Container = std::vector<std::shared_ptr<seq::Broadcast::BroadcastListener> >]	24	static
stl_iterator.h:819:7:__gnu_cxx::__normal_iterator<_Iterator, _Container>::reference __gnu_cxx::__normal_iterator<_Iterator, _Container>::operator*() const [with _Iterator = std::shared_ptr<seq::Broadcast::BroadcastListener>*; _Container = std::vector<std::shared_ptr<seq::Broadcast::BroadcastListener> >]	16	static
shared_ptr_base.h:1012:7:std::__shared_ptr_access<_Tp, _Lp, <anonymous>, <anonymous> >::element_type* std::__shared_ptr_access<_Tp, _Lp, <anonymous>, <anonymous> >::operator->() const [with _Tp = seq::Broadcast::BroadcastListener; __gnu_cxx::_Lock_policy _Lp = __gnu_cxx::_S_single; bool <anonymous> = false; bool <anonymous> = false]	16	static
move.h:99:5:constexpr typename std::remove_reference<_Tp>::type&& std::move(_Tp&&) [with _Tp = std::__cxx11::basic_string<char>&]	16	static
shared_ptr_base.h:121:7:std::_Sp_counted_base<_Lp>::~_Sp_counted_base() [with __gnu_cxx::_Lock_policy _Lp = __gnu_cxx::_S_single]	16	static
shared_ptr_base.h:121:7:std::_Sp_counted_base<_Lp>::~_Sp_counted_base() [with __gnu_cxx::_Lock_policy _Lp = __gnu_cxx::_S_single]	16	static
new_allocator.h:89:7:__gnu_cxx::new_allocator<_Tp>::~new_allocator() [with _Tp = std::shared_ptr<seq::Block>]	16	static
stl_vector.h:347:7:void std::_Vector_base<_Tp, _Alloc>::_M_deallocate(std::_Vector_base<_Tp, _Alloc>::pointer, std::size_t) [with _Tp = std::shared_ptr<seq::Block>; _Alloc = std::allocator<std::shared_ptr<seq::Block> >]	24	static
stl_vector.h:273:7:std::_Vector_base<_Tp, _Alloc>::_Tp_alloc_type& std::_Vector_base<_Tp, _Alloc>::_M_get_Tp_allocator() [with _Tp = std::shared_ptr<seq::Block>; _Alloc = std::allocator<std::shared_ptr<seq::Block> >]	16	static
stl_construct.h:203:5:void std::_Destroy(_ForwardIterator, _ForwardIterator, std::allocator<_T2>&) [with _ForwardIterator = std::shared_ptr<seq::Block>*; _Tp = std::shared_ptr<seq::Block>]	24	static
new_allocator.h:89:7:__gnu_cxx::new_allocator<_Tp>::~new_allocator() [with _Tp = std::shared_ptr<seq::IVariable>]	16	static
stl_vector.h:347:7:void std::_Vector_base<_Tp, _Alloc>::_M_deallocate(std::_Vector_base<_Tp, _Alloc>::pointer, std::size_t) [with _Tp = std::shared_ptr<seq::IVariable>; _Alloc = std::allocator<std::shared_ptr<seq::IVariable> >]	24	static
stl_vector.h:273:7:std::_Vector_base<_Tp, _Alloc>::_Tp_alloc_type& std::_Vector_base<_Tp, _Alloc>::_M_get_Tp_allocator() [with _Tp = std::shared_ptr<seq::IVariable>; _Alloc = std::allocator<std::shared_ptr<seq::IVariable> >]	16	static
stl_construct.h:203:5:void std::_Destroy(_ForwardIterator, _ForwardIterator, std::allocator<_T2>&) [with _ForwardIterator = std::shared_ptr<seq::IVariable>*; _Tp = std::shared_ptr<seq::IVariable>]	24	static
allocator.h:138:7:std::allocator< <template-parameter-1-1> >::allocator() [with _Tp = seq::Sequence*]	16	static
stl_vector.h:94:2:std::_Vector_base<_Tp, _Alloc>::_Vector_impl_data::_Vector_impl_data() [with _Tp = seq::Sequence*; _Alloc = std::allocator<seq::Sequence*>]	16	static
new_allocator.h:89:7:__gnu_cxx::new_allocator<_Tp>::~new_allocator() [with _Tp = seq::Sequence*]	16	static
stl_vector.h:347:7:void std::_Vector_base<_Tp, _Alloc>::_M_deallocate(std::_Vector_base<_Tp, _Alloc>::pointer, std::size_t) [with _Tp = seq::Sequence*; _Alloc = std::allocator<seq::Sequence*>]	24	static
allocator.h:138:7:std::allocator< <template-parameter-1-1> >::allocator() [with _Tp = std::shared_ptr<seq::Broadcast::BroadcastListener>]	16	static
stl_vector.h:94:2:std::_Vector_base<_Tp, _Alloc>::_Vector_impl_data::_Vector_impl_data() [with _Tp = std::shared_ptr<seq::Broadcast::BroadcastListener>; _Alloc = std::allocator<std::shared_ptr<seq::Broadcast::BroadcastListener> >]	16	static
new_allocator.h:89:7:__gnu_cxx::new_allocator<_Tp>::~new_allocator() [with _Tp = std::shared_ptr<seq::Broadcast::BroadcastListener>]	16	static
stl_vector.h:347:7:void std::_Vector_base<_Tp, _Alloc>::_M_deallocate(std::_Vector_base<_Tp, _Alloc>::pointer, std::size_t) [with _Tp = std::shared_ptr<seq::Broadcast::BroadcastListener>; _Alloc = std::allocator<std::shared_ptr<seq::Broadcast::BroadcastListener> >]	24	static
stl_vector.h:273:7:std::_Vector_base<_Tp, _Alloc>::_Tp_alloc_type& std::_Vector_base<_Tp, _Alloc>::_M_get_Tp_allocator() [with _Tp = std::shared_ptr<seq::Broadcast::BroadcastListener>; _Alloc = std::allocator<std::shared_ptr<seq::Broadcast::BroadcastListener> >]	16	static
stl_construct.h:203:5:void std::_Destroy(_ForwardIterator, _ForwardIterator, std::allocator<_T2>&) [with _ForwardIterator = std::shared_ptr<seq::Broadcast::BroadcastListener>*; _Tp = std::shared_ptr<seq::Broadcast::BroadcastListener>]	24	static
allocator.h:138:7:std::allocator< <template-parameter-1-1> >::allocator() [with _Tp = seq::Broadcast::BroadcastListener]	16	static
allocator.h:153:7:std::allocator< <template-parameter-1-1> >::~allocator() [with _Tp = seq::Broadcast::BroadcastListener]	16	static
move.h:74:5:constexpr _Tp&& std::forward(typename std::remove_reference<_Tp>::type&) [with _Tp = std::__cxx11::basic_string<char>&]	16	static
move.h:74:5:constexpr _Tp&& std::forward(typename std::remove_reference<_Tp>::type&) [with _Tp = seq::BroadcastCondition::BroadcastCondition(std::string)::<lambda()>]	16	static
shared_ptr.h:699:5:) [with _Tp = seq::Broadcast::BroadcastListener; _Alloc = std::allocator<seq::Broadcast::BroadcastListener>; _Args = {std::__cxx11::basic_string<char, std::char_traits<char>, std::allocator<char> >&, seq::BroadcastCondition::BroadcastCondition(std::string)::<lambda()>}]	32	static
move.h:99:5:constexpr typename std::remove_reference<_Tp>::type&& std::move(_Tp&&) [with _Tp = std::shared_ptr<seq::Broadcast::BroadcastListener>&]	16	static
shared_ptr_base.h:1176:7:std::__shared_ptr<_Tp, _Lp>::__shared_ptr(std::__shared_ptr<_Tp, _Lp>&&) [with _Tp = seq::Broadcast::BroadcastListener; __gnu_cxx::_Lock_policy _Lp = __gnu_cxx::_S_single]	16	static
alloc_traits.h:482:2:) [with _Up = std::shared_ptr<seq::Block>; _Args = {const std::shared_ptr<seq::Block>&}; _Tp = std::shared_ptr<seq::Block>]	24	static
stl_vector.h:441:7:static constexpr bool std::vector<_Tp, _Alloc>::_S_use_relocate() [with _Tp = std::shared_ptr<seq::Block>; _Alloc = std::allocator<std::shared_ptr<seq::Block> >]	16	static
stl_vector.h:428:7:static constexpr bool std::vector<_Tp, _Alloc>::_S_nothrow_relocate(std::true_type) [with _Tp = std::shared_ptr<seq::Block>; _Alloc = std::allocator<std::shared_ptr<seq::Block> >]	16	static
vector.tcc:426:7:) [with _Args = {const std::shared_ptr<seq::Block>&}; _Tp = std::shared_ptr<seq::Block>; _Alloc = std::allocator<std::shared_ptr<seq::Block> >]	64	static
stl_vector.h:1789:7:void std::vector<_Tp, _Alloc>::_M_erase_at_end(std::vector<_Tp, _Alloc>::pointer) [with _Tp = std::shared_ptr<seq::Block>; _Alloc = std::allocator<std::shared_ptr<seq::Block> >]	32	static
shared_ptr_base.h:1020:7:std::__shared_ptr_access<_Tp, _Lp, <anonymous>, <anonymous> >::element_type* std::__shared_ptr_access<_Tp, _Lp, <anonymous>, <anonymous> >::_M_get() const [with _Tp = seq::Block; __gnu_cxx::_Lock_policy _Lp = __gnu_cxx::_S_single; bool <anonymous> = false; bool <anonymous> = false]	16	static
stl_vector.h:817:7:std::vector<_Tp, _Alloc>::const_iterator std::vector<_Tp, _Alloc>::begin() const [with _Tp = std::shared_ptr<seq::Block>; _Alloc = std::allocator<std::shared_ptr<seq::Block> >]	24	static
stl_vector.h:835:7:std::vector<_Tp, _Alloc>::const_iterator std::vector<_Tp, _Alloc>::end() const [with _Tp = std::shared_ptr<seq::Block>; _Alloc = std::allocator<std::shared_ptr<seq::Block> >]	24	static
stl_iterator.h:893:5:bool __gnu_cxx::operator==(const __gnu_cxx::__normal_iterator<_Iterator, _Container>&, const __gnu_cxx::__normal_iterator<_Iterator, _Container>&) [with _Iterator = const std::shared_ptr<seq::Block>*; _Container = std::vector<std::shared_ptr<seq::Block> >]	24	static
stl_iterator.h:806:7:__gnu_cxx::__normal_iterator<_Iterator, _Container>::__normal_iterator(const _Iterator&) [with _Iterator = std::shared_ptr<seq::Block>*; _Container = std::vector<std::shared_ptr<seq::Block> >]	16	static
stl_iterator.h:871:7:const _Iterator& __gnu_cxx::__normal_iterator<_Iterator, _Container>::base() const [with _Iterator = std::shared_ptr<seq::Block>*; _Container = std::vector<std::shared_ptr<seq::Block> >]	16	static
move.h:99:5:constexpr typename std::remove_reference<_Tp>::type&& std::move(_Tp&&) [with _Tp = seq::Sequence*&]	16	static
vector.tcc:109:7:) [with _Args = {seq::Sequence*}; _Tp = seq::Sequence*; _Alloc = std::allocator<seq::Sequence*>]	24	static
stl_iterator.h:806:7:__gnu_cxx::__normal_iterator<_Iterator, _Container>::__normal_iterator(const _Iterator&) [with _Iterator = seq::Sequence**; _Container = std::vector<seq::Sequence*>]	16	static
stl_iterator.h:871:7:const _Iterator& __gnu_cxx::__normal_iterator<_Iterator, _Container>::base() const [with _Iterator = seq::Sequence**; _Container = std::vector<seq::Sequence*>]	16	static
alloc_traits.h:482:2:) [with _Up = std::shared_ptr<seq::IVariable>; _Args = {const std::shared_ptr<seq::IVariable>&}; _Tp = std::shared_ptr<seq::IVariable>]	24	static
stl_vector.h:441:7:static constexpr bool std::vector<_Tp, _Alloc>::_S_use_relocate() [with _Tp = std::shared_ptr<seq::IVariable>; _Alloc = std::allocator<std::shared_ptr<seq::IVariable> >]	16	static
stl_vector.h:428:7:static constexpr bool std::vector<_Tp, _Alloc>::_S_nothrow_relocate(std::true_type) [with _Tp = std::shared_ptr<seq::IVariable>; _Alloc = std::allocator<std::shared_ptr<seq::IVariable> >]	16	static
vector.tcc:426:7:) [with _Args = {const std::shared_ptr<seq::IVariable>&}; _Tp = std::shared_ptr<seq::IVariable>; _Alloc = std::allocator<std::shared_ptr<seq::IVariable> >]	64	static
stl_iterator.h:806:7:__gnu_cxx::__normal_iterator<_Iterator, _Container>::__normal_iterator(const _Iterator&) [with _Iterator = std::shared_ptr<seq::IVariable>*; _Container = std::vector<std::shared_ptr<seq::IVariable> >]	16	static
stl_iterator.h:871:7:const _Iterator& __gnu_cxx::__normal_iterator<_Iterator, _Container>::base() const [with _Iterator = std::shared_ptr<seq::IVariable>*; _Container = std::vector<std::shared_ptr<seq::IVariable> >]	16	static
shared_ptr_base.h:1020:7:std::__shared_ptr_access<_Tp, _Lp, <anonymous>, <anonymous> >::element_type* std::__shared_ptr_access<_Tp, _Lp, <anonymous>, <anonymous> >::_M_get() const [with _Tp = seq::IVariable; __gnu_cxx::_Lock_policy _Lp = __gnu_cxx::_S_single; bool <anonymous> = false; bool <anonymous> = false]	16	static
std_function.h:564:16:)>::operator bool() const [with _Res = void; _ArgTypes = {}]	16	static
alloc_traits.h:482:2:) [with _Up = std::shared_ptr<seq::Broadcast::BroadcastListener>; _Args = {const std::shared_ptr<seq::Broadcast::BroadcastListener>&}; _Tp = std::shared_ptr<seq::Broadcast::BroadcastListener>]	24	static
stl_vector.h:441:7:static constexpr bool std::vector<_Tp, _Alloc>::_S_use_relocate() [with _Tp = std::shared_ptr<seq::Broadcast::BroadcastListener>; _Alloc = std::allocator<std::shared_ptr<seq::Broadcast::BroadcastListener> >]	16	static
stl_vector.h:428:7:static constexpr bool std::vector<_Tp, _Alloc>::_S_nothrow_relocate(std::true_type) [with _Tp = std::shared_ptr<seq::Broadcast::BroadcastListener>; _Alloc = std::allocator<std::shared_ptr<seq::Broadcast::BroadcastListener> >]	16	static
vector.tcc:426:7:) [with _Args = {const std::shared_ptr<seq::Broadcast::BroadcastListener>&}; _Tp = std::shared_ptr<seq::Broadcast::BroadcastListener>; _Alloc = std::allocator<std::shared_ptr<seq::Broadcast::BroadcastListener> >]	64	static
stl_iterator.h:806:7:__gnu_cxx::__normal_iterator<_Iterator, _Container>::__normal_iterator(const _Iterator&) [with _Iterator = std::shared_ptr<seq::Broadcast::BroadcastListener>*; _Container = std::vector<std::shared_ptr<seq::Broadcast::BroadcastListener> >]	16	static
stl_iterator.h:871:7:const _Iterator& __gnu_cxx::__normal_iterator<_Iterator, _Container>::base() const [with _Iterator = std::shared_ptr<seq::Broadcast::BroadcastListener>*; _Container = std::vector<std::shared_ptr<seq::Broadcast::BroadcastListener> >]	16	static
shared_ptr_base.h:1020:7:std::__shared_ptr_access<_Tp, _Lp, <anonymous>, <anonymous> >::element_type* std::__shared_ptr_access<_Tp, _Lp, <anonymous>, <anonymous> >::_M_get() const [with _Tp = seq::Broadcast::BroadcastListener; __gnu_cxx::_Lock_policy _Lp = __gnu_cxx::_S_single; bool <anonymous> = false; bool <anonymous> = false]	16	static
alloc_traits.h:469:7:static void std::allocator_traits<std::allocator<_CharT> >::deallocate(std::allocator_traits<std::allocator<_CharT> >::allocator_type&, std::allocator_traits<std::allocator<_CharT> >::pointer, std::allocator_traits<std::allocator<_CharT> >::size_type) [with _Tp = std::shared_ptr<seq::Block>]	24	static
stl_construct.h:127:5:void std::_Destroy(_ForwardIterator, _ForwardIterator) [with _ForwardIterator = std::shared_ptr<seq::Block>*]	16	static
alloc_traits.h:469:7:static void std::allocator_traits<std::allocator<_CharT> >::deallocate(std::allocator_traits<std::allocator<_CharT> >::allocator_type&, std::allocator_traits<std::allocator<_CharT> >::pointer, std::allocator_traits<std::allocator<_CharT> >::size_type) [with _Tp = std::shared_ptr<seq::IVariable>]	24	static
stl_construct.h:127:5:void std::_Destroy(_ForwardIterator, _ForwardIterator) [with _ForwardIterator = std::shared_ptr<seq::IVariable>*]	16	static
new_allocator.h:80:7:__gnu_cxx::new_allocator<_Tp>::new_allocator() [with _Tp = seq::Sequence*]	16	static
alloc_traits.h:469:7:static void std::allocator_traits<std::allocator<_CharT> >::deallocate(std::allocator_traits<std::allocator<_CharT> >::allocator_type&, std::allocator_traits<std::allocator<_CharT> >::pointer, std::allocator_traits<std::allocator<_CharT> >::size_type) [with _Tp = seq::Sequence*]	24	static
new_allocator.h:80:7:__gnu_cxx::new_allocator<_Tp>::new_allocator() [with _Tp = std::shared_ptr<seq::Broadcast::BroadcastListener>]	16	static
alloc_traits.h:469:7:static void std::allocator_traits<std::allocator<_CharT> >::deallocate(std::allocator_traits<std::allocator<_CharT> >::allocator_type&, std::allocator_traits<std::allocator<_CharT> >::pointer, std::allocator_traits<std::allocator<_CharT> >::size_type) [with _Tp = std::shared_ptr<seq::Broadcast::BroadcastListener>]	24	static
stl_construct.h:127:5:void std::_Destroy(_ForwardIterator, _ForwardIterator) [with _ForwardIterator = std::shared_ptr<seq::Broadcast::BroadcastListener>*]	16	static
new_allocator.h:80:7:__gnu_cxx::new_allocator<_Tp>::new_allocator() [with _Tp = seq::Broadcast::BroadcastListener]	16	static
new_allocator.h:89:7:__gnu_cxx::new_allocator<_Tp>::~new_allocator() [with _Tp = seq::Broadcast::BroadcastListener]	16	static
shared_ptr.h:358:2:) [with _Alloc = std::allocator<seq::Broadcast::BroadcastListener>; _Args = {std::__cxx11::basic_string<char, std::char_traits<char>, std::allocator<char> >&, seq::BroadcastCondition::BroadcastCondition(std::string)::<lambda()>}; _Tp = seq::Broadcast::BroadcastListener]	32	static
shared_ptr_base.h:756:7:void std::__shared_count<_Lp>::_M_swap(std::__shared_count<_Lp>&) [with __gnu_cxx::_Lock_policy _Lp = __gnu_cxx::_S_single]	24	static
move.h:74:5:constexpr _Tp&& std::forward(typename std::remove_reference<_Tp>::type&) [with _Tp = const std::shared_ptr<seq::Block>&]	16	static
new_allocator.h:144:2:) [with _Up = std::shared_ptr<seq::Block>; _Args = {const std::shared_ptr<seq::Block>&}; _Tp = std::shared_ptr<seq::Block>]	32	static
stl_vector.h:1753:7:std::vector<_Tp, _Alloc>::size_type std::vector<_Tp, _Alloc>::_M_check_len(std::vector<_Tp, _Alloc>::size_type, const char*) const [with _Tp = std::shared_ptr<seq::Block>; _Alloc = std::allocator<std::shared_ptr<seq::Block> >]	40	static
stl_iterator.h:989:5:typename __gnu_cxx::__normal_iterator<_Iterator, _Container>::difference_type __gnu_cxx::operator-(const __gnu_cxx::__normal_iterator<_Iterator, _Container>&, const __gnu_cxx::__normal_iterator<_Iterator, _Container>&) [with _Iterator = std::shared_ptr<seq::Block>*; _Container = std::vector<std::shared_ptr<seq::Block> >]	24	static
stl_vector.h:340:7:std::_Vector_base<_Tp, _Alloc>::pointer std::_Vector_base<_Tp, _Alloc>::_M_allocate(std::size_t) [with _Tp = std::shared_ptr<seq::Block>; _Alloc = std::allocator<std::shared_ptr<seq::Block> >]	16	static
stl_vector.h:462:7:static std::vector<_Tp, _Alloc>::pointer std::vector<_Tp, _Alloc>::_S_relocate(std::vector<_Tp, _Alloc>::pointer, std::vector<_Tp, _Alloc>::pointer, std::vector<_Tp, _Alloc>::pointer, std::vector<_Tp, _Alloc>::_Tp_alloc_type&) [with _Tp = std::shared_ptr<seq::Block>; _Alloc = std::allocator<std::shared_ptr<seq::Block> >]	48	static
stl_uninitialized.h:323:5:_ForwardIterator std::__uninitialized_move_if_noexcept_a(_InputIterator, _InputIterator, _ForwardIterator, _Allocator&) [with _InputIterator = std::shared_ptr<seq::Block>*; _ForwardIterator = std::shared_ptr<seq::Block>*; _Allocator = std::allocator<std::shared_ptr<seq::Block> >]	32	static
alloc_traits.h:495:2:static void std::allocator_traits<std::allocator<_CharT> >::destroy(std::allocator_traits<std::allocator<_CharT> >::allocator_type&, _Up*) [with _Up = std::shared_ptr<seq::Block>; _Tp = std::shared_ptr<seq::Block>]	16	static
shared_ptr_base.h:1309:7:std::__shared_ptr<_Tp, _Lp>::element_type* std::__shared_ptr<_Tp, _Lp>::get() const [with _Tp = seq::Block; __gnu_cxx::_Lock_policy _Lp = __gnu_cxx::_S_single]	16	static
stl_iterator.h:806:7:__gnu_cxx::__normal_iterator<_Iterator, _Container>::__normal_iterator(const _Iterator&) [with _Iterator = const std::shared_ptr<seq::Block>*; _Container = std::vector<std::shared_ptr<seq::Block> >]	16	static
stl_iterator.h:871:7:const _Iterator& __gnu_cxx::__normal_iterator<_Iterator, _Container>::base() const [with _Iterator = const std::shared_ptr<seq::Block>*; _Container = std::vector<std::shared_ptr<seq::Block> >]	16	static
move.h:74:5:constexpr _Tp&& std::forward(typename std::remove_reference<_Tp>::type&) [with _Tp = seq::Sequence*]	16	static
alloc_traits.h:482:2:) [with _Up = seq::Sequence*; _Args = {seq::Sequence*}; _Tp = seq::Sequence*]	24	static
stl_vector.h:441:7:static constexpr bool std::vector<_Tp, _Alloc>::_S_use_relocate() [with _Tp = seq::Sequence*; _Alloc = std::allocator<seq::Sequence*>]	16	static
stl_vector.h:428:7:static constexpr bool std::vector<_Tp, _Alloc>::_S_nothrow_relocate(std::true_type) [with _Tp = seq::Sequence*; _Alloc = std::allocator<seq::Sequence*>]	16	static
vector.tcc:426:7:) [with _Args = {seq::Sequence*}; _Tp = seq::Sequence*; _Alloc = std::allocator<seq::Sequence*>]	64	static
move.h:74:5:constexpr _Tp&& std::forward(typename std::remove_reference<_Tp>::type&) [with _Tp = const std::shared_ptr<seq::IVariable>&]	16	static
shared_ptr_base.h:1167:7:std::__shared_ptr<_Tp, _Lp>::__shared_ptr(const std::__shared_ptr<_Tp, _Lp>&) [with _Tp = seq::IVariable; __gnu_cxx::_Lock_policy _Lp = __gnu_cxx::_S_single]	16	static
shared_ptr_base.h:1169:7:std::__shared_ptr<_Tp, _Lp>::~__shared_ptr() [with _Tp = seq::IVariable; __gnu_cxx::_Lock_policy _Lp = __gnu_cxx::_S_single]	16	static
shared_ptr.h:129:7:std::shared_ptr<_Tp>::shared_ptr(const std::shared_ptr<_Tp>&) [with _Tp = seq::IVariable]	16	static
new_allocator.h:144:2:) [with _Up = std::shared_ptr<seq::IVariable>; _Args = {const std::shared_ptr<seq::IVariable>&}; _Tp = std::shared_ptr<seq::IVariable>]	32	static
stl_vector.h:1753:7:std::vector<_Tp, _Alloc>::size_type std::vector<_Tp, _Alloc>::_M_check_len(std::vector<_Tp, _Alloc>::size_type, const char*) const [with _Tp = std::shared_ptr<seq::IVariable>; _Alloc = std::allocator<std::shared_ptr<seq::IVariable> >]	40	static
stl_iterator.h:989:5:typename __gnu_cxx::__normal_iterator<_Iterator, _Container>::difference_type __gnu_cxx::operator-(const __gnu_cxx::__normal_iterator<_Iterator, _Container>&, const __gnu_cxx::__normal_iterator<_Iterator, _Container>&) [with _Iterator = std::shared_ptr<seq::IVariable>*; _Container = std::vector<std::shared_ptr<seq::IVariable> >]	24	static
stl_vector.h:340:7:std::_Vector_base<_Tp, _Alloc>::pointer std::_Vector_base<_Tp, _Alloc>::_M_allocate(std::size_t) [with _Tp = std::shared_ptr<seq::IVariable>; _Alloc = std::allocator<std::shared_ptr<seq::IVariable> >]	16	static
stl_vector.h:462:7:static std::vector<_Tp, _Alloc>::pointer std::vector<_Tp, _Alloc>::_S_relocate(std::vector<_Tp, _Alloc>::pointer, std::vector<_Tp, _Alloc>::pointer, std::vector<_Tp, _Alloc>::pointer, std::vector<_Tp, _Alloc>::_Tp_alloc_type&) [with _Tp = std::shared_ptr<seq::IVariable>; _Alloc = std::allocator<std::shared_ptr<seq::IVariable> >]	48	static
stl_uninitialized.h:323:5:_ForwardIterator std::__uninitialized_move_if_noexcept_a(_InputIterator, _InputIterator, _ForwardIterator, _Allocator&) [with _InputIterator = std::shared_ptr<seq::IVariable>*; _ForwardIterator = std::shared_ptr<seq::IVariable>*; _Allocator = std::allocator<std::shared_ptr<seq::IVariable> >]	32	static
alloc_traits.h:495:2:static void std::allocator_traits<std::allocator<_CharT> >::destroy(std::allocator_traits<std::allocator<_CharT> >::allocator_type&, _Up*) [with _Up = std::shared_ptr<seq::IVariable>; _Tp = std::shared_ptr<seq::IVariable>]	16	static
shared_ptr_base.h:1309:7:std::__shared_ptr<_Tp, _Lp>::element_type* std::__shared_ptr<_Tp, _Lp>::get() const [with _Tp = seq::IVariable; __gnu_cxx::_Lock_policy _Lp = __gnu_cxx::_S_single]	16	static
move.h:74:5:constexpr _Tp&& std::forward(typename std::remove_reference<_Tp>::type&) [with _Tp = const std::shared_ptr<seq::Broadcast::BroadcastListener>&]	16	static
shared_ptr_base.h:1167:7:std::__shared_ptr<_Tp, _Lp>::__shared_ptr(const std::__shared_ptr<_Tp, _Lp>&) [with _Tp = seq::Broadcast::BroadcastListener; __gnu_cxx::_Lock_policy _Lp = __gnu_cxx::_S_single]	16	static
shared_ptr.h:129:7:std::shared_ptr<_Tp>::shared_ptr(const std::shared_ptr<_Tp>&) [with _Tp = seq::Broadcast::BroadcastListener]	16	static
new_allocator.h:144:2:) [with _Up = std::shared_ptr<seq::Broadcast::BroadcastListener>; _Args = {const std::shared_ptr<seq::Broadcast::BroadcastListener>&}; _Tp = std::shared_ptr<seq::Broadcast::BroadcastListener>]	32	static
stl_vector.h:1753:7:std::vector<_Tp, _Alloc>::size_type std::vector<_Tp, _Alloc>::_M_check_len(std::vector<_Tp, _Alloc>::size_type, const char*) const [with _Tp = std::shared_ptr<seq::Broadcast::BroadcastListener>; _Alloc = std::allocator<std::shared_ptr<seq::Broadcast::BroadcastListener> >]	40	static
stl_iterator.h:989:5:typename __gnu_cxx::__normal_iterator<_Iterator, _Container>::difference_type __gnu_cxx::operator-(const __gnu_cxx::__normal_iterator<_Iterator, _Container>&, const __gnu_cxx::__normal_iterator<_Iterator, _Container>&) [with _Iterator = std::shared_ptr<seq::Broadcast::BroadcastListener>*; _Container = std::vector<std::shared_ptr<seq::Broadcast::BroadcastListener> >]	24	static
stl_vector.h:340:7:std::_Vector_base<_Tp, _Alloc>::pointer std::_Vector_base<_Tp, _Alloc>::_M_allocate(std::size_t) [with _Tp = std::shared_ptr<seq::Broadcast::BroadcastListener>; _Alloc = std::allocator<std::shared_ptr<seq::Broadcast::BroadcastListener> >]	16	static
stl_vector.h:462:7:static std::vector<_Tp, _Alloc>::pointer std::vector<_Tp, _Alloc>::_S_relocate(std::vector<_Tp, _Alloc>::pointer, std::vector<_Tp, _Alloc>::pointer, std::vector<_Tp, _Alloc>::pointer, std::vector<_Tp, _Alloc>::_Tp_alloc_type&) [with _Tp = std::shared_ptr<seq::Broadcast::BroadcastListener>; _Alloc = std::allocator<std::shared_ptr<seq::Broadcast::BroadcastListener> >]	48	static
stl_uninitialized.h:323:5:_ForwardIterator std::__uninitialized_move_if_noexcept_a(_InputIterator, _InputIterator, _ForwardIterator, _Allocator&) [with _InputIterator = std::shared_ptr<seq::Broadcast::BroadcastListener>*; _ForwardIterator = std::shared_ptr<seq::Broadcast::BroadcastListener>*; _Allocator = std::allocator<std::shared_ptr<seq::Broadcast::BroadcastListener> >]	32	static
alloc_traits.h:495:2:static void std::allocator_traits<std::allocator<_CharT> >::destroy(std::allocator_traits<std::allocator<_CharT> >::allocator_type&, _Up*) [with _Up = std::shared_ptr<seq::Broadcast::BroadcastListener>; _Tp = std::shared_ptr<seq::Broadcast::BroadcastListener>]	16	static
shared_ptr_base.h:1309:7:std::__shared_ptr<_Tp, _Lp>::element_type* std::__shared_ptr<_Tp, _Lp>::get() const [with _Tp = seq::Broadcast::BroadcastListener; __gnu_cxx::_Lock_policy _Lp = __gnu_cxx::_S_single]	16	static
new_allocator.h:119:7:void __gnu_cxx::new_allocator<_Tp>::deallocate(__gnu_cxx::new_allocator<_Tp>::pointer, __gnu_cxx::new_allocator<_Tp>::size_type) [with _Tp = std::shared_ptr<seq::Block>]	24	static
stl_construct.h:105:9:static void std::_Destroy_aux<<anonymous> >::__destroy(_ForwardIterator, _ForwardIterator) [with _ForwardIterator = std::shared_ptr<seq::Block>*; bool <anonymous> = false]	16	static
new_allocator.h:119:7:void __gnu_cxx::new_allocator<_Tp>::deallocate(__gnu_cxx::new_allocator<_Tp>::pointer, __gnu_cxx::new_allocator<_Tp>::size_type) [with _Tp = std::shared_ptr<seq::IVariable>]	24	static
stl_construct.h:105:9:static void std::_Destroy_aux<<anonymous> >::__destroy(_ForwardIterator, _ForwardIterator) [with _ForwardIterator = std::shared_ptr<seq::IVariable>*; bool <anonymous> = false]	16	static
new_allocator.h:119:7:void __gnu_cxx::new_allocator<_Tp>::deallocate(__gnu_cxx::new_allocator<_Tp>::pointer, __gnu_cxx::new_allocator<_Tp>::size_type) [with _Tp = seq::Sequence*]	24	static
new_allocator.h:119:7:void __gnu_cxx::new_allocator<_Tp>::deallocate(__gnu_cxx::new_allocator<_Tp>::pointer, __gnu_cxx::new_allocator<_Tp>::size_type) [with _Tp = std::shared_ptr<seq::Broadcast::BroadcastListener>]	24	static
stl_construct.h:105:9:static void std::_Destroy_aux<<anonymous> >::__destroy(_ForwardIterator, _ForwardIterator) [with _ForwardIterator = std::shared_ptr<seq::Broadcast::BroadcastListener>*; bool <anonymous> = false]	16	static
shared_ptr_base.h:1343:2:) [with _Alloc = std::allocator<seq::Broadcast::BroadcastListener>; _Args = {std::__cxx11::basic_string<char, std::char_traits<char>, std::allocator<char> >&, seq::BroadcastCondition::BroadcastCondition(std::string)::<lambda()>}; _Tp = seq::Broadcast::BroadcastListener; __gnu_cxx::_Lock_policy _Lp = __gnu_cxx::_S_single]	48	static
stl_vector.h:920:7:std::vector<_Tp, _Alloc>::size_type std::vector<_Tp, _Alloc>::max_size() const [with _Tp = std::shared_ptr<seq::Block>; _Alloc = std::allocator<std::shared_ptr<seq::Block> >]	16	static
stl_algobase.h:222:5:constexpr const _Tp& std::max(const _Tp&, const _Tp&) [with _Tp = unsigned int]	16	static
alloc_traits.h:443:7:static _Tp* std::allocator_traits<std::allocator<_CharT> >::allocate(std::allocator_traits<std::allocator<_CharT> >::allocator_type&, std::allocator_traits<std::allocator<_CharT> >::size_type) [with _Tp = std::shared_ptr<seq::Block>]	16	static
stl_vector.h:450:7:static std::vector<_Tp, _Alloc>::pointer std::vector<_Tp, _Alloc>::_S_do_relocate(std::vector<_Tp, _Alloc>::pointer, std::vector<_Tp, _Alloc>::pointer, std::vector<_Tp, _Alloc>::pointer, std::vector<_Tp, _Alloc>::_Tp_alloc_type&, std::true_type) [with _Tp = std::shared_ptr<seq::Block>; _Alloc = std::allocator<std::shared_ptr<seq::Block> >]	24	static
stl_iterator.h:1242:5:_ReturnType std::__make_move_if_noexcept_iterator(_Tp*) [with _Tp = std::shared_ptr<seq::Block>; _ReturnType = std::move_iterator<std::shared_ptr<seq::Block>*>]	24	static
stl_uninitialized.h:305:5:_ForwardIterator std::__uninitialized_copy_a(_InputIterator, _InputIterator, _ForwardIterator, std::allocator<_Tp>&) [with _InputIterator = std::move_iterator<std::shared_ptr<seq::Block>*>; _ForwardIterator = std::shared_ptr<seq::Block>*; _Tp = std::shared_ptr<seq::Block>]	24	static
new_allocator.h:151:2:void __gnu_cxx::new_allocator<_Tp>::destroy(_Up*) [with _Up = std::shared_ptr<seq::Block>; _Tp = std::shared_ptr<seq::Block>]	16	static
new_allocator.h:144:2:) [with _Up = seq::Sequence*; _Args = {seq::Sequence*}; _Tp = seq::Sequence*]	32	static
stl_vector.h:1753:7:std::vector<_Tp, _Alloc>::size_type std::vector<_Tp, _Alloc>::_M_check_len(std::vector<_Tp, _Alloc>::size_type, const char*) const [with _Tp = seq::Sequence*; _Alloc = std::allocator<seq::Sequence*>]	40	static
stl_iterator.h:989:5:typename __gnu_cxx::__normal_iterator<_Iterator, _Container>::difference_type __gnu_cxx::operator-(const __gnu_cxx::__normal_iterator<_Iterator, _Container>&, const __gnu_cxx::__normal_iterator<_Iterator, _Container>&) [with _Iterator = seq::Sequence**; _Container = std::vector<seq::Sequence*>]	24	static
stl_vector.h:340:7:std::_Vector_base<_Tp, _Alloc>::pointer std::_Vector_base<_Tp, _Alloc>::_M_allocate(std::size_t) [with _Tp = seq::Sequence*; _Alloc = std::allocator<seq::Sequence*>]	16	static
stl_vector.h:462:7:static std::vector<_Tp, _Alloc>::pointer std::vector<_Tp, _Alloc>::_S_relocate(std::vector<_Tp, _Alloc>::pointer, std::vector<_Tp, _Alloc>::pointer, std::vector<_Tp, _Alloc>::pointer, std::vector<_Tp, _Alloc>::_Tp_alloc_type&) [with _Tp = seq::Sequence*; _Alloc = std::allocator<seq::Sequence*>]	48	static
stl_vector.h:273:7:std::_Vector_base<_Tp, _Alloc>::_Tp_alloc_type& std::_Vector_base<_Tp, _Alloc>::_M_get_Tp_allocator() [with _Tp = seq::Sequence*; _Alloc = std::allocator<seq::Sequence*>]	16	static
stl_uninitialized.h:323:5:_ForwardIterator std::__uninitialized_move_if_noexcept_a(_InputIterator, _InputIterator, _ForwardIterator, _Allocator&) [with _InputIterator = seq::Sequence**; _ForwardIterator = seq::Sequence**; _Allocator = std::allocator<seq::Sequence*>]	32	static
stl_construct.h:203:5:void std::_Destroy(_ForwardIterator, _ForwardIterator, std::allocator<_T2>&) [with _ForwardIterator = seq::Sequence**; _Tp = seq::Sequence*]	24	static
stl_vector.h:920:7:std::vector<_Tp, _Alloc>::size_type std::vector<_Tp, _Alloc>::max_size() const [with _Tp = std::shared_ptr<seq::IVariable>; _Alloc = std::allocator<std::shared_ptr<seq::IVariable> >]	16	static
stl_vector.h:915:7:std::vector<_Tp, _Alloc>::size_type std::vector<_Tp, _Alloc>::size() const [with _Tp = std::shared_ptr<seq::IVariable>; _Alloc = std::allocator<std::shared_ptr<seq::IVariable> >]	16	static
alloc_traits.h:443:7:static _Tp* std::allocator_traits<std::allocator<_CharT> >::allocate(std::allocator_traits<std::allocator<_CharT> >::allocator_type&, std::allocator_traits<std::allocator<_CharT> >::size_type) [with _Tp = std::shared_ptr<seq::IVariable>]	16	static
stl_vector.h:450:7:static std::vector<_Tp, _Alloc>::pointer std::vector<_Tp, _Alloc>::_S_do_relocate(std::vector<_Tp, _Alloc>::pointer, std::vector<_Tp, _Alloc>::pointer, std::vector<_Tp, _Alloc>::pointer, std::vector<_Tp, _Alloc>::_Tp_alloc_type&, std::true_type) [with _Tp = std::shared_ptr<seq::IVariable>; _Alloc = std::allocator<std::shared_ptr<seq::IVariable> >]	24	static
stl_iterator.h:1242:5:_ReturnType std::__make_move_if_noexcept_iterator(_Tp*) [with _Tp = std::shared_ptr<seq::IVariable>; _ReturnType = std::move_iterator<std::shared_ptr<seq::IVariable>*>]	24	static
stl_uninitialized.h:305:5:_ForwardIterator std::__uninitialized_copy_a(_InputIterator, _InputIterator, _ForwardIterator, std::allocator<_Tp>&) [with _InputIterator = std::move_iterator<std::shared_ptr<seq::IVariable>*>; _ForwardIterator = std::shared_ptr<seq::IVariable>*; _Tp = std::shared_ptr<seq::IVariable>]	24	static
shared_ptr.h:103:11:std::shared_ptr<seq::IVariable>::~shared_ptr()	16	static
new_allocator.h:151:2:void __gnu_cxx::new_allocator<_Tp>::destroy(_Up*) [with _Up = std::shared_ptr<seq::IVariable>; _Tp = std::shared_ptr<seq::IVariable>]	16	static
stl_vector.h:920:7:std::vector<_Tp, _Alloc>::size_type std::vector<_Tp, _Alloc>::max_size() const [with _Tp = std::shared_ptr<seq::Broadcast::BroadcastListener>; _Alloc = std::allocator<std::shared_ptr<seq::Broadcast::BroadcastListener> >]	16	static
stl_vector.h:915:7:std::vector<_Tp, _Alloc>::size_type std::vector<_Tp, _Alloc>::size() const [with _Tp = std::shared_ptr<seq::Broadcast::BroadcastListener>; _Alloc = std::allocator<std::shared_ptr<seq::Broadcast::BroadcastListener> >]	16	static
alloc_traits.h:443:7:static _Tp* std::allocator_traits<std::allocator<_CharT> >::allocate(std::allocator_traits<std::allocator<_CharT> >::allocator_type&, std::allocator_traits<std::allocator<_CharT> >::size_type) [with _Tp = std::shared_ptr<seq::Broadcast::BroadcastListener>]	16	static
stl_vector.h:450:7:static std::vector<_Tp, _Alloc>::pointer std::vector<_Tp, _Alloc>::_S_do_relocate(std::vector<_Tp, _Alloc>::pointer, std::vector<_Tp, _Alloc>::pointer, std::vector<_Tp, _Alloc>::pointer, std::vector<_Tp, _Alloc>::_Tp_alloc_type&, std::true_type) [with _Tp = std::shared_ptr<seq::Broadcast::BroadcastListener>; _Alloc = std::allocator<std::shared_ptr<seq::Broadcast::BroadcastListener> >]	24	static
stl_iterator.h:1242:5:_ReturnType std::__make_move_if_noexcept_iterator(_Tp*) [with _Tp = std::shared_ptr<seq::Broadcast::BroadcastListener>; _ReturnType = std::move_iterator<std::shared_ptr<seq::Broadcast::BroadcastListener>*>]	24	static
stl_uninitialized.h:305:5:_ForwardIterator std::__uninitialized_copy_a(_InputIterator, _InputIterator, _ForwardIterator, std::allocator<_Tp>&) [with _InputIterator = std::move_iterator<std::shared_ptr<seq::Broadcast::BroadcastListener>*>; _ForwardIterator = std::shared_ptr<seq::Broadcast::BroadcastListener>*; _Tp = std::shared_ptr<seq::Broadcast::BroadcastListener>]	24	static
new_allocator.h:151:2:void __gnu_cxx::new_allocator<_Tp>::destroy(_Up*) [with _Up = std::shared_ptr<seq::Broadcast::BroadcastListener>; _Tp = std::shared_ptr<seq::Broadcast::BroadcastListener>]	16	static
move.h:47:5:constexpr _Tp* std::__addressof(_Tp&) [with _Tp = std::shared_ptr<seq::Block>]	16	static
stl_construct.h:97:5:void std::_Destroy(_Tp*) [with _Tp = std::shared_ptr<seq::Block>]	16	static
move.h:47:5:constexpr _Tp* std::__addressof(_Tp&) [with _Tp = std::shared_ptr<seq::IVariable>]	16	static
stl_construct.h:97:5:void std::_Destroy(_Tp*) [with _Tp = std::shared_ptr<seq::IVariable>]	16	static
move.h:47:5:constexpr _Tp* std::__addressof(_Tp&) [with _Tp = std::shared_ptr<seq::Broadcast::BroadcastListener>]	16	static
stl_construct.h:97:5:void std::_Destroy(_Tp*) [with _Tp = std::shared_ptr<seq::Broadcast::BroadcastListener>]	16	static
shared_ptr_base.h:672:2:) [with _Tp = seq::Broadcast::BroadcastListener; _Alloc = std::allocator<seq::Broadcast::BroadcastListener>; _Args = {std::__cxx11::basic_string<char, std::char_traits<char>, std::allocator<char> >&, seq::BroadcastCondition::BroadcastCondition(std::string)::<lambda()>}; __gnu_cxx::_Lock_policy _Lp = __gnu_cxx::_S_single]	64	static
shared_ptr_base.h:1388:2:typename std::enable_if<(! std::__shared_ptr<_Tp, _Lp>::__has_esft_base<_Yp2>::value)>::type std::__shared_ptr<_Tp, _Lp>::_M_enable_shared_from_this_with(_Yp*) [with _Yp = seq::Broadcast::BroadcastListener; _Yp2 = seq::Broadcast::BroadcastListener; _Tp = seq::Broadcast::BroadcastListener; __gnu_cxx::_Lock_policy _Lp = __gnu_cxx::_S_single]	16	static
stl_vector.h:1773:7:static std::vector<_Tp, _Alloc>::size_type std::vector<_Tp, _Alloc>::_S_max_size(const _Tp_alloc_type&) [with _Tp = std::shared_ptr<seq::Block>; _Alloc = std::allocator<std::shared_ptr<seq::Block> >]	24	static
stl_vector.h:277:7:const _Tp_alloc_type& std::_Vector_base<_Tp, _Alloc>::_M_get_Tp_allocator() const [with _Tp = std::shared_ptr<seq::Block>; _Alloc = std::allocator<std::shared_ptr<seq::Block> >]	16	static
new_allocator.h:102:7:_Tp* __gnu_cxx::new_allocator<_Tp>::allocate(__gnu_cxx::new_allocator<_Tp>::size_type, const void*) [with _Tp = std::shared_ptr<seq::Block>]	24	static
stl_uninitialized.h:958:5:_ForwardIterator std::__relocate_a(_InputIterator, _InputIterator, _ForwardIterator, _Allocator&) [with _InputIterator = std::shared_ptr<seq::Block>*; _ForwardIterator = std::shared_ptr<seq::Block>*; _Allocator = std::allocator<std::shared_ptr<seq::Block> >]	32	static
stl_iterator.h:1057:7:std::move_iterator<_Iterator>::move_iterator(std::move_iterator<_Iterator>::iterator_type) [with _Iterator = std::shared_ptr<seq::Block>*]	16	static
stl_uninitialized.h:115:5:_ForwardIterator std::uninitialized_copy(_InputIterator, _InputIterator, _ForwardIterator) [with _InputIterator = std::move_iterator<std::shared_ptr<seq::Block>*>; _ForwardIterator = std::shared_ptr<seq::Block>*]	32	static
stl_vector.h:920:7:std::vector<_Tp, _Alloc>::size_type std::vector<_Tp, _Alloc>::max_size() const [with _Tp = seq::Sequence*; _Alloc = std::allocator<seq::Sequence*>]	16	static
stl_vector.h:915:7:std::vector<_Tp, _Alloc>::size_type std::vector<_Tp, _Alloc>::size() const [with _Tp = seq::Sequence*; _Alloc = std::allocator<seq::Sequence*>]	16	static
alloc_traits.h:443:7:static _Tp* std::allocator_traits<std::allocator<_CharT> >::allocate(std::allocator_traits<std::allocator<_CharT> >::allocator_type&, std::allocator_traits<std::allocator<_CharT> >::size_type) [with _Tp = seq::Sequence*]	16	static
stl_vector.h:450:7:static std::vector<_Tp, _Alloc>::pointer std::vector<_Tp, _Alloc>::_S_do_relocate(std::vector<_Tp, _Alloc>::pointer, std::vector<_Tp, _Alloc>::pointer, std::vector<_Tp, _Alloc>::pointer, std::vector<_Tp, _Alloc>::_Tp_alloc_type&, std::true_type) [with _Tp = seq::Sequence*; _Alloc = std::allocator<seq::Sequence*>]	24	static
stl_iterator.h:1242:5:_ReturnType std::__make_move_if_noexcept_iterator(_Tp*) [with _Tp = seq::Sequence*; _ReturnType = std::move_iterator<seq::Sequence**>]	24	static
stl_uninitialized.h:305:5:_ForwardIterator std::__uninitialized_copy_a(_InputIterator, _InputIterator, _ForwardIterator, std::allocator<_Tp>&) [with _InputIterator = std::move_iterator<seq::Sequence**>; _ForwardIterator = seq::Sequence**; _Tp = seq::Sequence*]	24	static
stl_construct.h:127:5:void std::_Destroy(_ForwardIterator, _ForwardIterator) [with _ForwardIterator = seq::Sequence**]	16	static
stl_vector.h:1773:7:static std::vector<_Tp, _Alloc>::size_type std::vector<_Tp, _Alloc>::_S_max_size(const _Tp_alloc_type&) [with _Tp = std::shared_ptr<seq::IVariable>; _Alloc = std::allocator<std::shared_ptr<seq::IVariable> >]	24	static
stl_vector.h:277:7:const _Tp_alloc_type& std::_Vector_base<_Tp, _Alloc>::_M_get_Tp_allocator() const [with _Tp = std::shared_ptr<seq::IVariable>; _Alloc = std::allocator<std::shared_ptr<seq::IVariable> >]	16	static
new_allocator.h:102:7:_Tp* __gnu_cxx::new_allocator<_Tp>::allocate(__gnu_cxx::new_allocator<_Tp>::size_type, const void*) [with _Tp = std::shared_ptr<seq::IVariable>]	24	static
stl_uninitialized.h:958:5:_ForwardIterator std::__relocate_a(_InputIterator, _InputIterator, _ForwardIterator, _Allocator&) [with _InputIterator = std::shared_ptr<seq::IVariable>*; _ForwardIterator = std::shared_ptr<seq::IVariable>*; _Allocator = std::allocator<std::shared_ptr<seq::IVariable> >]	32	static
stl_iterator.h:1057:7:std::move_iterator<_Iterator>::move_iterator(std::move_iterator<_Iterator>::iterator_type) [with _Iterator = std::shared_ptr<seq::IVariable>*]	16	static
stl_uninitialized.h:115:5:_ForwardIterator std::uninitialized_copy(_InputIterator, _InputIterator, _ForwardIterator) [with _InputIterator = std::move_iterator<std::shared_ptr<seq::IVariable>*>; _ForwardIterator = std::shared_ptr<seq::IVariable>*]	32	static
stl_vector.h:1773:7:static std::vector<_Tp, _Alloc>::size_type std::vector<_Tp, _Alloc>::_S_max_size(const _Tp_alloc_type&) [with _Tp = std::shared_ptr<seq::Broadcast::BroadcastListener>; _Alloc = std::allocator<std::shared_ptr<seq::Broadcast::BroadcastListener> >]	24	static
stl_vector.h:277:7:const _Tp_alloc_type& std::_Vector_base<_Tp, _Alloc>::_M_get_Tp_allocator() const [with _Tp = std::shared_ptr<seq::Broadcast::BroadcastListener>; _Alloc = std::allocator<std::shared_ptr<seq::Broadcast::BroadcastListener> >]	16	static
new_allocator.h:102:7:_Tp* __gnu_cxx::new_allocator<_Tp>::allocate(__gnu_cxx::new_allocator<_Tp>::size_type, const void*) [with _Tp = std::shared_ptr<seq::Broadcast::BroadcastListener>]	24	static
stl_uninitialized.h:958:5:_ForwardIterator std::__relocate_a(_InputIterator, _InputIterator, _ForwardIterator, _Allocator&) [with _InputIterator = std::shared_ptr<seq::Broadcast::BroadcastListener>*; _ForwardIterator = std::shared_ptr<seq::Broadcast::BroadcastListener>*; _Allocator = std::allocator<std::shared_ptr<seq::Broadcast::BroadcastListener> >]	32	static
stl_iterator.h:1057:7:std::move_iterator<_Iterator>::move_iterator(std::move_iterator<_Iterator>::iterator_type) [with _Iterator = std::shared_ptr<seq::Broadcast::BroadcastListener>*]	16	static
stl_uninitialized.h:115:5:_ForwardIterator std::uninitialized_copy(_InputIterator, _InputIterator, _ForwardIterator) [with _InputIterator = std::move_iterator<std::shared_ptr<seq::Broadcast::BroadcastListener>*>; _ForwardIterator = std::shared_ptr<seq::Broadcast::BroadcastListener>*]	32	static
allocator.h:151:2:std::allocator< <template-parameter-1-1> >::allocator(const std::allocator<_Tp1>&) [with _Tp1 = seq::Broadcast::BroadcastListener; _Tp = std::_Sp_counted_ptr_inplace<seq::Broadcast::BroadcastListener, std::allocator<seq::Broadcast::BroadcastListener>, __gnu_cxx::_S_single>]	16	static
allocator.h:153:7:std::allocator< <template-parameter-1-1> >::~allocator() [with _Tp = std::_Sp_counted_ptr_inplace<seq::Broadcast::BroadcastListener, std::allocator<seq::Broadcast::BroadcastListener>, __gnu_cxx::_S_single>]	16	static
allocated_ptr.h:95:5:std::__allocated_ptr<_Alloc> std::__allocate_guarded(_Alloc&) [with _Alloc = std::allocator<std::_Sp_counted_ptr_inplace<seq::Broadcast::BroadcastListener, std::allocator<seq::Broadcast::BroadcastListener>, __gnu_cxx::_S_single> >]	16	static
allocated_ptr.h:70:7:std::__allocated_ptr<_Alloc>::~__allocated_ptr() [with _Alloc = std::allocator<std::_Sp_counted_ptr_inplace<seq::Broadcast::BroadcastListener, std::allocator<seq::Broadcast::BroadcastListener>, __gnu_cxx::_S_single> >]	16	static
allocated_ptr.h:85:19:std::__allocated_ptr<_Alloc>::value_type* std::__allocated_ptr<_Alloc>::get() [with _Alloc = std::allocator<std::_Sp_counted_ptr_inplace<seq::Broadcast::BroadcastListener, std::allocator<seq::Broadcast::BroadcastListener>, __gnu_cxx::_S_single> >]	16	static
allocator.h:141:7:std::allocator< <template-parameter-1-1> >::allocator(const std::allocator< <template-parameter-1-1> >&) [with _Tp = seq::Broadcast::BroadcastListener]	16	static
shared_ptr_base.h:412:12:std::_Sp_ebo_helper<0, std::allocator<seq::Broadcast::BroadcastListener>, true>::~_Sp_ebo_helper()	16	static
shared_ptr_base.h:526:13:std::_Sp_counted_ptr_inplace<seq::Broadcast::BroadcastListener, std::allocator<seq::Broadcast::BroadcastListener>, __gnu_cxx::_S_single>::_Impl::~_Impl()	16	static
shared_ptr_base.h:543:2:) [with _Args = {std::__cxx11::basic_string<char, std::char_traits<char>, std::allocator<char> >&, seq::BroadcastCondition::BroadcastCondition(std::string)::<lambda()>}; _Tp = seq::Broadcast::BroadcastListener; _Alloc = std::allocator<seq::Broadcast::BroadcastListener>; __gnu_cxx::_Lock_policy _Lp = __gnu_cxx::_S_single]	40	static
allocated_ptr.h:78:7:std::__allocated_ptr<_Alloc>& std::__allocated_ptr<_Alloc>::operator=(std::nullptr_t) [with _Alloc = std::allocator<std::_Sp_counted_ptr_inplace<seq::Broadcast::BroadcastListener, std::allocator<seq::Broadcast::BroadcastListener>, __gnu_cxx::_S_single> >]	16	static
shared_ptr_base.h:594:12:_Tp* std::_Sp_counted_ptr_inplace<_Tp, _Alloc, _Lp>::_M_ptr() [with _Tp = seq::Broadcast::BroadcastListener; _Alloc = std::allocator<seq::Broadcast::BroadcastListener>; __gnu_cxx::_Lock_policy _Lp = __gnu_cxx::_S_single]	16	static
alloc_traits.h:505:7:static std::allocator_traits<std::allocator<_CharT> >::size_type std::allocator_traits<std::allocator<_CharT> >::max_size(const allocator_type&) [with _Tp = std::shared_ptr<seq::Block>]	16	static
stl_algobase.h:198:5:constexpr const _Tp& std::min(const _Tp&, const _Tp&) [with _Tp = unsigned int]	16	static
new_allocator.h:132:7:__gnu_cxx::new_allocator<_Tp>::size_type __gnu_cxx::new_allocator<_Tp>::max_size() const [with _Tp = std::shared_ptr<seq::Block>]	16	static
stl_algobase.h:280:5:_Iterator std::__niter_base(_Iterator) [with _Iterator = std::shared_ptr<seq::Block>*]	16	static
stl_uninitialized.h:936:5:_ForwardIterator std::__relocate_a_1(_InputIterator, _InputIterator, _ForwardIterator, _Allocator&) [with _InputIterator = std::shared_ptr<seq::Block>*; _ForwardIterator = std::shared_ptr<seq::Block>*; _Allocator = std::allocator<std::shared_ptr<seq::Block> >]	40	static
stl_uninitialized.h:76:9:static _ForwardIterator std::__uninitialized_copy<_TrivialValueTypes>::__uninit_copy(_InputIterator, _InputIterator, _ForwardIterator) [with _InputIterator = std::move_iterator<std::shared_ptr<seq::Block>*>; _ForwardIterator = std::shared_ptr<seq::Block>*; bool _TrivialValueTypes = false]	40	static
stl_vector.h:1773:7:static std::vector<_Tp, _Alloc>::size_type std::vector<_Tp, _Alloc>::_S_max_size(const _Tp_alloc_type&) [with _Tp = seq::Sequence*; _Alloc = std::allocator<seq::Sequence*>]	24	static
stl_vector.h:277:7:const _Tp_alloc_type& std::_Vector_base<_Tp, _Alloc>::_M_get_Tp_allocator() const [with _Tp = seq::Sequence*; _Alloc = std::allocator<seq::Sequence*>]	16	static
new_allocator.h:102:7:_Tp* __gnu_cxx::new_allocator<_Tp>::allocate(__gnu_cxx::new_allocator<_Tp>::size_type, const void*) [with _Tp = seq::Sequence*]	24	static
stl_uninitialized.h:958:5:_ForwardIterator std::__relocate_a(_InputIterator, _InputIterator, _ForwardIterator, _Allocator&) [with _InputIterator = seq::Sequence**; _ForwardIterator = seq::Sequence**; _Allocator = std::allocator<seq::Sequence*>]	32	static
stl_iterator.h:1057:7:std::move_iterator<_Iterator>::move_iterator(std::move_iterator<_Iterator>::iterator_type) [with _Iterator = seq::Sequence**]	16	static
stl_uninitialized.h:115:5:_ForwardIterator std::uninitialized_copy(_InputIterator, _InputIterator, _ForwardIterator) [with _InputIterator = std::move_iterator<seq::Sequence**>; _ForwardIterator = seq::Sequence**]	32	static
stl_construct.h:117:9:static void std::_Destroy_aux<true>::__destroy(_ForwardIterator, _ForwardIterator) [with _ForwardIterator = seq::Sequence**]	16	static
alloc_traits.h:505:7:static std::allocator_traits<std::allocator<_CharT> >::size_type std::allocator_traits<std::allocator<_CharT> >::max_size(const allocator_type&) [with _Tp = std::shared_ptr<seq::IVariable>]	16	static
new_allocator.h:132:7:__gnu_cxx::new_allocator<_Tp>::size_type __gnu_cxx::new_allocator<_Tp>::max_size() const [with _Tp = std::shared_ptr<seq::IVariable>]	16	static
stl_algobase.h:280:5:_Iterator std::__niter_base(_Iterator) [with _Iterator = std::shared_ptr<seq::IVariable>*]	16	static
stl_uninitialized.h:936:5:_ForwardIterator std::__relocate_a_1(_InputIterator, _InputIterator, _ForwardIterator, _Allocator&) [with _InputIterator = std::shared_ptr<seq::IVariable>*; _ForwardIterator = std::shared_ptr<seq::IVariable>*; _Allocator = std::allocator<std::shared_ptr<seq::IVariable> >]	40	static
stl_uninitialized.h:76:9:static _ForwardIterator std::__uninitialized_copy<_TrivialValueTypes>::__uninit_copy(_InputIterator, _InputIterator, _ForwardIterator) [with _InputIterator = std::move_iterator<std::shared_ptr<seq::IVariable>*>; _ForwardIterator = std::shared_ptr<seq::IVariable>*; bool _TrivialValueTypes = false]	40	static
alloc_traits.h:505:7:static std::allocator_traits<std::allocator<_CharT> >::size_type std::allocator_traits<std::allocator<_CharT> >::max_size(const allocator_type&) [with _Tp = std::shared_ptr<seq::Broadcast::BroadcastListener>]	16	static
new_allocator.h:132:7:__gnu_cxx::new_allocator<_Tp>::size_type __gnu_cxx::new_allocator<_Tp>::max_size() const [with _Tp = std::shared_ptr<seq::Broadcast::BroadcastListener>]	16	static
stl_algobase.h:280:5:_Iterator std::__niter_base(_Iterator) [with _Iterator = std::shared_ptr<seq::Broadcast::BroadcastListener>*]	16	static
stl_uninitialized.h:936:5:_ForwardIterator std::__relocate_a_1(_InputIterator, _InputIterator, _ForwardIterator, _Allocator&) [with _InputIterator = std::shared_ptr<seq::Broadcast::BroadcastListener>*; _ForwardIterator = std::shared_ptr<seq::Broadcast::BroadcastListener>*; _Allocator = std::allocator<std::shared_ptr<seq::Broadcast::BroadcastListener> >]	40	static
stl_uninitialized.h:76:9:static _ForwardIterator std::__uninitialized_copy<_TrivialValueTypes>::__uninit_copy(_InputIterator, _InputIterator, _ForwardIterator) [with _InputIterator = std::move_iterator<std::shared_ptr<seq::Broadcast::BroadcastListener>*>; _ForwardIterator = std::shared_ptr<seq::Broadcast::BroadcastListener>*; bool _TrivialValueTypes = false]	40	static
new_allocator.h:80:7:__gnu_cxx::new_allocator<_Tp>::new_allocator() [with _Tp = std::_Sp_counted_ptr_inplace<seq::Broadcast::BroadcastListener, std::allocator<seq::Broadcast::BroadcastListener>, __gnu_cxx::_S_single>]	16	static
new_allocator.h:89:7:__gnu_cxx::new_allocator<_Tp>::~new_allocator() [with _Tp = std::_Sp_counted_ptr_inplace<seq::Broadcast::BroadcastListener, std::allocator<seq::Broadcast::BroadcastListener>, __gnu_cxx::_S_single>]	16	static
alloc_traits.h:443:7:static _Tp* std::allocator_traits<std::allocator<_CharT> >::allocate(std::allocator_traits<std::allocator<_CharT> >::allocator_type&, std::allocator_traits<std::allocator<_CharT> >::size_type) [with _Tp = std::_Sp_counted_ptr_inplace<seq::Broadcast::BroadcastListener, std::allocator<seq::Broadcast::BroadcastListener>, __gnu_cxx::_S_single>]	16	static
allocated_ptr.h:52:7:std::__allocated_ptr<_Alloc>::__allocated_ptr(_Alloc&, std::__allocated_ptr<_Alloc>::pointer) [with _Alloc = std::allocator<std::_Sp_counted_ptr_inplace<seq::Broadcast::BroadcastListener, std::allocator<seq::Broadcast::BroadcastListener>, __gnu_cxx::_S_single> >]	24	static
alloc_traits.h:469:7:static void std::allocator_traits<std::allocator<_CharT> >::deallocate(std::allocator_traits<std::allocator<_CharT> >::allocator_type&, std::allocator_traits<std::allocator<_CharT> >::pointer, std::allocator_traits<std::allocator<_CharT> >::size_type) [with _Tp = std::_Sp_counted_ptr_inplace<seq::Broadcast::BroadcastListener, std::allocator<seq::Broadcast::BroadcastListener>, __gnu_cxx::_S_single>]	24	static
ptr_traits.h:155:5:constexpr _Tp* std::__to_address(_Tp*) [with _Tp = std::_Sp_counted_ptr_inplace<seq::Broadcast::BroadcastListener, std::allocator<seq::Broadcast::BroadcastListener>, __gnu_cxx::_S_single>]	16	static
new_allocator.h:83:7:__gnu_cxx::new_allocator<_Tp>::new_allocator(const __gnu_cxx::new_allocator<_Tp>&) [with _Tp = seq::Broadcast::BroadcastListener]	16	static
shared_ptr_base.h:117:7:std::_Sp_counted_base<_Lp>::_Sp_counted_base() [with __gnu_cxx::_Lock_policy _Lp = __gnu_cxx::_S_single]	16	static
shared_ptr_base.h:531:11:std::_Sp_counted_ptr_inplace<_Tp, _Alloc, _Lp>::_Impl::_Impl(_Alloc) [with _Tp = seq::Broadcast::BroadcastListener; _Alloc = std::allocator<seq::Broadcast::BroadcastListener>; __gnu_cxx::_Lock_policy _Lp = __gnu_cxx::_S_single]	16	static
alloc_traits.h:482:2:) [with _Up = seq::Broadcast::BroadcastListener; _Args = {std::__cxx11::basic_string<char, std::char_traits<char>, std::allocator<char> >&, seq::BroadcastCondition::BroadcastCondition(std::string)::<lambda()>}; _Tp = seq::Broadcast::BroadcastListener]	32	static
aligned_buffer.h:114:7:_Tp* __gnu_cxx::__aligned_buffer<_Tp>::_M_ptr() [with _Tp = seq::Broadcast::BroadcastListener]	16	static
stl_uninitialized.h:905:5:void std::__relocate_object_a(_Tp*, _Up*, _Allocator&) [with _Tp = std::shared_ptr<seq::Block>; _Up = std::shared_ptr<seq::Block>; _Allocator = std::allocator<std::shared_ptr<seq::Block> >]	24	static
stl_iterator.h:1157:5:bool std::operator!=(const std::move_iterator<_IteratorL>&, const std::move_iterator<_IteratorL>&) [with _Iterator = std::shared_ptr<seq::Block>*]	16	static
stl_iterator.h:1078:7:std::move_iterator<_Iterator>& std::move_iterator<_Iterator>::operator++() [with _Iterator = std::shared_ptr<seq::Block>*]	16	static
stl_iterator.h:1070:7:std::move_iterator<_Iterator>::reference std::move_iterator<_Iterator>::operator*() const [with _Iterator = std::shared_ptr<seq::Block>*]	16	static
stl_construct.h:74:5:) [with _T1 = std::shared_ptr<seq::Block>; _Args = {std::shared_ptr<seq::Block>}]	24	static
alloc_traits.h:505:7:static std::allocator_traits<std::allocator<_CharT> >::size_type std::allocator_traits<std::allocator<_CharT> >::max_size(const allocator_type&) [with _Tp = seq::Sequence*]	16	static
new_allocator.h:132:7:__gnu_cxx::new_allocator<_Tp>::size_type __gnu_cxx::new_allocator<_Tp>::max_size() const [with _Tp = seq::Sequence*]	16	static
stl_algobase.h:280:5:_Iterator std::__niter_base(_Iterator) [with _Iterator = seq::Sequence**]	16	static
stl_uninitialized.h:924:5:std::__enable_if_t<std::__is_bitwise_relocatable<_Tp>::value, _Tp*> std::__relocate_a_1(_Tp*, _Tp*, _Tp*, std::allocator<_T2>&) [with _Tp = seq::Sequence*; _Up = seq::Sequence*]	32	static
stl_uninitialized.h:99:9:static _ForwardIterator std::__uninitialized_copy<true>::__uninit_copy(_InputIterator, _InputIterator, _ForwardIterator) [with _InputIterator = std::move_iterator<seq::Sequence**>; _ForwardIterator = seq::Sequence**]	24	static
stl_uninitialized.h:905:5:void std::__relocate_object_a(_Tp*, _Up*, _Allocator&) [with _Tp = std::shared_ptr<seq::IVariable>; _Up = std::shared_ptr<seq::IVariable>; _Allocator = std::allocator<std::shared_ptr<seq::IVariable> >]	24	static
stl_iterator.h:1157:5:bool std::operator!=(const std::move_iterator<_IteratorL>&, const std::move_iterator<_IteratorL>&) [with _Iterator = std::shared_ptr<seq::IVariable>*]	16	static
stl_iterator.h:1078:7:std::move_iterator<_Iterator>& std::move_iterator<_Iterator>::operator++() [with _Iterator = std::shared_ptr<seq::IVariable>*]	16	static
stl_iterator.h:1070:7:std::move_iterator<_Iterator>::reference std::move_iterator<_Iterator>::operator*() const [with _Iterator = std::shared_ptr<seq::IVariable>*]	16	static
stl_construct.h:74:5:) [with _T1 = std::shared_ptr<seq::IVariable>; _Args = {std::shared_ptr<seq::IVariable>}]	24	static
stl_uninitialized.h:905:5:void std::__relocate_object_a(_Tp*, _Up*, _Allocator&) [with _Tp = std::shared_ptr<seq::Broadcast::BroadcastListener>; _Up = std::shared_ptr<seq::Broadcast::BroadcastListener>; _Allocator = std::allocator<std::shared_ptr<seq::Broadcast::BroadcastListener> >]	24	static
stl_iterator.h:1157:5:bool std::operator!=(const std::move_iterator<_IteratorL>&, const std::move_iterator<_IteratorL>&) [with _Iterator = std::shared_ptr<seq::Broadcast::BroadcastListener>*]	16	static
stl_iterator.h:1078:7:std::move_iterator<_Iterator>& std::move_iterator<_Iterator>::operator++() [with _Iterator = std::shared_ptr<seq::Broadcast::BroadcastListener>*]	16	static
stl_iterator.h:1070:7:std::move_iterator<_Iterator>::reference std::move_iterator<_Iterator>::operator*() const [with _Iterator = std::shared_ptr<seq::Broadcast::BroadcastListener>*]	16	static
stl_construct.h:74:5:) [with _T1 = std::shared_ptr<seq::Broadcast::BroadcastListener>; _Args = {std::shared_ptr<seq::Broadcast::BroadcastListener>}]	24	static
new_allocator.h:102:7:_Tp* __gnu_cxx::new_allocator<_Tp>::allocate(__gnu_cxx::new_allocator<_Tp>::size_type, const void*) [with _Tp = std::_Sp_counted_ptr_inplace<seq::Broadcast::BroadcastListener, std::allocator<seq::Broadcast::BroadcastListener>, __gnu_cxx::_S_single>]	24	static
move.h:47:5:constexpr _Tp* std::__addressof(_Tp&) [with _Tp = std::allocator<std::_Sp_counted_ptr_inplace<seq::Broadcast::BroadcastListener, std::allocator<seq::Broadcast::BroadcastListener>, __gnu_cxx::_S_single> >]	16	static
new_allocator.h:119:7:void __gnu_cxx::new_allocator<_Tp>::deallocate(__gnu_cxx::new_allocator<_Tp>::pointer, __gnu_cxx::new_allocator<_Tp>::size_type) [with _Tp = std::_Sp_counted_ptr_inplace<seq::Broadcast::BroadcastListener, std::allocator<seq::Broadcast::BroadcastListener>, __gnu_cxx::_S_single>]	24	static
shared_ptr_base.h:414:16:std::_Sp_ebo_helper<_Nm, _Tp, true>::_Sp_ebo_helper(const _Tp&) [with int _Nm = 0; _Tp = std::allocator<seq::Broadcast::BroadcastListener>]	16	static
new_allocator.h:144:2:) [with _Up = seq::Broadcast::BroadcastListener; _Args = {std::__cxx11::basic_string<char, std::char_traits<char>, std::allocator<char> >&, seq::BroadcastCondition::BroadcastCondition(std::string)::<lambda()>}; _Tp = seq::Broadcast::BroadcastListener]	48	static
aligned_buffer.h:102:7:void* __gnu_cxx::__aligned_buffer<_Tp>::_M_addr() [with _Tp = seq::Broadcast::BroadcastListener]	16	static
move.h:99:5:constexpr typename std::remove_reference<_Tp>::type&& std::move(_Tp&&) [with _Tp = std::shared_ptr<seq::Block>&]	16	static
alloc_traits.h:482:2:) [with _Up = std::shared_ptr<seq::Block>; _Args = {std::shared_ptr<seq::Block>}; _Tp = std::shared_ptr<seq::Block>]	24	static
stl_iterator.h:1145:5:bool std::operator==(const std::move_iterator<_IteratorL>&, const std::move_iterator<_IteratorL>&) [with _Iterator = std::shared_ptr<seq::Block>*]	24	static
move.h:74:5:constexpr _Tp&& std::forward(typename std::remove_reference<_Tp>::type&) [with _Tp = std::shared_ptr<seq::Block>]	16	static
shared_ptr.h:254:7:std::shared_ptr<_Tp>::shared_ptr(std::shared_ptr<_Tp>&&) [with _Tp = seq::Block]	24	static
stl_algobase.h:465:5:_OI std::copy(_II, _II, _OI) [with _II = std::move_iterator<seq::Sequence**>; _OI = seq::Sequence**]	32	static
move.h:99:5:constexpr typename std::remove_reference<_Tp>::type&& std::move(_Tp&&) [with _Tp = std::shared_ptr<seq::IVariable>&]	16	static
alloc_traits.h:482:2:) [with _Up = std::shared_ptr<seq::IVariable>; _Args = {std::shared_ptr<seq::IVariable>}; _Tp = std::shared_ptr<seq::IVariable>]	24	static
stl_iterator.h:1145:5:bool std::operator==(const std::move_iterator<_IteratorL>&, const std::move_iterator<_IteratorL>&) [with _Iterator = std::shared_ptr<seq::IVariable>*]	24	static
move.h:74:5:constexpr _Tp&& std::forward(typename std::remove_reference<_Tp>::type&) [with _Tp = std::shared_ptr<seq::IVariable>]	16	static
shared_ptr.h:254:7:std::shared_ptr<_Tp>::shared_ptr(std::shared_ptr<_Tp>&&) [with _Tp = seq::IVariable]	24	static
alloc_traits.h:482:2:) [with _Up = std::shared_ptr<seq::Broadcast::BroadcastListener>; _Args = {std::shared_ptr<seq::Broadcast::BroadcastListener>}; _Tp = std::shared_ptr<seq::Broadcast::BroadcastListener>]	24	static
stl_iterator.h:1145:5:bool std::operator==(const std::move_iterator<_IteratorL>&, const std::move_iterator<_IteratorL>&) [with _Iterator = std::shared_ptr<seq::Broadcast::BroadcastListener>*]	24	static
move.h:74:5:constexpr _Tp&& std::forward(typename std::remove_reference<_Tp>::type&) [with _Tp = std::shared_ptr<seq::Broadcast::BroadcastListener>]	16	static
new_allocator.h:132:7:__gnu_cxx::new_allocator<_Tp>::size_type __gnu_cxx::new_allocator<_Tp>::max_size() const [with _Tp = std::_Sp_counted_ptr_inplace<seq::Broadcast::BroadcastListener, std::allocator<seq::Broadcast::BroadcastListener>, __gnu_cxx::_S_single>]	16	static
std_function.h:667:7:)>::function(_Functor) [with _Functor = seq::BroadcastCondition::BroadcastCondition(std::string)::<lambda()>; <template-parameter-2-2> = void; <template-parameter-2-3> = void; _Res = void; _ArgTypes = {}]	24	static
new_allocator.h:144:2:) [with _Up = std::shared_ptr<seq::Block>; _Args = {std::shared_ptr<seq::Block>}; _Tp = std::shared_ptr<seq::Block>]	32	static
stl_iterator.h:1066:7:std::move_iterator<_Iterator>::iterator_type std::move_iterator<_Iterator>::base() const [with _Iterator = std::shared_ptr<seq::Block>*]	16	static
shared_ptr_base.h:1176:7:std::__shared_ptr<_Tp, _Lp>::__shared_ptr(std::__shared_ptr<_Tp, _Lp>&&) [with _Tp = seq::Block; __gnu_cxx::_Lock_policy _Lp = __gnu_cxx::_S_single]	16	static
stl_iterator.h:1262:5:base())) std::__miter_base(std::move_iterator<_IteratorL>) [with _Iterator = seq::Sequence**]	16	static
stl_algobase.h:438:5:_OI std::__copy_move_a2(_II, _II, _OI) [with bool _IsMove = true; _II = seq::Sequence**; _OI = seq::Sequence**]	32	static
new_allocator.h:144:2:) [with _Up = std::shared_ptr<seq::IVariable>; _Args = {std::shared_ptr<seq::IVariable>}; _Tp = std::shared_ptr<seq::IVariable>]	32	static
stl_iterator.h:1066:7:std::move_iterator<_Iterator>::iterator_type std::move_iterator<_Iterator>::base() const [with _Iterator = std::shared_ptr<seq::IVariable>*]	16	static
shared_ptr_base.h:1176:7:std::__shared_ptr<_Tp, _Lp>::__shared_ptr(std::__shared_ptr<_Tp, _Lp>&&) [with _Tp = seq::IVariable; __gnu_cxx::_Lock_policy _Lp = __gnu_cxx::_S_single]	16	static
new_allocator.h:144:2:) [with _Up = std::shared_ptr<seq::Broadcast::BroadcastListener>; _Args = {std::shared_ptr<seq::Broadcast::BroadcastListener>}; _Tp = std::shared_ptr<seq::Broadcast::BroadcastListener>]	32	static
stl_iterator.h:1066:7:std::move_iterator<_Iterator>::iterator_type std::move_iterator<_Iterator>::base() const [with _Iterator = std::shared_ptr<seq::Broadcast::BroadcastListener>*]	16	static
std_function.h:242:4:static bool std::_Function_base::_Base_manager<_Functor>::_M_not_empty_function(const _Tp&) [with _Tp = seq::BroadcastCondition::BroadcastCondition(std::string)::<lambda()>; _Functor = seq::BroadcastCondition::BroadcastCondition(std::string)::<lambda()>]	16	static
move.h:99:5:constexpr typename std::remove_reference<_Tp>::type&& std::move(_Tp&&) [with _Tp = seq::BroadcastCondition::BroadcastCondition(std::string)::<lambda()>&]	16	static
std_function.h:222:2:static void std::_Function_base::_Base_manager<_Functor>::_M_init_functor(std::_Any_data&, _Functor&&) [with _Functor = seq::BroadcastCondition::BroadcastCondition(std::string)::<lambda()>]	32	static
std_function.h:298:7:) [with _Functor = seq::BroadcastCondition::BroadcastCondition(std::string)::<lambda()>; _ArgTypes = {}]	16	static
std_function.h:196:2:static bool std::_Function_base::_Base_manager<_Functor>::_M_manager(std::_Any_data&, const std::_Any_data&, std::_Manager_operation) [with _Functor = seq::BroadcastCondition::BroadcastCondition(std::string)::<lambda()>]	40	static
stl_iterator.h:1066:7:std::move_iterator<_Iterator>::iterator_type std::move_iterator<_Iterator>::base() const [with _Iterator = seq::Sequence**]	16	static
cpp_type_traits.h:428:5:_Iterator std::__miter_base(_Iterator) [with _Iterator = seq::Sequence**]	16	static
stl_algobase.h:393:5:_OI std::__copy_move_a(_II, _II, _OI) [with bool _IsMove = true; _II = seq::Sequence**; _OI = seq::Sequence**]	32	static
stl_algobase.h:295:5:_Iterator std::__niter_wrap(const _Iterator&, _Iterator) [with _Iterator = seq::Sequence**]	16	static
std_function.h:247:2:static void std::_Function_base::_Base_manager<_Functor>::_M_init_functor(std::_Any_data&, _Functor&&, std::true_type) [with _Functor = seq::BroadcastCondition::BroadcastCondition(std::string)::<lambda()>]	32	static
std_function.h:151:2:static _Functor* std::_Function_base::_Base_manager<_Functor>::_M_get_pointer(const std::_Any_data&) [with _Functor = seq::BroadcastCondition::BroadcastCondition(std::string)::<lambda()>]	24	static
std_function.h:92:7:_Tp& std::_Any_data::_M_access() [with _Tp = seq::BroadcastCondition::BroadcastCondition(std::string)::<lambda()>*]	16	static
std_function.h:165:2:static void std::_Function_base::_Base_manager<_Functor>::_M_clone(std::_Any_data&, const std::_Any_data&, std::true_type) [with _Functor = seq::BroadcastCondition::BroadcastCondition(std::string)::<lambda()>]	32	static
std_function.h:182:2:static void std::_Function_base::_Base_manager<_Functor>::_M_destroy(std::_Any_data&, std::true_type) [with _Functor = seq::BroadcastCondition::BroadcastCondition(std::string)::<lambda()>]	16	static
stl_algobase.h:375:2:static _Tp* std::__copy_move<_IsMove, true, std::random_access_iterator_tag>::__copy_m(const _Tp*, const _Tp*, _Tp*) [with _Tp = seq::Sequence*; bool _IsMove = true]	32	static
std_function.h:97:7:const _Tp& std::_Any_data::_M_access() const [with _Tp = seq::BroadcastCondition::BroadcastCondition(std::string)::<lambda()>]	16	static
move.h:47:5:constexpr _Tp* std::__addressof(_Tp&) [with _Tp = const seq::BroadcastCondition::BroadcastCondition(std::string)::<lambda()>]	16	static
std_function.h:92:7:_Tp& std::_Any_data::_M_access() [with _Tp = seq::BroadcastCondition::BroadcastCondition(std::string)::<lambda()>]	16	static
sequence_core.h:241:7:seq::Broadcast::~Broadcast()	16	static
sequence_core.cpp:330:1:void __static_initialization_and_destruction_0(int, int)	16	static
shared_ptr_base.h:552:7:std::_Sp_counted_ptr_inplace<_Tp, _Alloc, _Lp>::~_Sp_counted_ptr_inplace() [with _Tp = seq::Broadcast::BroadcastListener; _Alloc = std::allocator<seq::Broadcast::BroadcastListener>; __gnu_cxx::_Lock_policy _Lp = __gnu_cxx::_S_single]	16	static
shared_ptr_base.h:552:7:std::_Sp_counted_ptr_inplace<_Tp, _Alloc, _Lp>::~_Sp_counted_ptr_inplace() [with _Tp = seq::Broadcast::BroadcastListener; _Alloc = std::allocator<seq::Broadcast::BroadcastListener>; __gnu_cxx::_Lock_policy _Lp = __gnu_cxx::_S_single]	16	static
shared_ptr_base.h:555:7:void std::_Sp_counted_ptr_inplace<_Tp, _Alloc, _Lp>::_M_dispose() [with _Tp = seq::Broadcast::BroadcastListener; _Alloc = std::allocator<seq::Broadcast::BroadcastListener>; __gnu_cxx::_Lock_policy _Lp = __gnu_cxx::_S_single]	24	static
shared_ptr_base.h:562:7:void std::_Sp_counted_ptr_inplace<_Tp, _Alloc, _Lp>::_M_destroy() [with _Tp = seq::Broadcast::BroadcastListener; _Alloc = std::allocator<seq::Broadcast::BroadcastListener>; __gnu_cxx::_Lock_policy _Lp = __gnu_cxx::_S_single]	32	static
shared_ptr_base.h:575:7:void* std::_Sp_counted_ptr_inplace<_Tp, _Alloc, _Lp>::_M_get_deleter(const std::type_info&) [with _Tp = seq::Broadcast::BroadcastListener; _Alloc = std::allocator<seq::Broadcast::BroadcastListener>; __gnu_cxx::_Lock_policy _Lp = __gnu_cxx::_S_single]	24	static
stl_vector.h:675:7:std::vector<_Tp, _Alloc>::~vector() [with _Tp = seq::Sequence*; _Alloc = std::allocator<seq::Sequence*>]	24	static
shared_ptr_base.h:533:10:_Alloc& std::_Sp_counted_ptr_inplace<_Tp, _Alloc, _Lp>::_Impl::_M_alloc() [with _Tp = seq::Broadcast::BroadcastListener; _Alloc = std::allocator<seq::Broadcast::BroadcastListener>; __gnu_cxx::_Lock_policy _Lp = __gnu_cxx::_S_single]	16	static
alloc_traits.h:495:2:static void std::allocator_traits<std::allocator<_CharT> >::destroy(std::allocator_traits<std::allocator<_CharT> >::allocator_type&, _Up*) [with _Up = seq::Broadcast::BroadcastListener; _Tp = seq::Broadcast::BroadcastListener]	16	static
shared_ptr_base.h:418:7:static _Tp& std::_Sp_ebo_helper<_Nm, _Tp, true>::_S_get(std::_Sp_ebo_helper<_Nm, _Tp, true>&) [with int _Nm = 0; _Tp = std::allocator<seq::Broadcast::BroadcastListener>]	16	static
sequence_core.h:248:11:seq::Broadcast::BroadcastListener::~BroadcastListener()	16	static
new_allocator.h:151:2:void __gnu_cxx::new_allocator<_Tp>::destroy(_Up*) [with _Up = seq::Broadcast::BroadcastListener; _Tp = seq::Broadcast::BroadcastListener]	16	static
sequence_core.cpp:330:1:cpp)	8	static
sequence_core.cpp:330:1:cpp)	8	static
