Archive member included to satisfy reference by file (symbol)

c:/st/stm32cubeide_1.7.0/stm32cubeide/plugins/com.st.stm32cube.ide.mcu.externaltools.gnu-tools-for-stm32.9-2020-q2-update.win32_2.0.0.202105311346/tools/bin/../lib/gcc/arm-none-eabi/9.3.1/../../../../arm-none-eabi/lib/thumb/v7e-m+fp/hard\libc_nano.a(lib_a-errno.o)
                              ./Core/Src/syscalls.o (__errno)
c:/st/stm32cubeide_1.7.0/stm32cubeide/plugins/com.st.stm32cube.ide.mcu.externaltools.gnu-tools-for-stm32.9-2020-q2-update.win32_2.0.0.202105311346/tools/bin/../lib/gcc/arm-none-eabi/9.3.1/../../../../arm-none-eabi/lib/thumb/v7e-m+fp/hard\libc_nano.a(lib_a-exit.o)
                              c:/st/stm32cubeide_1.7.0/stm32cubeide/plugins/com.st.stm32cube.ide.mcu.externaltools.gnu-tools-for-stm32.9-2020-q2-update.win32_2.0.0.202105311346/tools/bin/../lib/gcc/arm-none-eabi/9.3.1/../../../../arm-none-eabi/lib/thumb/v7e-m+fp/hard/crt0.o (exit)
c:/st/stm32cubeide_1.7.0/stm32cubeide/plugins/com.st.stm32cube.ide.mcu.externaltools.gnu-tools-for-stm32.9-2020-q2-update.win32_2.0.0.202105311346/tools/bin/../lib/gcc/arm-none-eabi/9.3.1/../../../../arm-none-eabi/lib/thumb/v7e-m+fp/hard\libc_nano.a(lib_a-impure.o)
                              c:/st/stm32cubeide_1.7.0/stm32cubeide/plugins/com.st.stm32cube.ide.mcu.externaltools.gnu-tools-for-stm32.9-2020-q2-update.win32_2.0.0.202105311346/tools/bin/../lib/gcc/arm-none-eabi/9.3.1/../../../../arm-none-eabi/lib/thumb/v7e-m+fp/hard\libc_nano.a(lib_a-exit.o) (_global_impure_ptr)
c:/st/stm32cubeide_1.7.0/stm32cubeide/plugins/com.st.stm32cube.ide.mcu.externaltools.gnu-tools-for-stm32.9-2020-q2-update.win32_2.0.0.202105311346/tools/bin/../lib/gcc/arm-none-eabi/9.3.1/../../../../arm-none-eabi/lib/thumb/v7e-m+fp/hard\libc_nano.a(lib_a-init.o)
                              c:/st/stm32cubeide_1.7.0/stm32cubeide/plugins/com.st.stm32cube.ide.mcu.externaltools.gnu-tools-for-stm32.9-2020-q2-update.win32_2.0.0.202105311346/tools/bin/../lib/gcc/arm-none-eabi/9.3.1/../../../../arm-none-eabi/lib/thumb/v7e-m+fp/hard/crt0.o (__libc_init_array)
c:/st/stm32cubeide_1.7.0/stm32cubeide/plugins/com.st.stm32cube.ide.mcu.externaltools.gnu-tools-for-stm32.9-2020-q2-update.win32_2.0.0.202105311346/tools/bin/../lib/gcc/arm-none-eabi/9.3.1/../../../../arm-none-eabi/lib/thumb/v7e-m+fp/hard\libc_nano.a(lib_a-malloc.o)
                              ./ScueDK/scuedk_embedded/slave/src/serial_line.o (free)
c:/st/stm32cubeide_1.7.0/stm32cubeide/plugins/com.st.stm32cube.ide.mcu.externaltools.gnu-tools-for-stm32.9-2020-q2-update.win32_2.0.0.202105311346/tools/bin/../lib/gcc/arm-none-eabi/9.3.1/../../../../arm-none-eabi/lib/thumb/v7e-m+fp/hard\libc_nano.a(lib_a-memcpy-stub.o)
                              ./ScueDK/scuedk_embedded/slave/src/serial_line.o (memcpy)
c:/st/stm32cubeide_1.7.0/stm32cubeide/plugins/com.st.stm32cube.ide.mcu.externaltools.gnu-tools-for-stm32.9-2020-q2-update.win32_2.0.0.202105311346/tools/bin/../lib/gcc/arm-none-eabi/9.3.1/../../../../arm-none-eabi/lib/thumb/v7e-m+fp/hard\libc_nano.a(lib_a-memset.o)
                              c:/st/stm32cubeide_1.7.0/stm32cubeide/plugins/com.st.stm32cube.ide.mcu.externaltools.gnu-tools-for-stm32.9-2020-q2-update.win32_2.0.0.202105311346/tools/bin/../lib/gcc/arm-none-eabi/9.3.1/../../../../arm-none-eabi/lib/thumb/v7e-m+fp/hard/crt0.o (memset)
c:/st/stm32cubeide_1.7.0/stm32cubeide/plugins/com.st.stm32cube.ide.mcu.externaltools.gnu-tools-for-stm32.9-2020-q2-update.win32_2.0.0.202105311346/tools/bin/../lib/gcc/arm-none-eabi/9.3.1/../../../../arm-none-eabi/lib/thumb/v7e-m+fp/hard\libc_nano.a(lib_a-nano-freer.o)
                              c:/st/stm32cubeide_1.7.0/stm32cubeide/plugins/com.st.stm32cube.ide.mcu.externaltools.gnu-tools-for-stm32.9-2020-q2-update.win32_2.0.0.202105311346/tools/bin/../lib/gcc/arm-none-eabi/9.3.1/../../../../arm-none-eabi/lib/thumb/v7e-m+fp/hard\libc_nano.a(lib_a-malloc.o) (_free_r)
c:/st/stm32cubeide_1.7.0/stm32cubeide/plugins/com.st.stm32cube.ide.mcu.externaltools.gnu-tools-for-stm32.9-2020-q2-update.win32_2.0.0.202105311346/tools/bin/../lib/gcc/arm-none-eabi/9.3.1/../../../../arm-none-eabi/lib/thumb/v7e-m+fp/hard\libc_nano.a(lib_a-nano-mallocr.o)
                              c:/st/stm32cubeide_1.7.0/stm32cubeide/plugins/com.st.stm32cube.ide.mcu.externaltools.gnu-tools-for-stm32.9-2020-q2-update.win32_2.0.0.202105311346/tools/bin/../lib/gcc/arm-none-eabi/9.3.1/../../../../arm-none-eabi/lib/thumb/v7e-m+fp/hard\libc_nano.a(lib_a-malloc.o) (_malloc_r)
c:/st/stm32cubeide_1.7.0/stm32cubeide/plugins/com.st.stm32cube.ide.mcu.externaltools.gnu-tools-for-stm32.9-2020-q2-update.win32_2.0.0.202105311346/tools/bin/../lib/gcc/arm-none-eabi/9.3.1/../../../../arm-none-eabi/lib/thumb/v7e-m+fp/hard\libc_nano.a(lib_a-sbrkr.o)
[...]
Memory Configuration

Name             Origin             Length             Attributes
RAM              0x0000000020000000 0x0000000000020000 xrw
FLASH            0x0000000008000000 0x0000000000080000 xr
*default*        0x0000000000000000 0xffffffffffffffff

Linker script and memory map

LOAD c:/st/stm32cubeide_1.7.0/stm32cubeide/plugins/com.st.stm32cube.ide.mcu.externaltools.gnu-tools-for-stm32.9-2020-q2-update.win32_2.0.0.202105311346/tools/bin/../lib/gcc/arm-none-eabi/9.3.1/thumb/v7e-m+fp/hard/crti.o
LOAD c:/st/stm32cubeide_1.7.0/stm32cubeide/plugins/com.st.stm32cube.ide.mcu.externaltools.gnu-tools-for-stm32.9-2020-q2-update.win32_2.0.0.202105311346/tools/bin/../lib/gcc/arm-none-eabi/9.3.1/thumb/v7e-m+fp/hard/crtbegin.o
LOAD c:/st/stm32cubeide_1.7.0/stm32cubeide/plugins/com.st.stm32cube.ide.mcu.externaltools.gnu-tools-for-stm32.9-2020-q2-update.win32_2.0.0.202105311346/tools/bin/../lib/gcc/arm-none-eabi/9.3.1/../../../../arm-none-eabi/lib/thumb/v7e-m+fp/hard/crt0.o
LOAD ./Core/Src/HALFlash.o
LOAD ./Core/Src/PID_form.o
LOAD ./Core/Src/adc.o
LOAD ./Core/Src/dma.o
LOAD ./Core/Src/gpio.o
LOAD ./Core/Src/main.o
LOAD ./Core/Src/stm32f4xx_hal_msp.o
LOAD ./Core/Src/stm32f4xx_it.o
LOAD ./Core/Src/syscalls.o
LOAD ./Core/Src/sysmem.o
LOAD ./Core/Src/system_stm32f4xx.o
LOAD ./Core/Src/tim.o
LOAD ./Core/Src/usart.o
LOAD ./Core/Startup/startup_stm32f446retx.o
LOAD ./Drivers/STM32F4xx_HAL_Driver/Src/stm32f4xx_hal.o
LOAD ./Drivers/STM32F4xx_HAL_Driver/Src/stm32f4xx_hal_adc.o
LOAD ./Drivers/STM32F4xx_HAL_Driver/Src/stm32f4xx_hal_adc_ex.o
LOAD ./Drivers/STM32F4xx_HAL_Driver/Src/stm32f4xx_hal_cortex.o
LOAD ./Drivers/STM32F4xx_HAL_Driver/Src/stm32f4xx_hal_dma.o
LOAD ./Drivers/STM32F4xx_HAL_Driver/Src/stm32f4xx_hal_dma_ex.o
LOAD ./Drivers/STM32F4xx_HAL_Driver/Src/stm32f4xx_hal_exti.o
LOAD ./Drivers/STM32F4xx_HAL_Driver/Src/stm32f4xx_hal_flash.o
LOAD ./Drivers/STM32F4xx_HAL_Driver/Src/stm32f4xx_hal_flash_ex.o
LOAD ./Drivers/STM32F4xx_HAL_Driver/Src/stm32f4xx_hal_flash_ramfunc.o
LOAD ./Drivers/STM32F4xx_HAL_Driver/Src/stm32f4xx_hal_gpio.o
LOAD ./Drivers/STM32F4xx_HAL_Driver/Src/stm32f4xx_hal_pwr.o
LOAD ./Drivers/STM32F4xx_HAL_Driver/Src/stm32f4xx_hal_pwr_ex.o
LOAD ./Drivers/STM32F4xx_HAL_Driver/Src/stm32f4xx_hal_rcc.o
LOAD ./Drivers/STM32F4xx_HAL_Driver/Src/stm32f4xx_hal_rcc_ex.o
LOAD ./Drivers/STM32F4xx_HAL_Driver/Src/stm32f4xx_hal_tim.o
LOAD ./Drivers/STM32F4xx_HAL_Driver/Src/stm32f4xx_hal_tim_ex.o
LOAD ./Drivers/STM32F4xx_HAL_Driver/Src/stm32f4xx_ll_adc.o
LOAD ./Drivers/STM32F4xx_HAL_Driver/Src/stm32f4xx_ll_dma.o
LOAD ./Drivers/STM32F4xx_HAL_Driver/Src/stm32f4xx_ll_exti.o
LOAD ./Drivers/STM32F4xx_HAL_Driver/Src/stm32f4xx_ll_gpio.o
LOAD ./Drivers/STM32F4xx_HAL_Driver/Src/stm32f4xx_ll_rcc.o
LOAD ./Drivers/STM32F4xx_HAL_Driver/Src/stm32f4xx_ll_usart.o
LOAD ./Drivers/STM32F4xx_HAL_Driver/Src/stm32f4xx_ll_utils.o
LOAD ./ScueDK/scuedk_embedded/slave/src/serial_line.o
START GROUP
LOAD c:/st/stm32cubeide_1.7.0/stm32cubeide/plugins/com.st.stm32cube.ide.mcu.externaltools.gnu-tools-for-stm32.9-2020-q2-update.win32_2.0.0.202105311346/tools/bin/../lib/gcc/arm-none-eabi/9.3.1/../../../../arm-none-eabi/lib/thumb/v7e-m+fp/hard\libc_nano.a
LOAD c:/st/stm32cubeide_1.7.0/stm32cubeide/plugins/com.st.stm32cube.ide.mcu.externaltools.gnu-tools-for-stm32.9-2020-q2-update.win32_2.0.0.202105311346/tools/bin/../lib/gcc/arm-none-eabi/9.3.1/../../../../arm-none-eabi/lib/thumb/v7e-m+fp/hard\libm.a
END GROUP
START GROUP
LOAD c:/st/stm32cubeide_1.7.0/stm32cubeide/plugins/com.st.stm32cube.ide.mcu.externaltools.gnu-tools-for-stm32.9-2020-q2-update.win32_2.0.0.202105311346/tools/bin/../lib/gcc/arm-none-eabi/9.3.1/thumb/v7e-m+fp/hard\libgcc.a
LOAD c:/st/stm32cubeide_1.7.0/stm32cubeide/plugins/com.st.stm32cube.ide.mcu.externaltools.gnu-tools-for-stm32.9-2020-q2-update.win32_2.0.0.202105311346/tools/bin/../lib/gcc/arm-none-eabi/9.3.1/../../../../arm-none-eabi/lib/thumb/v7e-m+fp/hard\libc_nano.a
END GROUP
START GROUP
LOAD c:/st/stm32cubeide_1.7.0/stm32cubeide/plugins/com.st.stm32cube.ide.mcu.externaltools.gnu-tools-for-stm32.9-2020-q2-update.win32_2.0.0.202105311346/tools/bin/../lib/gcc/arm-none-eabi/9.3.1/thumb/v7e-m+fp/hard\libgcc.a
LOAD c:/st/stm32cubeide_1.7.0/stm32cubeide/plugins/com.st.stm32cube.ide.mcu.externaltools.gnu-tools-for-stm32.9-2020-q2-update.win32_2.0.0.202105311346/tools/bin/../lib/gcc/arm-none-eabi/9.3.1/../../../../arm-none-eabi/lib/thumb/v7e-m+fp/hard\libc_nano.a
LOAD c:/st/stm32cubeide_1.7.0/stm32cubeide/plugins/com.st.stm32cube.ide.mcu.externaltools.gnu-tools-for-stm32.9-2020-q2-update.win32_2.0.0.202105311346/tools/bin/../lib/gcc/arm-none-eabi/9.3.1/../../../../arm-none-eabi/lib/thumb/v7e-m+fp/hard\libnosys.a
END GROUP
START GROUP
LOAD c:/st/stm32cubeide_1.7.0/stm32cubeide/plugins/com.st.stm32cube.ide.mcu.externaltools.gnu-tools-for-stm32.9-2020-q2-update.win32_2.0.0.202105311346/tools/bin/../lib/gcc/arm-none-eabi/9.3.1/thumb/v7e-m+fp/hard\libgcc.a
LOAD c:/st/stm32cubeide_1.7.0/stm32cubeide/plugins/com.st.stm32cube.ide.mcu.externaltools.gnu-tools-for-stm32.9-2020-q2-update.win32_2.0.0.202105311346/tools/bin/../lib/gcc/arm-none-eabi/9.3.1/../../../../arm-none-eabi/lib/thumb/v7e-m+fp/hard\libc_nano.a
LOAD c:/st/stm32cubeide_1.7.0/stm32cubeide/plugins/com.st.stm32cube.ide.mcu.externaltools.gnu-tools-for-stm32.9-2020-q2-update.win32_2.0.0.202105311346/tools/bin/../lib/gcc/arm-none-eabi/9.3.1/../../../../arm-none-eabi/lib/thumb/v7e-m+fp/hard\libnosys.a
END GROUP
LOAD c:/st/stm32cubeide_1.7.0/stm32cubeide/plugins/com.st.stm32cube.ide.mcu.externaltools.gnu-tools-for-stm32.9-2020-q2-update.win32_2.0.0.202105311346/tools/bin/../lib/gcc/arm-none-eabi/9.3.1/thumb/v7e-m+fp/hard/crtend.o
LOAD c:/st/stm32cubeide_1.7.0/stm32cubeide/plugins/com.st.stm32cube.ide.mcu.externaltools.gnu-tools-for-stm32.9-2020-q2-update.win32_2.0.0.202105311346/tools/bin/../lib/gcc/arm-none-eabi/9.3.1/thumb/v7e-m+fp/hard/crtn.o
                0x0000000020020000                _estack = (ORIGIN (RAM) + LENGTH (RAM))
                0x0000000000000200                _Min_Heap_Size = 0x200
                0x0000000000000400                _Min_Stack_Size = 0x400

.isr_vector     0x0000000008000000      0x1c4
                0x0000000008000000                . = ALIGN (0x4)
 *(.isr_vector)
 .isr_vector    0x0000000008000000      0x1c4 ./Core/Startup/startup_stm32f446retx.o
                0x0000000008000000                g_pfnVectors
                0x00000000080001c4                . = ALIGN (0x4)

.text           0x00000000080001c8     0x8114
                0x00000000080001c8                . = ALIGN (0x4)
 *(.text)
 .text          0x00000000080001c8       0x40 c:/st/stm32cubeide_1.7.0/stm32cubeide/plugins/com.st.stm32cube.ide.mcu.externaltools.gnu-tools-for-stm32.9-2020-q2-update.win32_2.0.0.202105311346/tools/bin/../lib/gcc/arm-none-eabi/9.3.1/thumb/v7e-m+fp/hard/crtbegin.o
 .text          0x0000000008000208      0x378 c:/st/stm32cubeide_1.7.0/stm32cubeide/plugins/com.st.stm32cube.ide.mcu.externaltools.gnu-tools-for-stm32.9-2020-q2-update.win32_2.0.0.202105311346/tools/bin/../lib/gcc/arm-none-eabi/9.3.1/thumb/v7e-m+fp/hard\libgcc.a(_arm_addsubdf3.o)
                0x0000000008000208                __aeabi_drsub
                0x0000000008000210                __aeabi_dsub
                0x0000000008000210                __subdf3
                0x0000000008000214                __aeabi_dadd
                0x0000000008000214                __adddf3
                0x000000000800048c                __floatunsidf
                0x000000000800048c                __aeabi_ui2d
                0x00000000080004ac                __floatsidf
                0x00000000080004ac                __aeabi_i2d
                0x00000000080004d0                __aeabi_f2d
                0x00000000080004d0                __extendsfdf2
                0x0000000008000514                __floatundidf
                0x0000000008000514                __aeabi_ul2d
                0x0000000008000524                __floatdidf
                0x0000000008000524                __aeabi_l2d
 .text          0x0000000008000580      0x424 c:/st/stm32cubeide_1.7.0/stm32cubeide/plugins/com.st.stm32cube.ide.mcu.externaltools.gnu-tools-for-stm32.9-2020-q2-update.win32_2.0.0.202105311346/tools/bin/../lib/gcc/arm-none-eabi/9.3.1/thumb/v7e-m+fp/hard\libgcc.a(_arm_muldivdf3.o)
                0x0000000008000580                __aeabi_dmul
                0x0000000008000580                __muldf3
                0x00000000080007d4                __divdf3
                0x00000000080007d4                __aeabi_ddiv
 .text          0x00000000080009a4       0xa0 c:/st/stm32cubeide_1.7.0/stm32cubeide/plugins/com.st.stm32cube.ide.mcu.externaltools.gnu-tools-for-stm32.9-2020-q2-update.win32_2.0.0.202105311346/tools/bin/../lib/gcc/arm-none-eabi/9.3.1/thumb/v7e-m+fp/hard\libgcc.a(_arm_truncdfsf2.o)
                0x00000000080009a4                __truncdfsf2
                0x00000000080009a4                __aeabi_d2f
 .text          0x0000000008000a44       0x30 c:/st/stm32cubeide_1.7.0/stm32cubeide/plugins/com.st.stm32cube.ide.mcu.externaltools.gnu-tools-for-stm32.9-2020-q2-update.win32_2.0.0.202105311346/tools/bin/../lib/gcc/arm-none-eabi/9.3.1/thumb/v7e-m+fp/hard\libgcc.a(_aeabi_uldivmod.o)
                0x0000000008000a44                __aeabi_uldivmod
 .text          0x0000000008000a74      0x2c4 c:/st/stm32cubeide_1.7.0/stm32cubeide/plugins/com.st.stm32cube.ide.mcu.externaltools.gnu-tools-for-stm32.9-2020-q2-update.win32_2.0.0.202105311346/tools/bin/../lib/gcc/arm-none-eabi/9.3.1/thumb/v7e-m+fp/hard\libgcc.a(_udivmoddi4.o)
                0x0000000008000a74                __udivmoddi4
 .text          0x0000000008000d38        0x4 c:/st/stm32cubeide_1.7.0/stm32cubeide/plugins/com.st.stm32cube.ide.mcu.externaltools.gnu-tools-for-stm32.9-2020-q2-update.win32_2.0.0.202105311346/tools/bin/../lib/gcc/arm-none-eabi/9.3.1/thumb/v7e-m+fp/hard\libgcc.a(_dvmd_tls.o)
                0x0000000008000d38                __aeabi_idiv0
                0x0000000008000d38                __aeabi_ldiv0
 *(.text*)
 .text.Flash_Erase
                0x0000000008000d3c       0xb0 ./Core/Src/HALFlash.o
                0x0000000008000d3c                Flash_Erase
 .text.Flash_Write
                0x0000000008000dec       0x28 ./Core/Src/HALFlash.o
                0x0000000008000dec                Flash_Write
 .text.Flash_Read
                0x0000000008000e14       0x18 ./Core/Src/HALFlash.o
                0x0000000008000e14                Flash_Read
 *fill*         0x0000000008000e2c        0x4 
 .text.Get_Motor_RPM
                0x0000000008000e30      0x144 ./Core/Src/PID_form.o
                0x0000000008000e30                Get_Motor_RPM
 .text.MotorData_Init
                0x0000000008000f74       0x2e ./Core/Src/PID_form.o
                0x0000000008000f74                MotorData_Init
 .text.PID_Control
                0x0000000008000fa2      0x1b6 ./Core/Src/PID_form.o
                0x0000000008000fa2                PID_Control
 .text.PID_Control_FL
                0x0000000008001158      0x202 ./Core/Src/PID_form.o
                0x0000000008001158                PID_Control_FL
 *fill*         0x000000000800135a        0x2 
 .text.MX_ADC1_Init
                0x000000000800135c       0xf8 ./Core/Src/adc.o
                0x000000000800135c                MX_ADC1_Init
 .text.MX_ADC2_Init
                0x0000000008001454       0xa4 ./Core/Src/adc.o
                0x0000000008001454                MX_ADC2_Init
 .text.HAL_ADC_MspInit
                0x00000000080014f8      0x150 ./Core/Src/adc.o
                0x00000000080014f8                HAL_ADC_MspInit
 .text.__NVIC_GetPriorityGrouping
                0x0000000008001648       0x1c ./Core/Src/dma.o
 .text.__NVIC_EnableIRQ
                0x0000000008001664       0x3c ./Core/Src/dma.o
 .text.__NVIC_SetPriority
                0x00000000080016a0       0x54 ./Core/Src/dma.o
 .text.NVIC_EncodePriority
                0x00000000080016f4       0x66 ./Core/Src/dma.o
 *fill*         0x000000000800175a        0x2 
 .text.LL_AHB1_GRP1_EnableClock
                0x000000000800175c       0x30 ./Core/Src/dma.o
 .text.MX_DMA_Init
                0x000000000800178c       0x48 ./Core/Src/dma.o
                0x000000000800178c                MX_DMA_Init
 .text.MX_GPIO_Init
                0x00000000080017d4      0x120 ./Core/Src/gpio.o
                0x00000000080017d4                MX_GPIO_Init
 .text.LL_DMA_EnableStream
                0x00000000080018f4       0x40 ./Core/Src/main.o
 .text.LL_DMA_SetDataLength
                0x0000000008001934       0x48 ./Core/Src/main.o
 .text.LL_DMA_SetMemoryAddress
                0x000000000800197c       0x30 ./Core/Src/main.o
 .text.LL_DMA_SetPeriphAddress
                0x00000000080019ac       0x30 ./Core/Src/main.o
 .text.LL_USART_EnableIT_IDLE
                0x00000000080019dc       0x46 ./Core/Src/main.o
 .text.LL_USART_EnableDMAReq_RX
                0x0000000008001a22       0x46 ./Core/Src/main.o
 .text.main     0x0000000008001a68      0x158 ./Core/Src/main.o
                0x0000000008001a68                main
 .text.SystemClock_Config
                0x0000000008001bc0       0xe4 ./Core/Src/main.o
                0x0000000008001bc0                SystemClock_Config
 .text.HAL_TIM_PeriodElapsedCallback
                0x0000000008001ca4      0x1b0 ./Core/Src/main.o
                0x0000000008001ca4                HAL_TIM_PeriodElapsedCallback
 .text.HAL_ADC_ConvCpltCallback
                0x0000000008001e54       0x14 ./Core/Src/main.o
                0x0000000008001e54                HAL_ADC_ConvCpltCallback
 .text.motorInit
                0x0000000008001e68       0x54 ./Core/Src/main.o
                0x0000000008001e68                motorInit
 .text.pidInit  0x0000000008001ebc       0xe0 ./Core/Src/main.o
                0x0000000008001ebc                pidInit
 .text.setDuty  0x0000000008001f9c       0xec ./Core/Src/main.o
                0x0000000008001f9c                setDuty
 .text.RPM_filter
                0x0000000008002088       0x8c ./Core/Src/main.o
                0x0000000008002088                RPM_filter
 .text.Read_FlashData
                0x0000000008002114       0xec ./Core/Src/main.o
                0x0000000008002114                Read_FlashData
 .text.Set_FlashData
                0x0000000008002200      0x628 ./Core/Src/main.o
                0x0000000008002200                Set_FlashData
 .text.Write_FlashData
                0x0000000008002828      0x120 ./Core/Src/main.o
                0x0000000008002828                Write_FlashData
 .text.Error_Handler
                0x0000000008002948        0xa ./Core/Src/main.o
                0x0000000008002948                Error_Handler
 *fill*         0x0000000008002952        0x2 
 .text.HAL_MspInit
                0x0000000008002954       0x50 ./Core/Src/stm32f4xx_hal_msp.o
                0x0000000008002954                HAL_MspInit
 .text.LL_DMA_EnableStream
                0x00000000080029a4       0x40 ./Core/Src/stm32f4xx_it.o
 .text.LL_DMA_DisableStream
                0x00000000080029e4       0x40 ./Core/Src/stm32f4xx_it.o
 .text.LL_DMA_SetDataLength
                0x0000000008002a24       0x48 ./Core/Src/stm32f4xx_it.o
 .text.LL_DMA_GetDataLength
                0x0000000008002a6c       0x2c ./Core/Src/stm32f4xx_it.o
 .text.LL_USART_IsActiveFlag_ORE
                0x0000000008002a98       0x26 ./Core/Src/stm32f4xx_it.o
 .text.LL_USART_IsActiveFlag_IDLE
                0x0000000008002abe       0x26 ./Core/Src/stm32f4xx_it.o
 .text.LL_USART_ClearFlag_ORE
                0x0000000008002ae4       0x24 ./Core/Src/stm32f4xx_it.o
 .text.LL_USART_ClearFlag_IDLE
                0x0000000008002b08       0x24 ./Core/Src/stm32f4xx_it.o
 .text.NMI_Handler
                0x0000000008002b2c        0x6 ./Core/Src/stm32f4xx_it.o
                0x0000000008002b2c                NMI_Handler
 .text.HardFault_Handler
                0x0000000008002b32        0x6 ./Core/Src/stm32f4xx_it.o
                0x0000000008002b32                HardFault_Handler
 .text.MemManage_Handler
                0x0000000008002b38        0x6 ./Core/Src/stm32f4xx_it.o
                0x0000000008002b38                MemManage_Handler
 .text.BusFault_Handler
                0x0000000008002b3e        0x6 ./Core/Src/stm32f4xx_it.o
                0x0000000008002b3e                BusFault_Handler
 .text.UsageFault_Handler
                0x0000000008002b44        0x6 ./Core/Src/stm32f4xx_it.o
                0x0000000008002b44                UsageFault_Handler
 .text.SVC_Handler
                0x0000000008002b4a        0xe ./Core/Src/stm32f4xx_it.o
                0x0000000008002b4a                SVC_Handler
 .text.DebugMon_Handler
                0x0000000008002b58        0xe ./Core/Src/stm32f4xx_it.o
                0x0000000008002b58                DebugMon_Handler
 .text.PendSV_Handler
                0x0000000008002b66        0xe ./Core/Src/stm32f4xx_it.o
                0x0000000008002b66                PendSV_Handler
 .text.SysTick_Handler
                0x0000000008002b74        0xc ./Core/Src/stm32f4xx_it.o
                0x0000000008002b74                SysTick_Handler
 .text.DMA1_Stream1_IRQHandler
                0x0000000008002b80        0xe ./Core/Src/stm32f4xx_it.o
                0x0000000008002b80                DMA1_Stream1_IRQHandler
 *fill*         0x0000000008002b8e        0x2 
 .text.USART3_IRQHandler
                0x0000000008002b90       0x78 ./Core/Src/stm32f4xx_it.o
                0x0000000008002b90                USART3_IRQHandler
 .text.TIM8_UP_TIM13_IRQHandler
                0x0000000008002c08       0x14 ./Core/Src/stm32f4xx_it.o
                0x0000000008002c08                TIM8_UP_TIM13_IRQHandler
 .text.TIM6_DAC_IRQHandler
                0x0000000008002c1c       0x14 ./Core/Src/stm32f4xx_it.o
                0x0000000008002c1c                TIM6_DAC_IRQHandler
 .text.TIM7_IRQHandler
                0x0000000008002c30       0x14 ./Core/Src/stm32f4xx_it.o
                0x0000000008002c30                TIM7_IRQHandler
 .text.DMA2_Stream0_IRQHandler
                0x0000000008002c44       0x14 ./Core/Src/stm32f4xx_it.o
                0x0000000008002c44                DMA2_Stream0_IRQHandler
 .text.SystemInit
                0x0000000008002c58       0x24 ./Core/Src/system_stm32f4xx.o
                0x0000000008002c58                SystemInit
 .text.MX_TIM1_Init
                0x0000000008002c7c       0xb0 ./Core/Src/tim.o
                0x0000000008002c7c                MX_TIM1_Init
 .text.MX_TIM2_Init
                0x0000000008002d2c       0xa8 ./Core/Src/tim.o
                0x0000000008002d2c                MX_TIM2_Init
 .text.MX_TIM3_Init
                0x0000000008002dd4       0xf4 ./Core/Src/tim.o
                0x0000000008002dd4                MX_TIM3_Init
 .text.MX_TIM4_Init
                0x0000000008002ec8       0xa8 ./Core/Src/tim.o
                0x0000000008002ec8                MX_TIM4_Init
 .text.MX_TIM6_Init
                0x0000000008002f70       0x6c ./Core/Src/tim.o
                0x0000000008002f70                MX_TIM6_Init
 .text.MX_TIM7_Init
                0x0000000008002fdc       0x6c ./Core/Src/tim.o
                0x0000000008002fdc                MX_TIM7_Init
 .text.MX_TIM8_Init
                0x0000000008003048       0xb0 ./Core/Src/tim.o
                0x0000000008003048                MX_TIM8_Init
 .text.HAL_TIM_Encoder_MspInit
                0x00000000080030f8      0x21c ./Core/Src/tim.o
                0x00000000080030f8                HAL_TIM_Encoder_MspInit
 .text.HAL_TIM_PWM_MspInit
                0x0000000008003314       0x44 ./Core/Src/tim.o
                0x0000000008003314                HAL_TIM_PWM_MspInit
 .text.HAL_TIM_Base_MspInit
                0x0000000008003358       0x8c ./Core/Src/tim.o
                0x0000000008003358                HAL_TIM_Base_MspInit
 .text.HAL_TIM_MspPostInit
                0x00000000080033e4       0xb4 ./Core/Src/tim.o
                0x00000000080033e4                HAL_TIM_MspPostInit
 .text.__NVIC_GetPriorityGrouping
                0x0000000008003498       0x1c ./Core/Src/usart.o
 .text.__NVIC_EnableIRQ
                0x00000000080034b4       0x3c ./Core/Src/usart.o
 .text.__NVIC_SetPriority
                0x00000000080034f0       0x54 ./Core/Src/usart.o
 .text.NVIC_EncodePriority
                0x0000000008003544       0x66 ./Core/Src/usart.o
 *fill*         0x00000000080035aa        0x2 
 .text.LL_DMA_SetDataTransferDirection
                0x00000000080035ac       0x48 ./Core/Src/usart.o
 .text.LL_DMA_SetMode
                0x00000000080035f4       0x48 ./Core/Src/usart.o
 .text.LL_DMA_SetPeriphIncMode
                0x000000000800363c       0x48 ./Core/Src/usart.o
 .text.LL_DMA_SetMemoryIncMode
                0x0000000008003684       0x48 ./Core/Src/usart.o
 .text.LL_DMA_SetPeriphSize
                0x00000000080036cc       0x48 ./Core/Src/usart.o
 .text.LL_DMA_SetMemorySize
                0x0000000008003714       0x48 ./Core/Src/usart.o
 .text.LL_DMA_SetStreamPriorityLevel
                0x000000000800375c       0x48 ./Core/Src/usart.o
 .text.LL_DMA_SetChannelSelection
                0x00000000080037a4       0x48 ./Core/Src/usart.o
 .text.LL_DMA_DisableFifoMode
                0x00000000080037ec       0x40 ./Core/Src/usart.o
 .text.LL_USART_Enable
                0x000000000800382c       0x20 ./Core/Src/usart.o
 .text.LL_USART_ConfigAsyncMode
                0x000000000800384c       0x2c ./Core/Src/usart.o
 .text.LL_AHB1_GRP1_EnableClock
                0x0000000008003878       0x30 ./Core/Src/usart.o
 .text.LL_APB1_GRP1_EnableClock
                0x00000000080038a8       0x30 ./Core/Src/usart.o
 .text.MX_USART3_UART_Init
                0x00000000080038d8      0x154 ./Core/Src/usart.o
                0x00000000080038d8                MX_USART3_UART_Init
 .text.Reset_Handler
                0x0000000008003a2c       0x50 ./Core/Startup/startup_stm32f446retx.o
                0x0000000008003a2c                Reset_Handler
 .text.Default_Handler
                0x0000000008003a7c        0x2 ./Core/Startup/startup_stm32f446retx.o
                0x0000000008003a7c                RTC_Alarm_IRQHandler
                0x0000000008003a7c                EXTI2_IRQHandler
                0x0000000008003a7c                TIM8_CC_IRQHandler
                0x0000000008003a7c                FMPI2C1_EV_IRQHandler
                0x0000000008003a7c                SPI4_IRQHandler
                0x0000000008003a7c                TIM1_CC_IRQHandler
                0x0000000008003a7c                DMA2_Stream5_IRQHandler
                0x0000000008003a7c                DMA1_Stream5_IRQHandler
                0x0000000008003a7c                PVD_IRQHandler
                0x0000000008003a7c                SDIO_IRQHandler
                0x0000000008003a7c                TAMP_STAMP_IRQHandler
                0x0000000008003a7c                CAN2_RX1_IRQHandler
                0x0000000008003a7c                EXTI3_IRQHandler
                0x0000000008003a7c                TIM8_TRG_COM_TIM14_IRQHandler
                0x0000000008003a7c                TIM1_UP_TIM10_IRQHandler
                0x0000000008003a7c                I2C3_ER_IRQHandler
                0x0000000008003a7c                EXTI0_IRQHandler
                0x0000000008003a7c                I2C2_EV_IRQHandler
                0x0000000008003a7c                DMA1_Stream2_IRQHandler
                0x0000000008003a7c                CAN1_RX0_IRQHandler
                0x0000000008003a7c                FPU_IRQHandler
                0x0000000008003a7c                OTG_HS_WKUP_IRQHandler
                0x0000000008003a7c                CAN2_SCE_IRQHandler
                0x0000000008003a7c                DMA2_Stream2_IRQHandler
                0x0000000008003a7c                SPI1_IRQHandler
                0x0000000008003a7c                TIM1_BRK_TIM9_IRQHandler
                0x0000000008003a7c                DCMI_IRQHandler
                0x0000000008003a7c                CAN2_RX0_IRQHandler
                0x0000000008003a7c                DMA2_Stream3_IRQHandler
                0x0000000008003a7c                SAI2_IRQHandler
                0x0000000008003a7c                USART6_IRQHandler
                0x0000000008003a7c                CAN1_RX1_IRQHandler
                0x0000000008003a7c                UART5_IRQHandler
                0x0000000008003a7c                TIM4_IRQHandler
                0x0000000008003a7c                QUADSPI_IRQHandler
                0x0000000008003a7c                I2C1_EV_IRQHandler
                0x0000000008003a7c                DMA1_Stream6_IRQHandler
                0x0000000008003a7c                UART4_IRQHandler
                0x0000000008003a7c                TIM3_IRQHandler
                0x0000000008003a7c                RCC_IRQHandler
                0x0000000008003a7c                TIM8_BRK_TIM12_IRQHandler
                0x0000000008003a7c                Default_Handler
                0x0000000008003a7c                CEC_IRQHandler
                0x0000000008003a7c                EXTI15_10_IRQHandler
                0x0000000008003a7c                ADC_IRQHandler
                0x0000000008003a7c                DMA1_Stream7_IRQHandler
                0x0000000008003a7c                CAN2_TX_IRQHandler
                0x0000000008003a7c                TIM5_IRQHandler
                0x0000000008003a7c                DMA2_Stream7_IRQHandler
                0x0000000008003a7c                I2C3_EV_IRQHandler
                0x0000000008003a7c                EXTI9_5_IRQHandler
                0x0000000008003a7c                RTC_WKUP_IRQHandler
                0x0000000008003a7c                SPDIF_RX_IRQHandler
                0x0000000008003a7c                SPI2_IRQHandler
                0x0000000008003a7c                OTG_HS_EP1_IN_IRQHandler
                0x0000000008003a7c                DMA1_Stream0_IRQHandler
                0x0000000008003a7c                CAN1_TX_IRQHandler
                0x0000000008003a7c                FMPI2C1_ER_IRQHandler
                0x0000000008003a7c                EXTI4_IRQHandler
                0x0000000008003a7c                OTG_HS_EP1_OUT_IRQHandler
                0x0000000008003a7c                WWDG_IRQHandler
                0x0000000008003a7c                TIM2_IRQHandler
                0x0000000008003a7c                OTG_FS_WKUP_IRQHandler
                0x0000000008003a7c                TIM1_TRG_COM_TIM11_IRQHandler
                0x0000000008003a7c                OTG_HS_IRQHandler
                0x0000000008003a7c                EXTI1_IRQHandler
                0x0000000008003a7c                USART2_IRQHandler
                0x0000000008003a7c                I2C2_ER_IRQHandler
                0x0000000008003a7c                DMA2_Stream1_IRQHandler
                0x0000000008003a7c                CAN1_SCE_IRQHandler
                0x0000000008003a7c                FLASH_IRQHandler
                0x0000000008003a7c                DMA2_Stream4_IRQHandler
                0x0000000008003a7c                USART1_IRQHandler
                0x0000000008003a7c                OTG_FS_IRQHandler
                0x0000000008003a7c                SPI3_IRQHandler
                0x0000000008003a7c                DMA1_Stream4_IRQHandler
                0x0000000008003a7c                I2C1_ER_IRQHandler
                0x0000000008003a7c                FMC_IRQHandler
                0x0000000008003a7c                DMA2_Stream6_IRQHandler
                0x0000000008003a7c                SAI1_IRQHandler
                0x0000000008003a7c                DMA1_Stream3_IRQHandler
 *fill*         0x0000000008003a7e        0x2 
 .text.HAL_Init
                0x0000000008003a80       0x44 ./Drivers/STM32F4xx_HAL_Driver/Src/stm32f4xx_hal.o
                0x0000000008003a80                HAL_Init
 .text.HAL_InitTick
                0x0000000008003ac4       0x60 ./Drivers/STM32F4xx_HAL_Driver/Src/stm32f4xx_hal.o
                0x0000000008003ac4                HAL_InitTick
 .text.HAL_IncTick
                0x0000000008003b24       0x28 ./Drivers/STM32F4xx_HAL_Driver/Src/stm32f4xx_hal.o
                0x0000000008003b24                HAL_IncTick
 .text.HAL_GetTick
                0x0000000008003b4c       0x18 ./Drivers/STM32F4xx_HAL_Driver/Src/stm32f4xx_hal.o
                0x0000000008003b4c                HAL_GetTick
 .text.HAL_ADC_Init
                0x0000000008003b64       0x86 ./Drivers/STM32F4xx_HAL_Driver/Src/stm32f4xx_hal_adc.o
                0x0000000008003b64                HAL_ADC_Init
 *fill*         0x0000000008003bea        0x2 
 .text.HAL_ADC_Start_DMA
                0x0000000008003bec      0x220 ./Drivers/STM32F4xx_HAL_Driver/Src/stm32f4xx_hal_adc.o
                0x0000000008003bec                HAL_ADC_Start_DMA
 .text.HAL_ADC_ConvHalfCpltCallback
                0x0000000008003e0c       0x14 ./Drivers/STM32F4xx_HAL_Driver/Src/stm32f4xx_hal_adc.o
                0x0000000008003e0c                HAL_ADC_ConvHalfCpltCallback
 .text.HAL_ADC_ErrorCallback
                0x0000000008003e20       0x14 ./Drivers/STM32F4xx_HAL_Driver/Src/stm32f4xx_hal_adc.o
                0x0000000008003e20                HAL_ADC_ErrorCallback
 .text.HAL_ADC_ConfigChannel
                0x0000000008003e34      0x264 ./Drivers/STM32F4xx_HAL_Driver/Src/stm32f4xx_hal_adc.o
                0x0000000008003e34                HAL_ADC_ConfigChannel
 .text.ADC_Init
                0x0000000008004098      0x1f8 ./Drivers/STM32F4xx_HAL_Driver/Src/stm32f4xx_hal_adc.o
 .text.ADC_DMAConvCplt
                0x0000000008004290       0xba ./Drivers/STM32F4xx_HAL_Driver/Src/stm32f4xx_hal_adc.o
 .text.ADC_DMAHalfConvCplt
                0x000000000800434a       0x1c ./Drivers/STM32F4xx_HAL_Driver/Src/stm32f4xx_hal_adc.o
 .text.ADC_DMAError
                0x0000000008004366       0x2e ./Drivers/STM32F4xx_HAL_Driver/Src/stm32f4xx_hal_adc.o
 .text.__NVIC_SetPriorityGrouping
                0x0000000008004394       0x48 ./Drivers/STM32F4xx_HAL_Driver/Src/stm32f4xx_hal_cortex.o
 .text.__NVIC_GetPriorityGrouping
                0x00000000080043dc       0x1c ./Drivers/STM32F4xx_HAL_Driver/Src/stm32f4xx_hal_cortex.o
 .text.__NVIC_EnableIRQ
                0x00000000080043f8       0x3c ./Drivers/STM32F4xx_HAL_Driver/Src/stm32f4xx_hal_cortex.o
 .text.__NVIC_SetPriority
                0x0000000008004434       0x54 ./Drivers/STM32F4xx_HAL_Driver/Src/stm32f4xx_hal_cortex.o
 .text.NVIC_EncodePriority
                0x0000000008004488       0x66 ./Drivers/STM32F4xx_HAL_Driver/Src/stm32f4xx_hal_cortex.o
 *fill*         0x00000000080044ee        0x2 
 .text.SysTick_Config
                0x00000000080044f0       0x44 ./Drivers/STM32F4xx_HAL_Driver/Src/stm32f4xx_hal_cortex.o
 .text.HAL_NVIC_SetPriorityGrouping
                0x0000000008004534       0x16 ./Drivers/STM32F4xx_HAL_Driver/Src/stm32f4xx_hal_cortex.o
                0x0000000008004534                HAL_NVIC_SetPriorityGrouping
 .text.HAL_NVIC_SetPriority
                0x000000000800454a       0x38 ./Drivers/STM32F4xx_HAL_Driver/Src/stm32f4xx_hal_cortex.o
                0x000000000800454a                HAL_NVIC_SetPriority
 .text.HAL_NVIC_EnableIRQ
                0x0000000008004582       0x1c ./Drivers/STM32F4xx_HAL_Driver/Src/stm32f4xx_hal_cortex.o
                0x0000000008004582                HAL_NVIC_EnableIRQ
 .text.HAL_SYSTICK_Config
                0x000000000800459e       0x18 ./Drivers/STM32F4xx_HAL_Driver/Src/stm32f4xx_hal_cortex.o
                0x000000000800459e                HAL_SYSTICK_Config
 *fill*         0x00000000080045b6        0x2 
 .text.HAL_DMA_Init
                0x00000000080045b8      0x15c ./Drivers/STM32F4xx_HAL_Driver/Src/stm32f4xx_hal_dma.o
                0x00000000080045b8                HAL_DMA_Init
 .text.HAL_DMA_Start_IT
                0x0000000008004714       0xb0 ./Drivers/STM32F4xx_HAL_Driver/Src/stm32f4xx_hal_dma.o
                0x0000000008004714                HAL_DMA_Start_IT
 .text.HAL_DMA_IRQHandler
                0x00000000080047c4      0x314 ./Drivers/STM32F4xx_HAL_Driver/Src/stm32f4xx_hal_dma.o
                0x00000000080047c4                HAL_DMA_IRQHandler
 .text.DMA_SetConfig
                0x0000000008004ad8       0x5c ./Drivers/STM32F4xx_HAL_Driver/Src/stm32f4xx_hal_dma.o
 .text.DMA_CalcBaseAndBitshift
                0x0000000008004b34       0x6c ./Drivers/STM32F4xx_HAL_Driver/Src/stm32f4xx_hal_dma.o
 .text.DMA_CheckFifoParam
                0x0000000008004ba0       0xf8 ./Drivers/STM32F4xx_HAL_Driver/Src/stm32f4xx_hal_dma.o
 .text.HAL_FLASH_Program
                0x0000000008004c98       0xa8 ./Drivers/STM32F4xx_HAL_Driver/Src/stm32f4xx_hal_flash.o
                0x0000000008004c98                HAL_FLASH_Program
 .text.HAL_FLASH_Unlock
                0x0000000008004d40       0x44 ./Drivers/STM32F4xx_HAL_Driver/Src/stm32f4xx_hal_flash.o
                0x0000000008004d40                HAL_FLASH_Unlock
 .text.HAL_FLASH_Lock
                0x0000000008004d84       0x20 ./Drivers/STM32F4xx_HAL_Driver/Src/stm32f4xx_hal_flash.o
                0x0000000008004d84                HAL_FLASH_Lock
 .text.HAL_FLASH_GetError
                0x0000000008004da4       0x18 ./Drivers/STM32F4xx_HAL_Driver/Src/stm32f4xx_hal_flash.o
                0x0000000008004da4                HAL_FLASH_GetError
 .text.FLASH_WaitForLastOperation
                0x0000000008004dbc       0x80 ./Drivers/STM32F4xx_HAL_Driver/Src/stm32f4xx_hal_flash.o
                0x0000000008004dbc                FLASH_WaitForLastOperation
 .text.FLASH_Program_DoubleWord
                0x0000000008004e3c       0x64 ./Drivers/STM32F4xx_HAL_Driver/Src/stm32f4xx_hal_flash.o
 .text.FLASH_Program_Word
                0x0000000008004ea0       0x44 ./Drivers/STM32F4xx_HAL_Driver/Src/stm32f4xx_hal_flash.o
 .text.FLASH_Program_HalfWord
                0x0000000008004ee4       0x48 ./Drivers/STM32F4xx_HAL_Driver/Src/stm32f4xx_hal_flash.o
 .text.FLASH_Program_Byte
                0x0000000008004f2c       0x44 ./Drivers/STM32F4xx_HAL_Driver/Src/stm32f4xx_hal_flash.o
 .text.FLASH_SetErrorCode
                0x0000000008004f70       0xcc ./Drivers/STM32F4xx_HAL_Driver/Src/stm32f4xx_hal_flash.o
 .text.HAL_FLASHEx_Erase
                0x000000000800503c       0xe0 ./Drivers/STM32F4xx_HAL_Driver/Src/stm32f4xx_hal_flash_ex.o
                0x000000000800503c                HAL_FLASHEx_Erase
 .text.FLASH_MassErase
                0x000000000800511c       0x48 ./Drivers/STM32F4xx_HAL_Driver/Src/stm32f4xx_hal_flash_ex.o
 .text.FLASH_Erase_Sector
                0x0000000008005164       0x90 ./Drivers/STM32F4xx_HAL_Driver/Src/stm32f4xx_hal_flash_ex.o
                0x0000000008005164                FLASH_Erase_Sector
 .text.FLASH_FlushCaches
                0x00000000080051f4       0x8c ./Drivers/STM32F4xx_HAL_Driver/Src/stm32f4xx_hal_flash_ex.o
                0x00000000080051f4                FLASH_FlushCaches
 .text.HAL_GPIO_Init
                0x0000000008005280      0x328 ./Drivers/STM32F4xx_HAL_Driver/Src/stm32f4xx_hal_gpio.o
                0x0000000008005280                HAL_GPIO_Init
 .text.HAL_GPIO_WritePin
                0x00000000080055a8       0x32 ./Drivers/STM32F4xx_HAL_Driver/Src/stm32f4xx_hal_gpio.o
                0x00000000080055a8                HAL_GPIO_WritePin
 .text.HAL_GPIO_TogglePin
                0x00000000080055da       0x34 ./Drivers/STM32F4xx_HAL_Driver/Src/stm32f4xx_hal_gpio.o
                0x00000000080055da                HAL_GPIO_TogglePin
 *fill*         0x000000000800560e        0x2 
 .text.HAL_PWREx_EnableOverDrive
                0x0000000008005610       0xa0 ./Drivers/STM32F4xx_HAL_Driver/Src/stm32f4xx_hal_pwr_ex.o
                0x0000000008005610                HAL_PWREx_EnableOverDrive
 .text.HAL_RCC_ClockConfig
                0x00000000080056b0      0x1cc ./Drivers/STM32F4xx_HAL_Driver/Src/stm32f4xx_hal_rcc.o
                0x00000000080056b0                HAL_RCC_ClockConfig
 .text.HAL_RCC_GetSysClockFreq
                0x000000000800587c      0x360 ./Drivers/STM32F4xx_HAL_Driver/Src/stm32f4xx_hal_rcc_ex.o
                0x000000000800587c                HAL_RCC_GetSysClockFreq
 .text.HAL_RCC_OscConfig
                0x0000000008005bdc      0x53c ./Drivers/STM32F4xx_HAL_Driver/Src/stm32f4xx_hal_rcc_ex.o
                0x0000000008005bdc                HAL_RCC_OscConfig
 .text.HAL_TIM_Base_Init
                0x0000000008006118       0x9e ./Drivers/STM32F4xx_HAL_Driver/Src/stm32f4xx_hal_tim.o
                0x0000000008006118                HAL_TIM_Base_Init
 *fill*         0x00000000080061b6        0x2 
 .text.HAL_TIM_Base_Start_IT
                0x00000000080061b8       0xe0 ./Drivers/STM32F4xx_HAL_Driver/Src/stm32f4xx_hal_tim.o
                0x00000000080061b8                HAL_TIM_Base_Start_IT
 .text.HAL_TIM_PWM_Init
                0x0000000008006298       0x9e ./Drivers/STM32F4xx_HAL_Driver/Src/stm32f4xx_hal_tim.o
                0x0000000008006298                HAL_TIM_PWM_Init
 *fill*         0x0000000008006336        0x2 
 .text.HAL_TIM_PWM_Start
                0x0000000008006338      0x190 ./Drivers/STM32F4xx_HAL_Driver/Src/stm32f4xx_hal_tim.o
                0x0000000008006338                HAL_TIM_PWM_Start
 .text.HAL_TIM_Encoder_Init
                0x00000000080064c8      0x14c ./Drivers/STM32F4xx_HAL_Driver/Src/stm32f4xx_hal_tim.o
                0x00000000080064c8                HAL_TIM_Encoder_Init
 .text.HAL_TIM_Encoder_Start
                0x0000000008006614      0x11c ./Drivers/STM32F4xx_HAL_Driver/Src/stm32f4xx_hal_tim.o
                0x0000000008006614                HAL_TIM_Encoder_Start
 .text.HAL_TIM_IRQHandler
                0x0000000008006730      0x210 ./Drivers/STM32F4xx_HAL_Driver/Src/stm32f4xx_hal_tim.o
                0x0000000008006730                HAL_TIM_IRQHandler
 .text.HAL_TIM_PWM_ConfigChannel
                0x0000000008006940      0x184 ./Drivers/STM32F4xx_HAL_Driver/Src/stm32f4xx_hal_tim.o
                0x0000000008006940                HAL_TIM_PWM_ConfigChannel
 .text.HAL_TIM_OC_DelayElapsedCallback
                0x0000000008006ac4       0x14 ./Drivers/STM32F4xx_HAL_Driver/Src/stm32f4xx_hal_tim.o
                0x0000000008006ac4                HAL_TIM_OC_DelayElapsedCallback
 .text.HAL_TIM_IC_CaptureCallback
                0x0000000008006ad8       0x14 ./Drivers/STM32F4xx_HAL_Driver/Src/stm32f4xx_hal_tim.o
                0x0000000008006ad8                HAL_TIM_IC_CaptureCallback
 .text.HAL_TIM_PWM_PulseFinishedCallback
                0x0000000008006aec       0x14 ./Drivers/STM32F4xx_HAL_Driver/Src/stm32f4xx_hal_tim.o
                0x0000000008006aec                HAL_TIM_PWM_PulseFinishedCallback
 .text.HAL_TIM_TriggerCallback
                0x0000000008006b00       0x14 ./Drivers/STM32F4xx_HAL_Driver/Src/stm32f4xx_hal_tim.o
                0x0000000008006b00                HAL_TIM_TriggerCallback
 .text.TIM_Base_SetConfig
                0x0000000008006b14      0x140 ./Drivers/STM32F4xx_HAL_Driver/Src/stm32f4xx_hal_tim.o
                0x0000000008006b14                TIM_Base_SetConfig
 .text.TIM_OC1_SetConfig
                0x0000000008006c54       0xe0 ./Drivers/STM32F4xx_HAL_Driver/Src/stm32f4xx_hal_tim.o
 .text.TIM_OC2_SetConfig
                0x0000000008006d34       0xec ./Drivers/STM32F4xx_HAL_Driver/Src/stm32f4xx_hal_tim.o
                0x0000000008006d34                TIM_OC2_SetConfig
 .text.TIM_OC3_SetConfig
                0x0000000008006e20       0xe8 ./Drivers/STM32F4xx_HAL_Driver/Src/stm32f4xx_hal_tim.o
 .text.TIM_OC4_SetConfig
                0x0000000008006f08       0xac ./Drivers/STM32F4xx_HAL_Driver/Src/stm32f4xx_hal_tim.o
 .text.TIM_CCxChannelCmd
                0x0000000008006fb4       0x4a ./Drivers/STM32F4xx_HAL_Driver/Src/stm32f4xx_hal_tim.o
                0x0000000008006fb4                TIM_CCxChannelCmd
 *fill*         0x0000000008006ffe        0x2 
 .text.HAL_TIMEx_MasterConfigSynchronization
                0x0000000008007000       0xf8 ./Drivers/STM32F4xx_HAL_Driver/Src/stm32f4xx_hal_tim_ex.o
                0x0000000008007000                HAL_TIMEx_MasterConfigSynchronization
 .text.HAL_TIMEx_CommutCallback
                0x00000000080070f8       0x14 ./Drivers/STM32F4xx_HAL_Driver/Src/stm32f4xx_hal_tim_ex.o
                0x00000000080070f8                HAL_TIMEx_CommutCallback
 .text.HAL_TIMEx_BreakCallback
                0x000000000800710c       0x14 ./Drivers/STM32F4xx_HAL_Driver/Src/stm32f4xx_hal_tim_ex.o
                0x000000000800710c                HAL_TIMEx_BreakCallback
 .text.LL_GPIO_SetPinMode
                0x0000000008007120       0x5e ./Drivers/STM32F4xx_HAL_Driver/Src/stm32f4xx_ll_gpio.o
 .text.LL_GPIO_SetPinOutputType
                0x000000000800717e       0x30 ./Drivers/STM32F4xx_HAL_Driver/Src/stm32f4xx_ll_gpio.o
 .text.LL_GPIO_SetPinSpeed
                0x00000000080071ae       0x5e ./Drivers/STM32F4xx_HAL_Driver/Src/stm32f4xx_ll_gpio.o
 .text.LL_GPIO_SetPinPull
                0x000000000800720c       0x5e ./Drivers/STM32F4xx_HAL_Driver/Src/stm32f4xx_ll_gpio.o
 .text.LL_GPIO_SetAFPin_0_7
                0x000000000800726a       0x5e ./Drivers/STM32F4xx_HAL_Driver/Src/stm32f4xx_ll_gpio.o
 .text.LL_GPIO_SetAFPin_8_15
                0x00000000080072c8       0x62 ./Drivers/STM32F4xx_HAL_Driver/Src/stm32f4xx_ll_gpio.o
 .text.LL_GPIO_Init
                0x000000000800732a       0xe6 ./Drivers/STM32F4xx_HAL_Driver/Src/stm32f4xx_ll_gpio.o
                0x000000000800732a                LL_GPIO_Init
 .text.LL_RCC_GetSysClkSource
                0x0000000008007410       0x1c ./Drivers/STM32F4xx_HAL_Driver/Src/stm32f4xx_ll_rcc.o
 .text.LL_RCC_GetAHBPrescaler
                0x000000000800742c       0x1c ./Drivers/STM32F4xx_HAL_Driver/Src/stm32f4xx_ll_rcc.o
 .text.LL_RCC_GetAPB1Prescaler
                0x0000000008007448       0x1c ./Drivers/STM32F4xx_HAL_Driver/Src/stm32f4xx_ll_rcc.o
 .text.LL_RCC_GetAPB2Prescaler
                0x0000000008007464       0x1c ./Drivers/STM32F4xx_HAL_Driver/Src/stm32f4xx_ll_rcc.o
 .text.LL_RCC_PLL_GetMainSource
                0x0000000008007480       0x1c ./Drivers/STM32F4xx_HAL_Driver/Src/stm32f4xx_ll_rcc.o
 .text.LL_RCC_PLL_GetN
                0x000000000800749c       0x1c ./Drivers/STM32F4xx_HAL_Driver/Src/stm32f4xx_ll_rcc.o
 .text.LL_RCC_PLL_GetP
                0x00000000080074b8       0x1c ./Drivers/STM32F4xx_HAL_Driver/Src/stm32f4xx_ll_rcc.o
 .text.LL_RCC_PLL_GetR
                0x00000000080074d4       0x1c ./Drivers/STM32F4xx_HAL_Driver/Src/stm32f4xx_ll_rcc.o
 .text.LL_RCC_PLL_GetDivider
                0x00000000080074f0       0x1c ./Drivers/STM32F4xx_HAL_Driver/Src/stm32f4xx_ll_rcc.o
 .text.LL_RCC_GetSystemClocksFreq
                0x000000000800750c       0x4a ./Drivers/STM32F4xx_HAL_Driver/Src/stm32f4xx_ll_rcc.o
                0x000000000800750c                LL_RCC_GetSystemClocksFreq
 *fill*         0x0000000008007556        0x2 
 .text.RCC_GetSystemClockFreq
                0x0000000008007558       0x84 ./Drivers/STM32F4xx_HAL_Driver/Src/stm32f4xx_ll_rcc.o
                0x0000000008007558                RCC_GetSystemClockFreq
 .text.RCC_GetHCLKClockFreq
                0x00000000080075dc       0x2c ./Drivers/STM32F4xx_HAL_Driver/Src/stm32f4xx_ll_rcc.o
                0x00000000080075dc                RCC_GetHCLKClockFreq
 .text.RCC_GetPCLK1ClockFreq
                0x0000000008007608       0x28 ./Drivers/STM32F4xx_HAL_Driver/Src/stm32f4xx_ll_rcc.o
                0x0000000008007608                RCC_GetPCLK1ClockFreq
 .text.RCC_GetPCLK2ClockFreq
                0x0000000008007630       0x28 ./Drivers/STM32F4xx_HAL_Driver/Src/stm32f4xx_ll_rcc.o
                0x0000000008007630                RCC_GetPCLK2ClockFreq
 .text.RCC_PLL_GetFreqDomain_SYS
                0x0000000008007658       0xa0 ./Drivers/STM32F4xx_HAL_Driver/Src/stm32f4xx_ll_rcc.o
                0x0000000008007658                RCC_PLL_GetFreqDomain_SYS
 .text.LL_USART_IsEnabled
                0x00000000080076f8       0x28 ./Drivers/STM32F4xx_HAL_Driver/Src/stm32f4xx_ll_usart.o
 .text.LL_USART_SetStopBitsLength
                0x0000000008007720       0x26 ./Drivers/STM32F4xx_HAL_Driver/Src/stm32f4xx_ll_usart.o
 .text.LL_USART_SetHWFlowCtrl
                0x0000000008007746       0x26 ./Drivers/STM32F4xx_HAL_Driver/Src/stm32f4xx_ll_usart.o
 .text.LL_USART_SetBaudRate
                0x000000000800776c      0x320 ./Drivers/STM32F4xx_HAL_Driver/Src/stm32f4xx_ll_usart.o
 .text.LL_USART_Init
                0x0000000008007a8c      0x100 ./Drivers/STM32F4xx_HAL_Driver/Src/stm32f4xx_ll_usart.o
                0x0000000008007a8c                LL_USART_Init
 .text.LL_USART_IsActiveFlag_TXE
                0x0000000008007b8c       0x26 ./ScueDK/scuedk_embedded/slave/src/serial_line.o
 .text.LL_USART_TransmitData8
                0x0000000008007bb2       0x1e ./ScueDK/scuedk_embedded/slave/src/serial_line.o
 .text.initSerialLine
                0x0000000008007bd0       0x50 ./ScueDK/scuedk_embedded/slave/src/serial_line.o
                0x0000000008007bd0                initSerialLine
 .text.pushPacket
                0x0000000008007c20       0x4c ./ScueDK/scuedk_embedded/slave/src/serial_line.o
                0x0000000008007c20                pushPacket
 .text.pushByte
                0x0000000008007c6c      0x3b4 ./ScueDK/scuedk_embedded/slave/src/serial_line.o
                0x0000000008007c6c                pushByte
 .text.writePacket
                0x0000000008008020       0x4e ./ScueDK/scuedk_embedded/slave/src/serial_line.o
                0x0000000008008020                writePacket
 .text.bufferPush
                0x000000000800806e       0x3c ./ScueDK/scuedk_embedded/slave/src/serial_line.o
                0x000000000800806e                bufferPush
 *fill*         0x00000000080080aa        0x2 
 .text.injectValue
                0x00000000080080ac       0xec ./ScueDK/scuedk_embedded/slave/src/serial_line.o
                0x00000000080080ac                injectValue
 .text.update_crc
                0x0000000008008198       0x9c ./ScueDK/scuedk_embedded/slave/src/serial_line.o
                0x0000000008008198                update_crc
 .text.clearBuffer
                0x0000000008008234       0x1c ./ScueDK/scuedk_embedded/slave/src/serial_line.o
                0x0000000008008234                clearBuffer
 .text.__libc_init_array
                0x0000000008008250       0x48 c:/st/stm32cubeide_1.7.0/stm32cubeide/plugins/com.st.stm32cube.ide.mcu.externaltools.gnu-tools-for-stm32.9-2020-q2-update.win32_2.0.0.202105311346/tools/bin/../lib/gcc/arm-none-eabi/9.3.1/../../../../arm-none-eabi/lib/thumb/v7e-m+fp/hard\libc_nano.a(lib_a-init.o)
                0x0000000008008250                __libc_init_array
 .text.memcpy   0x0000000008008298       0x1c c:/st/stm32cubeide_1.7.0/stm32cubeide/plugins/com.st.stm32cube.ide.mcu.externaltools.gnu-tools-for-stm32.9-2020-q2-update.win32_2.0.0.202105311346/tools/bin/../lib/gcc/arm-none-eabi/9.3.1/../../../../arm-none-eabi/lib/thumb/v7e-m+fp/hard\libc_nano.a(lib_a-memcpy-stub.o)
                0x0000000008008298                memcpy
 .text.memset   0x00000000080082b4       0x10 c:/st/stm32cubeide_1.7.0/stm32cubeide/plugins/com.st.stm32cube.ide.mcu.externaltools.gnu-tools-for-stm32.9-2020-q2-update.win32_2.0.0.202105311346/tools/bin/../lib/gcc/arm-none-eabi/9.3.1/../../../../arm-none-eabi/lib/thumb/v7e-m+fp/hard\libc_nano.a(lib_a-memset.o)
                0x00000000080082b4                memset
 *(.glue_7)
 .glue_7        0x00000000080082c4        0x0 linker stubs
 *(.glue_7t)
 .glue_7t       0x00000000080082c4        0x0 linker stubs
 *(.eh_frame)
 .eh_frame      0x00000000080082c4        0x0 c:/st/stm32cubeide_1.7.0/stm32cubeide/plugins/com.st.stm32cube.ide.mcu.externaltools.gnu-tools-for-stm32.9-2020-q2-update.win32_2.0.0.202105311346/tools/bin/../lib/gcc/arm-none-eabi/9.3.1/thumb/v7e-m+fp/hard/crtbegin.o
 *(.init)
 .init          0x00000000080082c4        0x4 c:/st/stm32cubeide_1.7.0/stm32cubeide/plugins/com.st.stm32cube.ide.mcu.externaltools.gnu-tools-for-stm32.9-2020-q2-update.win32_2.0.0.202105311346/tools/bin/../lib/gcc/arm-none-eabi/9.3.1/thumb/v7e-m+fp/hard/crti.o
                0x00000000080082c4                _init
 .init          0x00000000080082c8        0x8 c:/st/stm32cubeide_1.7.0/stm32cubeide/plugins/com.st.stm32cube.ide.mcu.externaltools.gnu-tools-for-stm32.9-2020-q2-update.win32_2.0.0.202105311346/tools/bin/../lib/gcc/arm-none-eabi/9.3.1/thumb/v7e-m+fp/hard/crtn.o
 *(.fini)
 .fini          0x00000000080082d0        0x4 c:/st/stm32cubeide_1.7.0/stm32cubeide/plugins/com.st.stm32cube.ide.mcu.externaltools.gnu-tools-for-stm32.9-2020-q2-update.win32_2.0.0.202105311346/tools/bin/../lib/gcc/arm-none-eabi/9.3.1/thumb/v7e-m+fp/hard/crti.o
                0x00000000080082d0                _fini
 .fini          0x00000000080082d4        0x8 c:/st/stm32cubeide_1.7.0/stm32cubeide/plugins/com.st.stm32cube.ide.mcu.externaltools.gnu-tools-for-stm32.9-2020-q2-update.win32_2.0.0.202105311346/tools/bin/../lib/gcc/arm-none-eabi/9.3.1/thumb/v7e-m+fp/hard/crtn.o
                0x00000000080082dc                . = ALIGN (0x4)
                0x00000000080082dc                _etext = .

.vfp11_veneer   0x00000000080082dc        0x0
 .vfp11_veneer  0x00000000080082dc        0x0 linker stubs

.v4_bx          0x00000000080082dc        0x0
 .v4_bx         0x00000000080082dc        0x0 linker stubs

.iplt           0x00000000080082dc        0x0
 .iplt          0x00000000080082dc        0x0 c:/st/stm32cubeide_1.7.0/stm32cubeide/plugins/com.st.stm32cube.ide.mcu.externaltools.gnu-tools-for-stm32.9-2020-q2-update.win32_2.0.0.202105311346/tools/bin/../lib/gcc/arm-none-eabi/9.3.1/thumb/v7e-m+fp/hard/crtbegin.o

.rodata         0x00000000080082dc      0x238
                0x00000000080082dc                . = ALIGN (0x4)
 *(.rodata)
 .rodata        0x00000000080082dc      0x200 ./ScueDK/scuedk_embedded/slave/src/serial_line.o
 *(.rodata*)
 .rodata.STREAM_OFFSET_TAB
                0x00000000080084dc        0x8 ./Core/Src/main.o
 .rodata.STREAM_OFFSET_TAB
                0x00000000080084e4        0x8 ./Core/Src/stm32f4xx_it.o
 .rodata.AHBPrescTable
                0x00000000080084ec       0x10 ./Core/Src/system_stm32f4xx.o
                0x00000000080084ec                AHBPrescTable
 .rodata.APBPrescTable
                0x00000000080084fc        0x8 ./Core/Src/system_stm32f4xx.o
                0x00000000080084fc                APBPrescTable
 .rodata.STREAM_OFFSET_TAB
                0x0000000008008504        0x8 ./Core/Src/usart.o
 .rodata.flagBitshiftOffset.8770
                0x000000000800850c        0x8 ./Drivers/STM32F4xx_HAL_Driver/Src/stm32f4xx_hal_dma.o
                0x0000000008008514                . = ALIGN (0x4)

.ARM.extab      0x0000000008008514        0x0
                0x0000000008008514                . = ALIGN (0x4)
 *(.ARM.extab* .gnu.linkonce.armextab.*)
                0x0000000008008514                . = ALIGN (0x4)

.ARM            0x0000000008008514        0x8
                0x0000000008008514                . = ALIGN (0x4)
                0x0000000008008514                __exidx_start = .
 *(.ARM.exidx*)
 .ARM.exidx     0x0000000008008514        0x8 c:/st/stm32cubeide_1.7.0/stm32cubeide/plugins/com.st.stm32cube.ide.mcu.externaltools.gnu-tools-for-stm32.9-2020-q2-update.win32_2.0.0.202105311346/tools/bin/../lib/gcc/arm-none-eabi/9.3.1/thumb/v7e-m+fp/hard\libgcc.a(_udivmoddi4.o)
                0x000000000800851c                __exidx_end = .
                0x000000000800851c                . = ALIGN (0x4)

.rel.dyn        0x000000000800851c        0x0
 .rel.iplt      0x000000000800851c        0x0 c:/st/stm32cubeide_1.7.0/stm32cubeide/plugins/com.st.stm32cube.ide.mcu.externaltools.gnu-tools-for-stm32.9-2020-q2-update.win32_2.0.0.202105311346/tools/bin/../lib/gcc/arm-none-eabi/9.3.1/thumb/v7e-m+fp/hard/crtbegin.o

.preinit_array  0x000000000800851c        0x0
                0x000000000800851c                . = ALIGN (0x4)
                0x000000000800851c                PROVIDE (__preinit_array_start = .)
 *(.preinit_array*)
                0x000000000800851c                PROVIDE (__preinit_array_end = .)
                0x000000000800851c                . = ALIGN (0x4)

.init_array     0x000000000800851c        0x4
                0x000000000800851c                . = ALIGN (0x4)
                0x000000000800851c                PROVIDE (__init_array_start = .)
 *(SORT_BY_NAME(.init_array.*))
 *(.init_array*)
 .init_array    0x000000000800851c        0x4 c:/st/stm32cubeide_1.7.0/stm32cubeide/plugins/com.st.stm32cube.ide.mcu.externaltools.gnu-tools-for-stm32.9-2020-q2-update.win32_2.0.0.202105311346/tools/bin/../lib/gcc/arm-none-eabi/9.3.1/thumb/v7e-m+fp/hard/crtbegin.o
                0x0000000008008520                PROVIDE (__init_array_end = .)
                0x0000000008008520                . = ALIGN (0x4)

.fini_array     0x0000000008008520        0x4
                0x0000000008008520                . = ALIGN (0x4)
                [!provide]                        PROVIDE (__fini_array_start = .)
 *(SORT_BY_NAME(.fini_array.*))
 *(.fini_array*)
 .fini_array    0x0000000008008520        0x4 c:/st/stm32cubeide_1.7.0/stm32cubeide/plugins/com.st.stm32cube.ide.mcu.externaltools.gnu-tools-for-stm32.9-2020-q2-update.win32_2.0.0.202105311346/tools/bin/../lib/gcc/arm-none-eabi/9.3.1/thumb/v7e-m+fp/hard/crtbegin.o
                [!provide]                        PROVIDE (__fini_array_end = .)
                0x0000000008008524                . = ALIGN (0x4)
                0x0000000008008524                _sidata = LOADADDR (.data)

.data           0x0000000020000000       0x1c load address 0x0000000008008524
                0x0000000020000000                . = ALIGN (0x4)
                0x0000000020000000                _sdata = .
 *(.data)
 *(.data*)
 .data.FL_Duty  0x0000000020000000       0x10 ./Core/Src/main.o
                0x0000000020000000                FL_Duty
 .data.SystemCoreClock
                0x0000000020000010        0x4 ./Core/Src/system_stm32f4xx.o
                0x0000000020000010                SystemCoreClock
 .data.uwTickPrio
                0x0000000020000014        0x4 ./Drivers/STM32F4xx_HAL_Driver/Src/stm32f4xx_hal.o
                0x0000000020000014                uwTickPrio
 .data.uwTickFreq
                0x0000000020000018        0x1 ./Drivers/STM32F4xx_HAL_Driver/Src/stm32f4xx_hal.o
                0x0000000020000018                uwTickFreq
 *(.RamFunc)
 *(.RamFunc*)
                0x000000002000001c                . = ALIGN (0x4)
 *fill*         0x0000000020000019        0x3 
                0x000000002000001c                _edata = .

.igot.plt       0x000000002000001c        0x0 load address 0x0000000008008540
 .igot.plt      0x000000002000001c        0x0 c:/st/stm32cubeide_1.7.0/stm32cubeide/plugins/com.st.stm32cube.ide.mcu.externaltools.gnu-tools-for-stm32.9-2020-q2-update.win32_2.0.0.202105311346/tools/bin/../lib/gcc/arm-none-eabi/9.3.1/thumb/v7e-m+fp/hard/crtbegin.o
                0x000000002000001c                . = ALIGN (0x4)

.bss            0x0000000020000020     0x1354 load address 0x0000000008008540
                0x0000000020000020                _sbss = .
                0x0000000020000020                __bss_start__ = _sbss
 *(.bss)
 .bss           0x0000000020000020       0x1c c:/st/stm32cubeide_1.7.0/stm32cubeide/plugins/com.st.stm32cube.ide.mcu.externaltools.gnu-tools-for-stm32.9-2020-q2-update.win32_2.0.0.202105311346/tools/bin/../lib/gcc/arm-none-eabi/9.3.1/thumb/v7e-m+fp/hard/crtbegin.o
 *(.bss*)
 .bss.EraseinitStruct.9693
                0x000000002000003c       0x14 ./Core/Src/HALFlash.o
 .bss.MODE      0x0000000020000050        0x4 ./Core/Src/main.o
                0x0000000020000050                MODE
 .bss.tim6_cnt  0x0000000020000054        0x4 ./Core/Src/main.o
                0x0000000020000054                tim6_cnt
 .bss.tim7_cnt  0x0000000020000058        0x4 ./Core/Src/main.o
                0x0000000020000058                tim7_cnt
 .bss.rpm_temp  0x000000002000005c       0x28 ./Core/Src/main.o
                0x000000002000005c                rpm_temp
 .bss.rpm_filter_cnt
                0x0000000020000084        0x4 ./Core/Src/main.o
                0x0000000020000084                rpm_filter_cnt
 .bss.test      0x0000000020000088        0x4 ./Core/Src/main.o
                0x0000000020000088                test
 .bss.Flash_Flag
                0x000000002000008c        0x4 ./Core/Src/main.o
                0x000000002000008c                Flash_Flag
 .bss.Flash_Read_Data_FL0
                0x0000000020000090       0x50 ./Core/Src/main.o
                0x0000000020000090                Flash_Read_Data_FL0
 .bss.Flash_Read_Data_FL1
                0x00000000200000e0       0x50 ./Core/Src/main.o
                0x00000000200000e0                Flash_Read_Data_FL1
 .bss.Flash_Read_Data_FL2
                0x0000000020000130       0x50 ./Core/Src/main.o
                0x0000000020000130                Flash_Read_Data_FL2
 .bss.Flash_Read_Data_FL3
                0x0000000020000180       0x50 ./Core/Src/main.o
                0x0000000020000180                Flash_Read_Data_FL3
 .bss.Flash_Write_Data_FL0
                0x00000000200001d0       0x50 ./Core/Src/main.o
                0x00000000200001d0                Flash_Write_Data_FL0
 .bss.Flash_Write_Data_FL1
                0x0000000020000220       0x50 ./Core/Src/main.o
                0x0000000020000220                Flash_Write_Data_FL1
 .bss.Flash_Write_Data_FL2
                0x0000000020000270       0x50 ./Core/Src/main.o
                0x0000000020000270                Flash_Write_Data_FL2
 .bss.Flash_Write_Data_FL3
                0x00000000200002c0       0x50 ./Core/Src/main.o
                0x00000000200002c0                Flash_Write_Data_FL3
 *(COMMON)
 COMMON         0x0000000020000310       0xf0 ./Core/Src/adc.o
                0x0000000020000310                hadc2
                0x0000000020000358                hadc1
                0x00000000200003a0                hdma_adc1
 COMMON         0x0000000020000400      0xd58 ./Core/Src/main.o
                0x0000000020000400                motor_FL3
                0x0000000020000458                pidCur_FL1
                0x00000000200004c8                motor_FL2
                0x0000000020000520                debug_FL1
                0x0000000020000538                pidCur_FL3
                0x00000000200005a4                serialLine
                0x0000000020000830                Target_Pos_FL
                0x0000000020000834                pidPos_FL1
                0x00000000200008a0                pidPos_FL0
                0x000000002000090c                pidVel_FL1
                0x0000000020000978                motor_BASE_R
                0x00000000200009d0                tc
                0x0000000020000a00                motor_FL1
                0x0000000020000a58                pidPos_FL3
                0x0000000020000ac4                pidCur_FL0
                0x0000000020000b30                debug_FL0
                0x0000000020000b48                pidPos_FL2
                0x0000000020000bb4                pidVel_FL2
                0x0000000020000c20                motor_BASE_L
                0x0000000020000c78                pidVel_BASE_R
                0x0000000020000ce4                pidVel_FL0
                0x0000000020000d50                adc_buffer
                0x0000000020000d58                rxBuffer
                0x0000000020000e84                fc
                0x0000000020000f98                motor_FL0
                0x0000000020000ff0                pidVel_BASE_L
                0x000000002000105c                pidCur_FL2
                0x00000000200010c8                Target
                0x00000000200010cc                debug_BASE
                0x00000000200010e4                current_buffer
                0x00000000200010ec                pidVel_FL3
 COMMON         0x0000000020001158      0x1f8 ./Core/Src/tim.o
                0x0000000020001158                htim8
                0x00000000200011a0                htim4
                0x00000000200011e8                htim3
                0x0000000020001230                htim6
                0x0000000020001278                htim1
                0x00000000200012c0                htim2
                0x0000000020001308                htim7
 COMMON         0x0000000020001350        0x4 ./Drivers/STM32F4xx_HAL_Driver/Src/stm32f4xx_hal.o
                0x0000000020001350                uwTick
 COMMON         0x0000000020001354       0x20 ./Drivers/STM32F4xx_HAL_Driver/Src/stm32f4xx_hal_flash.o
                0x0000000020001354                pFlash
                0x0000000020001374                . = ALIGN (0x4)
                0x0000000020001374                _ebss = .
                0x0000000020001374                __bss_end__ = _ebss

._user_heap_stack
                0x0000000020001374      0x604 load address 0x0000000008008540
                0x0000000020001378                . = ALIGN (0x8)
 *fill*         0x0000000020001374        0x4 
                [!provide]                        PROVIDE (end = .)
                0x0000000020001378                PROVIDE (_end = .)
                0x0000000020001578                . = (. + _Min_Heap_Size)
 *fill*         0x0000000020001378      0x200 
                0x0000000020001978                . = (. + _Min_Stack_Size)
 *fill*         0x0000000020001578      0x400 
                0x0000000020001978                . = ALIGN (0x8)

/DISCARD/
 libc.a(*)
 libm.a(*)
 libgcc.a(*)

.ARM.attributes
                0x0000000000000000       0x30
 *(.ARM.attributes)
 .ARM.attributes
                0x0000000000000000       0x1e c:/st/stm32cubeide_1.7.0/stm32cubeide/plugins/com.st.stm32cube.ide.mcu.externaltools.gnu-tools-for-stm32.9-2020-q2-update.win32_2.0.0.202105311346/tools/bin/../lib/gcc/arm-none-eabi/9.3.1/thumb/v7e-m+fp/hard/crti.o
 .ARM.attributes
                0x000000000000001e       0x34 c:/st/stm32cubeide_1.7.0/stm32cubeide/plugins/com.st.stm32cube.ide.mcu.externaltools.gnu-tools-for-stm32.9-2020-q2-update.win32_2.0.0.202105311346/tools/bin/../lib/gcc/arm-none-eabi/9.3.1/thumb/v7e-m+fp/hard/crtbegin.o
 .ARM.attributes
                0x0000000000000052       0x34 ./Core/Src/HALFlash.o
 .ARM.attributes
                0x0000000000000086       0x34 ./Core/Src/PID_form.o
 .ARM.attributes
                0x00000000000000ba       0x34 ./Core/Src/adc.o
 .ARM.attributes
                0x00000000000000ee       0x34 ./Core/Src/dma.o
 .ARM.attributes
                0x0000000000000122       0x34 ./Core/Src/gpio.o
 .ARM.attributes
                0x0000000000000156       0x34 ./Core/Src/main.o
 .ARM.attributes
                0x000000000000018a       0x34 ./Core/Src/stm32f4xx_hal_msp.o
 .ARM.attributes
                0x00000000000001be       0x34 ./Core/Src/stm32f4xx_it.o
 .ARM.attributes
                0x00000000000001f2       0x34 ./Core/Src/system_stm32f4xx.o
 .ARM.attributes
                0x0000000000000226       0x34 ./Core/Src/tim.o
 .ARM.attributes
                0x000000000000025a       0x34 ./Core/Src/usart.o
 .ARM.attributes
                0x000000000000028e       0x21 ./Core/Startup/startup_stm32f446retx.o
 .ARM.attributes
                0x00000000000002af       0x34 ./Drivers/STM32F4xx_HAL_Driver/Src/stm32f4xx_hal.o
 .ARM.attributes
                0x00000000000002e3       0x34 ./Drivers/STM32F4xx_HAL_Driver/Src/stm32f4xx_hal_adc.o
 .ARM.attributes
                0x0000000000000317       0x34 ./Drivers/STM32F4xx_HAL_Driver/Src/stm32f4xx_hal_cortex.o
 .ARM.attributes
                0x000000000000034b       0x34 ./Drivers/STM32F4xx_HAL_Driver/Src/stm32f4xx_hal_dma.o
 .ARM.attributes
                0x000000000000037f       0x34 ./Drivers/STM32F4xx_HAL_Driver/Src/stm32f4xx_hal_flash.o
 .ARM.attributes
                0x00000000000003b3       0x34 ./Drivers/STM32F4xx_HAL_Driver/Src/stm32f4xx_hal_flash_ex.o
 .ARM.attributes
                0x00000000000003e7       0x34 ./Drivers/STM32F4xx_HAL_Driver/Src/stm32f4xx_hal_gpio.o
 .ARM.attributes
                0x000000000000041b       0x34 ./Drivers/STM32F4xx_HAL_Driver/Src/stm32f4xx_hal_pwr_ex.o
 .ARM.attributes
                0x000000000000044f       0x34 ./Drivers/STM32F4xx_HAL_Driver/Src/stm32f4xx_hal_rcc.o
 .ARM.attributes
                0x0000000000000483       0x34 ./Drivers/STM32F4xx_HAL_Driver/Src/stm32f4xx_hal_rcc_ex.o
 .ARM.attributes
                0x00000000000004b7       0x34 ./Drivers/STM32F4xx_HAL_Driver/Src/stm32f4xx_hal_tim.o
 .ARM.attributes
                0x00000000000004eb       0x34 ./Drivers/STM32F4xx_HAL_Driver/Src/stm32f4xx_hal_tim_ex.o
 .ARM.attributes
                0x000000000000051f       0x34 ./Drivers/STM32F4xx_HAL_Driver/Src/stm32f4xx_ll_gpio.o
 .ARM.attributes
                0x0000000000000553       0x34 ./Drivers/STM32F4xx_HAL_Driver/Src/stm32f4xx_ll_rcc.o
 .ARM.attributes
                0x0000000000000587       0x34 ./Drivers/STM32F4xx_HAL_Driver/Src/stm32f4xx_ll_usart.o
 .ARM.attributes
                0x00000000000005bb       0x34 ./ScueDK/scuedk_embedded/slave/src/serial_line.o
 .ARM.attributes
                0x00000000000005ef       0x34 c:/st/stm32cubeide_1.7.0/stm32cubeide/plugins/com.st.stm32cube.ide.mcu.externaltools.gnu-tools-for-stm32.9-2020-q2-update.win32_2.0.0.202105311346/tools/bin/../lib/gcc/arm-none-eabi/9.3.1/../../../../arm-none-eabi/lib/thumb/v7e-m+fp/hard\libc_nano.a(lib_a-init.o)
 .ARM.attributes
                0x0000000000000623       0x34 c:/st/stm32cubeide_1.7.0/stm32cubeide/plugins/com.st.stm32cube.ide.mcu.externaltools.gnu-tools-for-stm32.9-2020-q2-update.win32_2.0.0.202105311346/tools/bin/../lib/gcc/arm-none-eabi/9.3.1/../../../../arm-none-eabi/lib/thumb/v7e-m+fp/hard\libc_nano.a(lib_a-memcpy-stub.o)
 .ARM.attributes
                0x0000000000000657       0x34 c:/st/stm32cubeide_1.7.0/stm32cubeide/plugins/com.st.stm32cube.ide.mcu.externaltools.gnu-tools-for-stm32.9-2020-q2-update.win32_2.0.0.202105311346/tools/bin/../lib/gcc/arm-none-eabi/9.3.1/../../../../arm-none-eabi/lib/thumb/v7e-m+fp/hard\libc_nano.a(lib_a-memset.o)
 .ARM.attributes
                0x000000000000068b       0x1e c:/st/stm32cubeide_1.7.0/stm32cubeide/plugins/com.st.stm32cube.ide.mcu.externaltools.gnu-tools-for-stm32.9-2020-q2-update.win32_2.0.0.202105311346/tools/bin/../lib/gcc/arm-none-eabi/9.3.1/thumb/v7e-m+fp/hard\libgcc.a(_arm_addsubdf3.o)
 .ARM.attributes
                0x00000000000006a9       0x1e c:/st/stm32cubeide_1.7.0/stm32cubeide/plugins/com.st.stm32cube.ide.mcu.externaltools.gnu-tools-for-stm32.9-2020-q2-update.win32_2.0.0.202105311346/tools/bin/../lib/gcc/arm-none-eabi/9.3.1/thumb/v7e-m+fp/hard\libgcc.a(_arm_muldivdf3.o)
 .ARM.attributes
                0x00000000000006c7       0x1e c:/st/stm32cubeide_1.7.0/stm32cubeide/plugins/com.st.stm32cube.ide.mcu.externaltools.gnu-tools-for-stm32.9-2020-q2-update.win32_2.0.0.202105311346/tools/bin/../lib/gcc/arm-none-eabi/9.3.1/thumb/v7e-m+fp/hard\libgcc.a(_arm_truncdfsf2.o)
 .ARM.attributes
                0x00000000000006e5       0x1e c:/st/stm32cubeide_1.7.0/stm32cubeide/plugins/com.st.stm32cube.ide.mcu.externaltools.gnu-tools-for-stm32.9-2020-q2-update.win32_2.0.0.202105311346/tools/bin/../lib/gcc/arm-none-eabi/9.3.1/thumb/v7e-m+fp/hard\libgcc.a(_aeabi_uldivmod.o)
 .ARM.attributes
                0x0000000000000703       0x34 c:/st/stm32cubeide_1.7.0/stm32cubeide/plugins/com.st.stm32cube.ide.mcu.externaltools.gnu-tools-for-stm32.9-2020-q2-update.win32_2.0.0.202105311346/tools/bin/../lib/gcc/arm-none-eabi/9.3.1/thumb/v7e-m+fp/hard\libgcc.a(_udivmoddi4.o)
 .ARM.attributes
                0x0000000000000737       0x1e c:/st/stm32cubeide_1.7.0/stm32cubeide/plugins/com.st.stm32cube.ide.mcu.externaltools.gnu-tools-for-stm32.9-2020-q2-update.win32_2.0.0.202105311346/tools/bin/../lib/gcc/arm-none-eabi/9.3.1/thumb/v7e-m+fp/hard\libgcc.a(_dvmd_tls.o)
 .ARM.attributes
                0x0000000000000755       0x1e c:/st/stm32cubeide_1.7.0/stm32cubeide/plugins/com.st.stm32cube.ide.mcu.externaltools.gnu-tools-for-stm32.9-2020-q2-update.win32_2.0.0.202105311346/tools/bin/../lib/gcc/arm-none-eabi/9.3.1/thumb/v7e-m+fp/hard/crtn.o
OUTPUT(Motor.elf elf32-littlearm)
LOAD linker stubs
LOAD c:/st/stm32cubeide_1.7.0/stm32cubeide/plugins/com.st.stm32cube.ide.mcu.externaltools.gnu-tools-for-stm32.9-2020-q2-update.win32_2.0.0.202105311346/tools/bin/../lib/gcc/arm-none-eabi/9.3.1/../../../../arm-none-eabi/lib/thumb/v7e-m+fp/hard\libc.a
LOAD c:/st/stm32cubeide_1.7.0/stm32cubeide/plugins/com.st.stm32cube.ide.mcu.externaltools.gnu-tools-for-stm32.9-2020-q2-update.win32_2.0.0.202105311346/tools/bin/../lib/gcc/arm-none-eabi/9.3.1/../../../../arm-none-eabi/lib/thumb/v7e-m+fp/hard\libm.a
LOAD c:/st/stm32cubeide_1.7.0/stm32cubeide/plugins/com.st.stm32cube.ide.mcu.externaltools.gnu-tools-for-stm32.9-2020-q2-update.win32_2.0.0.202105311346/tools/bin/../lib/gcc/arm-none-eabi/9.3.1/thumb/v7e-m+fp/hard\libgcc.a

.debug_info     0x0000000000000000    0x15d22
 .debug_info    0x0000000000000000      0xbd3 ./Core/Src/HALFlash.o
 .debug_info    0x0000000000000bd3      0x734 ./Core/Src/PID_form.o
 .debug_info    0x0000000000001307      0xb6b ./Core/Src/adc.o
 .debug_info    0x0000000000001e72      0xa15 ./Core/Src/dma.o
 .debug_info    0x0000000000002887      0x563 ./Core/Src/gpio.o
 .debug_info    0x0000000000002dea     0x26da ./Core/Src/main.o
 .debug_info    0x00000000000054c4      0x3e5 ./Core/Src/stm32f4xx_hal_msp.o
 .debug_info    0x00000000000058a9      0xc6f ./Core/Src/stm32f4xx_it.o
 .debug_info    0x0000000000006518      0x5dc ./Core/Src/system_stm32f4xx.o
 .debug_info    0x0000000000006af4     0x12ec ./Core/Src/tim.o
 .debug_info    0x0000000000007de0      0xff7 ./Core/Src/usart.o
 .debug_info    0x0000000000008dd7       0x22 ./Core/Startup/startup_stm32f446retx.o
 .debug_info    0x0000000000008df9      0xa08 ./Drivers/STM32F4xx_HAL_Driver/Src/stm32f4xx_hal.o
 .debug_info    0x0000000000009801      0xdbc ./Drivers/STM32F4xx_HAL_Driver/Src/stm32f4xx_hal_adc.o
 .debug_info    0x000000000000a5bd      0xef5 ./Drivers/STM32F4xx_HAL_Driver/Src/stm32f4xx_hal_cortex.o
 .debug_info    0x000000000000b4b2      0x9f1 ./Drivers/STM32F4xx_HAL_Driver/Src/stm32f4xx_hal_dma.o
 .debug_info    0x000000000000bea3      0x679 ./Drivers/STM32F4xx_HAL_Driver/Src/stm32f4xx_hal_flash.o
 .debug_info    0x000000000000c51c      0x901 ./Drivers/STM32F4xx_HAL_Driver/Src/stm32f4xx_hal_flash_ex.o
 .debug_info    0x000000000000ce1d      0x892 ./Drivers/STM32F4xx_HAL_Driver/Src/stm32f4xx_hal_gpio.o
 .debug_info    0x000000000000d6af      0x7ca ./Drivers/STM32F4xx_HAL_Driver/Src/stm32f4xx_hal_pwr_ex.o
 .debug_info    0x000000000000de79      0x9db ./Drivers/STM32F4xx_HAL_Driver/Src/stm32f4xx_hal_rcc.o
 .debug_info    0x000000000000e854      0xa86 ./Drivers/STM32F4xx_HAL_Driver/Src/stm32f4xx_hal_rcc_ex.o
 .debug_info    0x000000000000f2da     0x2c22 ./Drivers/STM32F4xx_HAL_Driver/Src/stm32f4xx_hal_tim.o
 .debug_info    0x0000000000011efc     0x15a2 ./Drivers/STM32F4xx_HAL_Driver/Src/stm32f4xx_hal_tim_ex.o
 .debug_info    0x000000000001349e      0x954 ./Drivers/STM32F4xx_HAL_Driver/Src/stm32f4xx_ll_gpio.o
 .debug_info    0x0000000000013df2      0xd67 ./Drivers/STM32F4xx_HAL_Driver/Src/stm32f4xx_ll_rcc.o
 .debug_info    0x0000000000014b59      0x85c ./Drivers/STM32F4xx_HAL_Driver/Src/stm32f4xx_ll_usart.o
 .debug_info    0x00000000000153b5      0x96d ./ScueDK/scuedk_embedded/slave/src/serial_line.o

.debug_abbrev   0x0000000000000000     0x3a5b
 .debug_abbrev  0x0000000000000000      0x22b ./Core/Src/HALFlash.o
 .debug_abbrev  0x000000000000022b      0x1c8 ./Core/Src/PID_form.o
 .debug_abbrev  0x00000000000003f3      0x1ce ./Core/Src/adc.o
 .debug_abbrev  0x00000000000005c1      0x1be ./Core/Src/dma.o
 .debug_abbrev  0x000000000000077f      0x14e ./Core/Src/gpio.o
 .debug_abbrev  0x00000000000008cd      0x3c9 ./Core/Src/main.o
 .debug_abbrev  0x0000000000000c96      0x11d ./Core/Src/stm32f4xx_hal_msp.o
 .debug_abbrev  0x0000000000000db3      0x281 ./Core/Src/stm32f4xx_it.o
 .debug_abbrev  0x0000000000001034      0x145 ./Core/Src/system_stm32f4xx.o
 .debug_abbrev  0x0000000000001179      0x220 ./Core/Src/tim.o
 .debug_abbrev  0x0000000000001399      0x1fa ./Core/Src/usart.o
 .debug_abbrev  0x0000000000001593       0x12 ./Core/Startup/startup_stm32f446retx.o
 .debug_abbrev  0x00000000000015a5      0x1ed ./Drivers/STM32F4xx_HAL_Driver/Src/stm32f4xx_hal.o
 .debug_abbrev  0x0000000000001792      0x22f ./Drivers/STM32F4xx_HAL_Driver/Src/stm32f4xx_hal_adc.o
 .debug_abbrev  0x00000000000019c1      0x33c ./Drivers/STM32F4xx_HAL_Driver/Src/stm32f4xx_hal_cortex.o
 .debug_abbrev  0x0000000000001cfd      0x259 ./Drivers/STM32F4xx_HAL_Driver/Src/stm32f4xx_hal_dma.o
 .debug_abbrev  0x0000000000001f56      0x27c ./Drivers/STM32F4xx_HAL_Driver/Src/stm32f4xx_hal_flash.o
 .debug_abbrev  0x00000000000021d2      0x26c ./Drivers/STM32F4xx_HAL_Driver/Src/stm32f4xx_hal_flash_ex.o
 .debug_abbrev  0x000000000000243e      0x1f1 ./Drivers/STM32F4xx_HAL_Driver/Src/stm32f4xx_hal_gpio.o
 .debug_abbrev  0x000000000000262f      0x1da ./Drivers/STM32F4xx_HAL_Driver/Src/stm32f4xx_hal_pwr_ex.o
 .debug_abbrev  0x0000000000002809      0x275 ./Drivers/STM32F4xx_HAL_Driver/Src/stm32f4xx_hal_rcc.o
 .debug_abbrev  0x0000000000002a7e      0x1e2 ./Drivers/STM32F4xx_HAL_Driver/Src/stm32f4xx_hal_rcc_ex.o
 .debug_abbrev  0x0000000000002c60      0x25e ./Drivers/STM32F4xx_HAL_Driver/Src/stm32f4xx_hal_tim.o
 .debug_abbrev  0x0000000000002ebe      0x266 ./Drivers/STM32F4xx_HAL_Driver/Src/stm32f4xx_hal_tim_ex.o
 .debug_abbrev  0x0000000000003124      0x23b ./Drivers/STM32F4xx_HAL_Driver/Src/stm32f4xx_ll_gpio.o
 .debug_abbrev  0x000000000000335f      0x1fa ./Drivers/STM32F4xx_HAL_Driver/Src/stm32f4xx_ll_rcc.o
 .debug_abbrev  0x0000000000003559      0x1f1 ./Drivers/STM32F4xx_HAL_Driver/Src/stm32f4xx_ll_usart.o
 .debug_abbrev  0x000000000000374a      0x311 ./ScueDK/scuedk_embedded/slave/src/serial_line.o

.debug_aranges  0x0000000000000000     0x1390
 .debug_aranges
                0x0000000000000000       0x30 ./Core/Src/HALFlash.o
 .debug_aranges
                0x0000000000000030       0x50 ./Core/Src/PID_form.o
 .debug_aranges
                0x0000000000000080       0x38 ./Core/Src/adc.o
 .debug_aranges
                0x00000000000000b8       0x48 ./Core/Src/dma.o
 .debug_aranges
                0x0000000000000100       0x20 ./Core/Src/gpio.o
 .debug_aranges
                0x0000000000000120       0xc0 ./Core/Src/main.o
 .debug_aranges
                0x00000000000001e0       0x20 ./Core/Src/stm32f4xx_hal_msp.o
 .debug_aranges
                0x0000000000000200       0xd0 ./Core/Src/stm32f4xx_it.o
 .debug_aranges
                0x00000000000002d0       0x28 ./Core/Src/system_stm32f4xx.o
 .debug_aranges
                0x00000000000002f8       0x88 ./Core/Src/tim.o
 .debug_aranges
                0x0000000000000380       0xa8 ./Core/Src/usart.o
 .debug_aranges
                0x0000000000000428       0x28 ./Core/Startup/startup_stm32f446retx.o
 .debug_aranges
                0x0000000000000450       0xf0 ./Drivers/STM32F4xx_HAL_Driver/Src/stm32f4xx_hal.o
 .debug_aranges
                0x0000000000000540       0xe8 ./Drivers/STM32F4xx_HAL_Driver/Src/stm32f4xx_hal_adc.o
 .debug_aranges
                0x0000000000000628      0x118 ./Drivers/STM32F4xx_HAL_Driver/Src/stm32f4xx_hal_cortex.o
 .debug_aranges
                0x0000000000000740       0x90 ./Drivers/STM32F4xx_HAL_Driver/Src/stm32f4xx_hal_dma.o
 .debug_aranges
                0x00000000000007d0       0xa0 ./Drivers/STM32F4xx_HAL_Driver/Src/stm32f4xx_hal_flash.o
 .debug_aranges
                0x0000000000000870       0xc8 ./Drivers/STM32F4xx_HAL_Driver/Src/stm32f4xx_hal_flash_ex.o
 .debug_aranges
                0x0000000000000938       0x58 ./Drivers/STM32F4xx_HAL_Driver/Src/stm32f4xx_hal_gpio.o
 .debug_aranges
                0x0000000000000990       0x60 ./Drivers/STM32F4xx_HAL_Driver/Src/stm32f4xx_hal_pwr_ex.o
 .debug_aranges
                0x00000000000009f0       0x88 ./Drivers/STM32F4xx_HAL_Driver/Src/stm32f4xx_hal_rcc.o
 .debug_aranges
                0x0000000000000a78       0x78 ./Drivers/STM32F4xx_HAL_Driver/Src/stm32f4xx_hal_rcc_ex.o
 .debug_aranges
                0x0000000000000af0      0x3d0 ./Drivers/STM32F4xx_HAL_Driver/Src/stm32f4xx_hal_tim.o
 .debug_aranges
                0x0000000000000ec0      0x168 ./Drivers/STM32F4xx_HAL_Driver/Src/stm32f4xx_hal_tim_ex.o
 .debug_aranges
                0x0000000000001028       0x70 ./Drivers/STM32F4xx_HAL_Driver/Src/stm32f4xx_ll_gpio.o
 .debug_aranges
                0x0000000000001098      0x200 ./Drivers/STM32F4xx_HAL_Driver/Src/stm32f4xx_ll_rcc.o
 .debug_aranges
                0x0000000000001298       0x88 ./Drivers/STM32F4xx_HAL_Driver/Src/stm32f4xx_ll_usart.o
 .debug_aranges
                0x0000000000001320       0x70 ./ScueDK/scuedk_embedded/slave/src/serial_line.o

.debug_ranges   0x0000000000000000     0x1220
 .debug_ranges  0x0000000000000000       0x20 ./Core/Src/HALFlash.o
 .debug_ranges  0x0000000000000020       0x40 ./Core/Src/PID_form.o
 .debug_ranges  0x0000000000000060       0x28 ./Core/Src/adc.o
 .debug_ranges  0x0000000000000088       0x38 ./Core/Src/dma.o
 .debug_ranges  0x00000000000000c0       0x10 ./Core/Src/gpio.o
 .debug_ranges  0x00000000000000d0       0xb0 ./Core/Src/main.o
 .debug_ranges  0x0000000000000180       0x10 ./Core/Src/stm32f4xx_hal_msp.o
 .debug_ranges  0x0000000000000190       0xc0 ./Core/Src/stm32f4xx_it.o
 .debug_ranges  0x0000000000000250       0x18 ./Core/Src/system_stm32f4xx.o
 .debug_ranges  0x0000000000000268       0x78 ./Core/Src/tim.o
 .debug_ranges  0x00000000000002e0       0x98 ./Core/Src/usart.o
 .debug_ranges  0x0000000000000378       0x20 ./Core/Startup/startup_stm32f446retx.o
 .debug_ranges  0x0000000000000398       0xe0 ./Drivers/STM32F4xx_HAL_Driver/Src/stm32f4xx_hal.o
 .debug_ranges  0x0000000000000478       0xd8 ./Drivers/STM32F4xx_HAL_Driver/Src/stm32f4xx_hal_adc.o
 .debug_ranges  0x0000000000000550      0x108 ./Drivers/STM32F4xx_HAL_Driver/Src/stm32f4xx_hal_cortex.o
 .debug_ranges  0x0000000000000658       0x80 ./Drivers/STM32F4xx_HAL_Driver/Src/stm32f4xx_hal_dma.o
 .debug_ranges  0x00000000000006d8       0x90 ./Drivers/STM32F4xx_HAL_Driver/Src/stm32f4xx_hal_flash.o
 .debug_ranges  0x0000000000000768       0xb8 ./Drivers/STM32F4xx_HAL_Driver/Src/stm32f4xx_hal_flash_ex.o
 .debug_ranges  0x0000000000000820       0x48 ./Drivers/STM32F4xx_HAL_Driver/Src/stm32f4xx_hal_gpio.o
 .debug_ranges  0x0000000000000868       0x50 ./Drivers/STM32F4xx_HAL_Driver/Src/stm32f4xx_hal_pwr_ex.o
 .debug_ranges  0x00000000000008b8       0x78 ./Drivers/STM32F4xx_HAL_Driver/Src/stm32f4xx_hal_rcc.o
 .debug_ranges  0x0000000000000930       0x68 ./Drivers/STM32F4xx_HAL_Driver/Src/stm32f4xx_hal_rcc_ex.o
 .debug_ranges  0x0000000000000998      0x3c0 ./Drivers/STM32F4xx_HAL_Driver/Src/stm32f4xx_hal_tim.o
 .debug_ranges  0x0000000000000d58      0x158 ./Drivers/STM32F4xx_HAL_Driver/Src/stm32f4xx_hal_tim_ex.o
 .debug_ranges  0x0000000000000eb0       0x60 ./Drivers/STM32F4xx_HAL_Driver/Src/stm32f4xx_ll_gpio.o
 .debug_ranges  0x0000000000000f10      0x1f0 ./Drivers/STM32F4xx_HAL_Driver/Src/stm32f4xx_ll_rcc.o
 .debug_ranges  0x0000000000001100       0x78 ./Drivers/STM32F4xx_HAL_Driver/Src/stm32f4xx_ll_usart.o
 .debug_ranges  0x0000000000001178       0xa8 ./ScueDK/scuedk_embedded/slave/src/serial_line.o

.debug_macro    0x0000000000000000    0x28288
 .debug_macro   0x0000000000000000      0x358 ./Core/Src/HALFlash.o
 .debug_macro   0x0000000000000358      0xaae ./Core/Src/HALFlash.o
 .debug_macro   0x0000000000000e06       0x22 ./Core/Src/HALFlash.o
 .debug_macro   0x0000000000000e28       0x4c ./Core/Src/HALFlash.o
 .debug_macro   0x0000000000000e74       0x18 ./Core/Src/HALFlash.o
 .debug_macro   0x0000000000000e8c       0x94 ./Core/Src/HALFlash.o
 .debug_macro   0x0000000000000f20       0x3c ./Core/Src/HALFlash.o
 .debug_macro   0x0000000000000f5c       0x34 ./Core/Src/HALFlash.o
 .debug_macro   0x0000000000000f90       0x16 ./Core/Src/HALFlash.o
 .debug_macro   0x0000000000000fa6       0x57 ./Core/Src/HALFlash.o
 .debug_macro   0x0000000000000ffd       0x97 ./Core/Src/HALFlash.o
 .debug_macro   0x0000000000001094      0x339 ./Core/Src/HALFlash.o
 .debug_macro   0x00000000000013cd       0xfd ./Core/Src/HALFlash.o
 .debug_macro   0x00000000000014ca       0x10 ./Core/Src/HALFlash.o
 .debug_macro   0x00000000000014da       0x16 ./Core/Src/HALFlash.o
 .debug_macro   0x00000000000014f0       0x43 ./Core/Src/HALFlash.o
 .debug_macro   0x0000000000001533       0x34 ./Core/Src/HALFlash.o
 .debug_macro   0x0000000000001567       0x10 ./Core/Src/HALFlash.o
 .debug_macro   0x0000000000001577       0x58 ./Core/Src/HALFlash.o
 .debug_macro   0x00000000000015cf       0x71 ./Core/Src/HALFlash.o
 .debug_macro   0x0000000000001640       0x1c ./Core/Src/HALFlash.o
 .debug_macro   0x000000000000165c      0x12a ./Core/Src/HALFlash.o
 .debug_macro   0x0000000000001786       0x10 ./Core/Src/HALFlash.o
 .debug_macro   0x0000000000001796       0x6a ./Core/Src/HALFlash.o
 .debug_macro   0x0000000000001800       0x1c ./Core/Src/HALFlash.o
 .debug_macro   0x000000000000181c       0x52 ./Core/Src/HALFlash.o
 .debug_macro   0x000000000000186e       0x22 ./Core/Src/HALFlash.o
 .debug_macro   0x0000000000001890       0x10 ./Core/Src/HALFlash.o
 .debug_macro   0x00000000000018a0       0x40 ./Core/Src/HALFlash.o
 .debug_macro   0x00000000000018e0       0xd5 ./Core/Src/HALFlash.o
 .debug_macro   0x00000000000019b5       0x1c ./Core/Src/HALFlash.o
 .debug_macro   0x00000000000019d1       0x3d ./Core/Src/HALFlash.o
 .debug_macro   0x0000000000001a0e       0x16 ./Core/Src/HALFlash.o
 .debug_macro   0x0000000000001a24      0x145 ./Core/Src/HALFlash.o
 .debug_macro   0x0000000000001b69      0x29b ./Core/Src/HALFlash.o
 .debug_macro   0x0000000000001e04       0x2e ./Core/Src/HALFlash.o
 .debug_macro   0x0000000000001e32       0x28 ./Core/Src/HALFlash.o
 .debug_macro   0x0000000000001e5a      0x103 ./Core/Src/HALFlash.o
 .debug_macro   0x0000000000001f5d      0x1df ./Core/Src/HALFlash.o
 .debug_macro   0x000000000000213c       0x1c ./Core/Src/HALFlash.o
 .debug_macro   0x0000000000002158       0x22 ./Core/Src/HALFlash.o
 .debug_macro   0x000000000000217a       0xd9 ./Core/Src/HALFlash.o
 .debug_macro   0x0000000000002253     0x102d ./Core/Src/HALFlash.o
 .debug_macro   0x0000000000003280      0x11f ./Core/Src/HALFlash.o
 .debug_macro   0x000000000000339f    0x16749 ./Core/Src/HALFlash.o
 .debug_macro   0x0000000000019ae8       0x6d ./Core/Src/HALFlash.o
 .debug_macro   0x0000000000019b55     0x3666 ./Core/Src/HALFlash.o
 .debug_macro   0x000000000001d1bb       0x56 ./Core/Src/HALFlash.o
 .debug_macro   0x000000000001d211      0xc90 ./Core/Src/HALFlash.o
 .debug_macro   0x000000000001dea1      0x9fe ./Core/Src/HALFlash.o
 .debug_macro   0x000000000001e89f      0x116 ./Core/Src/HALFlash.o
 .debug_macro   0x000000000001e9b5      0x1a0 ./Core/Src/HALFlash.o
 .debug_macro   0x000000000001eb55       0xa5 ./Core/Src/HALFlash.o
 .debug_macro   0x000000000001ebfa      0x16d ./Core/Src/HALFlash.o
 .debug_macro   0x000000000001ed67      0x287 ./Core/Src/HALFlash.o
 .debug_macro   0x000000000001efee       0x5f ./Core/Src/HALFlash.o
 .debug_macro   0x000000000001f04d      0x236 ./Core/Src/HALFlash.o
 .debug_macro   0x000000000001f283      0xb5b ./Core/Src/HALFlash.o
 .debug_macro   0x000000000001fdde      0x38b ./Core/Src/HALFlash.o
 .debug_macro   0x0000000000020169      0x17d ./Core/Src/HALFlash.o
 .debug_macro   0x00000000000202e6       0xf9 ./Core/Src/HALFlash.o
 .debug_macro   0x00000000000203df      0x132 ./Core/Src/HALFlash.o
 .debug_macro   0x0000000000020511      0x29c ./Core/Src/HALFlash.o
 .debug_macro   0x00000000000207ad       0x2e ./Core/Src/HALFlash.o
 .debug_macro   0x00000000000207db      0x11a ./Core/Src/HALFlash.o
 .debug_macro   0x00000000000208f5       0xe8 ./Core/Src/HALFlash.o
 .debug_macro   0x00000000000209dd       0x89 ./Core/Src/HALFlash.o
 .debug_macro   0x0000000000020a66      0x8d1 ./Core/Src/HALFlash.o
 .debug_macro   0x0000000000021337       0x4d ./Core/Src/HALFlash.o
 .debug_macro   0x0000000000021384      0x126 ./Core/Src/HALFlash.o
 .debug_macro   0x00000000000214aa       0x16 ./Core/Src/HALFlash.o
 .debug_macro   0x00000000000214c0      0x264 ./Core/Src/PID_form.o
 .debug_macro   0x0000000000021724       0x8e ./Core/Src/PID_form.o
 .debug_macro   0x00000000000217b2       0x51 ./Core/Src/PID_form.o
 .debug_macro   0x0000000000021803       0xdf ./Core/Src/PID_form.o
 .debug_macro   0x00000000000218e2      0x174 ./Core/Src/PID_form.o
 .debug_macro   0x0000000000021a56       0x5c ./Core/Src/PID_form.o
 .debug_macro   0x0000000000021ab2      0x1e6 ./Core/Src/PID_form.o
 .debug_macro   0x0000000000021c98      0x1bb ./Core/Src/PID_form.o
 .debug_macro   0x0000000000021e53      0xd69 ./Core/Src/PID_form.o
 .debug_macro   0x0000000000022bbc      0x1db ./Core/Src/PID_form.o
 .debug_macro   0x0000000000022d97      0x1a8 ./Core/Src/PID_form.o
 .debug_macro   0x0000000000022f3f      0x21c ./Core/Src/PID_form.o
 .debug_macro   0x000000000002315b       0x61 ./Core/Src/PID_form.o
 .debug_macro   0x00000000000231bc       0xd6 ./Core/Src/PID_form.o
 .debug_macro   0x0000000000023292      0x149 ./Core/Src/PID_form.o
 .debug_macro   0x00000000000233db       0xe8 ./Core/Src/PID_form.o
 .debug_macro   0x00000000000234c3       0xa0 ./Core/Src/PID_form.o
 .debug_macro   0x0000000000023563       0x34 ./Core/Src/PID_form.o
 .debug_macro   0x0000000000023597      0x25f ./Core/Src/adc.o
 .debug_macro   0x00000000000237f6      0x25f ./Core/Src/dma.o
 .debug_macro   0x0000000000023a55      0x25f ./Core/Src/gpio.o
 .debug_macro   0x0000000000023cb4      0x434 ./Core/Src/main.o
 .debug_macro   0x00000000000240e8       0x3a ./Core/Src/main.o
 .debug_macro   0x0000000000024122       0x52 ./Core/Src/main.o
 .debug_macro   0x0000000000024174       0x35 ./Core/Src/main.o
 .debug_macro   0x00000000000241a9      0x333 ./Core/Src/main.o
 .debug_macro   0x00000000000244dc       0x16 ./Core/Src/main.o
 .debug_macro   0x00000000000244f2       0x6a ./Core/Src/main.o
 .debug_macro   0x000000000002455c       0x22 ./Core/Src/main.o
 .debug_macro   0x000000000002457e      0x255 ./Core/Src/stm32f4xx_hal_msp.o
 .debug_macro   0x00000000000247d3      0x26e ./Core/Src/stm32f4xx_it.o
 .debug_macro   0x0000000000024a41      0x1ec ./Core/Src/system_stm32f4xx.o
 .debug_macro   0x0000000000024c2d      0x25f ./Core/Src/tim.o
 .debug_macro   0x0000000000024e8c      0x25f ./Core/Src/usart.o
 .debug_macro   0x00000000000250eb      0x24c ./Drivers/STM32F4xx_HAL_Driver/Src/stm32f4xx_hal.o
 .debug_macro   0x0000000000025337      0x1ed ./Drivers/STM32F4xx_HAL_Driver/Src/stm32f4xx_hal_adc.o
 .debug_macro   0x0000000000025524      0x1ec ./Drivers/STM32F4xx_HAL_Driver/Src/stm32f4xx_hal_cortex.o
 .debug_macro   0x0000000000025710      0x1f2 ./Drivers/STM32F4xx_HAL_Driver/Src/stm32f4xx_hal_dma.o
 .debug_macro   0x0000000000025902      0x1f2 ./Drivers/STM32F4xx_HAL_Driver/Src/stm32f4xx_hal_flash.o
 .debug_macro   0x0000000000025af4      0x1f2 ./Drivers/STM32F4xx_HAL_Driver/Src/stm32f4xx_hal_flash_ex.o
 .debug_macro   0x0000000000025ce6      0x1f2 ./Drivers/STM32F4xx_HAL_Driver/Src/stm32f4xx_hal_gpio.o
 .debug_macro   0x0000000000025ed8      0x204 ./Drivers/STM32F4xx_HAL_Driver/Src/stm32f4xx_hal_pwr_ex.o
 .debug_macro   0x00000000000260dc      0x210 ./Drivers/STM32F4xx_HAL_Driver/Src/stm32f4xx_hal_rcc.o
 .debug_macro   0x00000000000262ec      0x1ec ./Drivers/STM32F4xx_HAL_Driver/Src/stm32f4xx_hal_rcc_ex.o
 .debug_macro   0x00000000000264d8      0x1ed ./Drivers/STM32F4xx_HAL_Driver/Src/stm32f4xx_hal_tim.o
 .debug_macro   0x00000000000266c5      0x1ec ./Drivers/STM32F4xx_HAL_Driver/Src/stm32f4xx_hal_tim_ex.o
 .debug_macro   0x00000000000268b1      0x22e ./Drivers/STM32F4xx_HAL_Driver/Src/stm32f4xx_ll_gpio.o
 .debug_macro   0x0000000000026adf      0x143 ./Drivers/STM32F4xx_HAL_Driver/Src/stm32f4xx_ll_gpio.o
 .debug_macro   0x0000000000026c22      0x22b ./Drivers/STM32F4xx_HAL_Driver/Src/stm32f4xx_ll_rcc.o
 .debug_macro   0x0000000000026e4d      0xd63 ./Drivers/STM32F4xx_HAL_Driver/Src/stm32f4xx_ll_rcc.o
 .debug_macro   0x0000000000027bb0      0x25b ./Drivers/STM32F4xx_HAL_Driver/Src/stm32f4xx_ll_usart.o
 .debug_macro   0x0000000000027e0b      0x1b5 ./Drivers/STM32F4xx_HAL_Driver/Src/stm32f4xx_ll_usart.o
 .debug_macro   0x0000000000027fc0      0x264 ./ScueDK/scuedk_embedded/slave/src/serial_line.o
 .debug_macro   0x0000000000028224       0x64 ./ScueDK/scuedk_embedded/slave/src/serial_line.o

.debug_line     0x0000000000000000    0x17903
 .debug_line    0x0000000000000000      0x921 ./Core/Src/HALFlash.o
 .debug_line    0x0000000000000921      0xb65 ./Core/Src/PID_form.o
 .debug_line    0x0000000000001486      0x933 ./Core/Src/adc.o
 .debug_line    0x0000000000001db9      0x8d9 ./Core/Src/dma.o
 .debug_line    0x0000000000002692      0x80f ./Core/Src/gpio.o
 .debug_line    0x0000000000002ea1     0x14a0 ./Core/Src/main.o
 .debug_line    0x0000000000004341      0x7de ./Core/Src/stm32f4xx_hal_msp.o
 .debug_line    0x0000000000004b1f      0xa9c ./Core/Src/stm32f4xx_it.o
 .debug_line    0x00000000000055bb      0x777 ./Core/Src/system_stm32f4xx.o
 .debug_line    0x0000000000005d32      0xbe6 ./Core/Src/tim.o
 .debug_line    0x0000000000006918      0xa7a ./Core/Src/usart.o
 .debug_line    0x0000000000007392       0x88 ./Core/Startup/startup_stm32f446retx.o
 .debug_line    0x000000000000741a      0x9dd ./Drivers/STM32F4xx_HAL_Driver/Src/stm32f4xx_hal.o
 .debug_line    0x0000000000007df7     0x126d ./Drivers/STM32F4xx_HAL_Driver/Src/stm32f4xx_hal_adc.o
 .debug_line    0x0000000000009064      0xc8c ./Drivers/STM32F4xx_HAL_Driver/Src/stm32f4xx_hal_cortex.o
 .debug_line    0x0000000000009cf0      0xf42 ./Drivers/STM32F4xx_HAL_Driver/Src/stm32f4xx_hal_dma.o
 .debug_line    0x000000000000ac32      0xa6f ./Drivers/STM32F4xx_HAL_Driver/Src/stm32f4xx_hal_flash.o
 .debug_line    0x000000000000b6a1      0xb81 ./Drivers/STM32F4xx_HAL_Driver/Src/stm32f4xx_hal_flash_ex.o
 .debug_line    0x000000000000c222      0xb3f ./Drivers/STM32F4xx_HAL_Driver/Src/stm32f4xx_hal_gpio.o
 .debug_line    0x000000000000cd61      0x90c ./Drivers/STM32F4xx_HAL_Driver/Src/stm32f4xx_hal_pwr_ex.o
 .debug_line    0x000000000000d66d      0xd65 ./Drivers/STM32F4xx_HAL_Driver/Src/stm32f4xx_hal_rcc.o
 .debug_line    0x000000000000e3d2     0x13eb ./Drivers/STM32F4xx_HAL_Driver/Src/stm32f4xx_hal_rcc_ex.o
 .debug_line    0x000000000000f7bd     0x36d1 ./Drivers/STM32F4xx_HAL_Driver/Src/stm32f4xx_hal_tim.o
 .debug_line    0x0000000000012e8e     0x19da ./Drivers/STM32F4xx_HAL_Driver/Src/stm32f4xx_hal_tim_ex.o
 .debug_line    0x0000000000014868      0x9bf ./Drivers/STM32F4xx_HAL_Driver/Src/stm32f4xx_ll_gpio.o
 .debug_line    0x0000000000015227     0x1104 ./Drivers/STM32F4xx_HAL_Driver/Src/stm32f4xx_ll_rcc.o
 .debug_line    0x000000000001632b      0x954 ./Drivers/STM32F4xx_HAL_Driver/Src/stm32f4xx_ll_usart.o
 .debug_line    0x0000000000016c7f      0xc84 ./ScueDK/scuedk_embedded/slave/src/serial_line.o

.debug_str      0x0000000000000000    0xed911
 .debug_str     0x0000000000000000    0xd729f ./Core/Src/HALFlash.o
                                      0xd7990 (size before relaxing)
 .debug_str     0x00000000000d729f    0x101fa ./Core/Src/PID_form.o
                                      0xe39bf (size before relaxing)
 .debug_str     0x00000000000e7499      0x573 ./Core/Src/adc.o
                                      0xe3d5f (size before relaxing)
 .debug_str     0x00000000000e7a0c      0x63b ./Core/Src/dma.o
                                      0xe3f02 (size before relaxing)
 .debug_str     0x00000000000e8047       0x48 ./Core/Src/gpio.o
                                      0xe3903 (size before relaxing)
 .debug_str     0x00000000000e808f      0xab5 ./Core/Src/main.o
                                      0xe8b05 (size before relaxing)
 .debug_str     0x00000000000e8b44       0x2c ./Core/Src/stm32f4xx_hal_msp.o
                                      0xe3866 (size before relaxing)
 .debug_str     0x00000000000e8b70      0x1ca ./Core/Src/stm32f4xx_it.o
                                      0xe403b (size before relaxing)
 .debug_str     0x00000000000e8d3a       0x5b ./Core/Src/system_stm32f4xx.o
                                      0xd3956 (size before relaxing)
 .debug_str     0x00000000000e8d95      0x26f ./Core/Src/tim.o
                                      0xe45de (size before relaxing)
 .debug_str     0x00000000000e9004      0x1c6 ./Core/Src/usart.o
                                      0xe41b8 (size before relaxing)
 .debug_str     0x00000000000e91ca       0x36 ./Core/Startup/startup_stm32f446retx.o
                                         0x84 (size before relaxing)
 .debug_str     0x00000000000e9200      0x565 ./Drivers/STM32F4xx_HAL_Driver/Src/stm32f4xx_hal.o
                                      0xd4479 (size before relaxing)
 .debug_str     0x00000000000e9765      0x28c ./Drivers/STM32F4xx_HAL_Driver/Src/stm32f4xx_hal_adc.o
                                      0xd3edd (size before relaxing)
 .debug_str     0x00000000000e99f1      0x2f7 ./Drivers/STM32F4xx_HAL_Driver/Src/stm32f4xx_hal_cortex.o
                                      0xd4243 (size before relaxing)
 .debug_str     0x00000000000e9ce8      0x30d ./Drivers/STM32F4xx_HAL_Driver/Src/stm32f4xx_hal_dma.o
                                      0xd3d5b (size before relaxing)
 .debug_str     0x00000000000e9ff5      0x2a9 ./Drivers/STM32F4xx_HAL_Driver/Src/stm32f4xx_hal_flash.o
                                      0xd3b1c (size before relaxing)
 .debug_str     0x00000000000ea29e      0x2e5 ./Drivers/STM32F4xx_HAL_Driver/Src/stm32f4xx_hal_flash_ex.o
                                      0xd3c55 (size before relaxing)
 .debug_str     0x00000000000ea583      0x15a ./Drivers/STM32F4xx_HAL_Driver/Src/stm32f4xx_hal_gpio.o
                                      0xd3afd (size before relaxing)
 .debug_str     0x00000000000ea6dd      0x135 ./Drivers/STM32F4xx_HAL_Driver/Src/stm32f4xx_hal_pwr_ex.o
                                      0xd3b4e (size before relaxing)
 .debug_str     0x00000000000ea812      0x24e ./Drivers/STM32F4xx_HAL_Driver/Src/stm32f4xx_hal_rcc.o
                                      0xd3d5d (size before relaxing)