stm32f4xx_ll_usart.h:1771:26:LL_USART_IsActiveFlag_ORE	16	static
stm32f4xx_ll_usart.h:1782:26:LL_USART_IsActiveFlag_IDLE	16	static
stm32f4xx_ll_usart.h:1935:22:LL_USART_ClearFlag_ORE	24	static
stm32f4xx_ll_usart.h:1954:22:LL_USART_ClearFlag_IDLE	24	static
stm32f4xx_ll_dma.h:495:22:LL_DMA_EnableStream	16	static
stm32f4xx_ll_dma.h:515:22:LL_DMA_DisableStream	16	static
stm32f4xx_ll_dma.h:969:22:LL_DMA_SetDataLength	24	static
stm32f4xx_ll_dma.h:991:26:LL_DMA_GetDataLength	16	static
stm32f4xx_it.c:73:6:NMI_Handler	4	static
stm32f4xx_it.c:88:6:HardFault_Handler	4	static
stm32f4xx_it.c:103:6:MemManage_Handler	4	static
stm32f4xx_it.c:118:6:BusFault_Handler	4	static
stm32f4xx_it.c:133:6:UsageFault_Handler	4	static
stm32f4xx_it.c:148:6:SVC_Handler	4	static
stm32f4xx_it.c:161:6:DebugMon_Handler	4	static
stm32f4xx_it.c:174:6:PendSV_Handler	4	static
stm32f4xx_it.c:187:6:SysTick_Handler	8	static
stm32f4xx_it.c:208:6:DMA1_Stream1_IRQHandler	4	static
stm32f4xx_it.c:222:6:USART3_IRQHandler	16	static
